******************************************************************************
             TMS320C2000 Linker PC v22.6.1                     
******************************************************************************
>> Linked Mon Jul 13 17:24:41 2026

OUTPUT FILE NAME:   <Iris_Node_Env.out>
ENTRY POINT SYMBOL: "_c_int00"  address: 000944d5


MEMORY CONFIGURATION

         name            origin    length      used     unused   attr    fill
----------------------  --------  ---------  --------  --------  ----  --------
PAGE 0:
  BOOT_RSVD             00000002   00000126  00000000  00000126  RWIX
  RAMM0                 00000128   000002d8  00000000  000002d8  RWIX
  RAMM1                 00000400   000003f8  00000200  000001f8  RWIX
  CLA1_MSGRAMLOW        00001480   00000080  00000000  00000080  RWIX
  CLA1_MSGRAMHIGH       00001500   00000080  00000000  00000080  RWIX
  RAMLS0                00008000   00000800  000000a5  0000075b  RWIX
  RAMLS1                00008800   00000800  00000000  00000800  RWIX
  RAMLS2                00009000   00000800  00000000  00000800  RWIX
  RAMLS3                00009800   00000800  00000000  00000800  RWIX
  RAMLS4                0000a000   00000800  00000000  00000800  RWIX
  RAMLS5                0000a800   00000800  00000800  00000000  RWIX
  RAMLS6                0000b000   00000800  000007f7  00000009  RWIX
  RAMLS7                0000b800   00000800  0000013f  000006c1  RWIX
  RAMGS0                0000c000   00001000  00000000  00001000  RWIX
  RAMGS1                0000d000   00001000  00000000  00001000  RWIX
  RAMGS2                0000e000   00001000  00000000  00001000  RWIX
  RAMGS3                0000f000   00000ff8  00000000  00000ff8  RWIX
  BEGIN                 00080000   00000002  00000002  00000000  RWIX
  FLASH_BANK0_SEC0      00080002   00000ffe  00000000  00000ffe  RWIX
  FLASH_BANK0_SEC1      00081000   00001000  00000135  00000ecb  RWIX
  FLASH_BANK0_SEC2      00082000   00001000  00000000  00001000  RWIX
  FLASH_BANK0_SEC3      00083000   00001000  00000000  00001000  RWIX
  FLASH_BANK0_SEC4      00084000   00001000  00001000  00000000  RWIX
  FLASH_BANK0_SEC5      00085000   00001000  00000432  00000bce  RWIX
  FLASH_BANK0_SEC6      00086000   00001000  00000000  00001000  RWIX
  FLASH_BANK0_SEC7      00087000   00001000  00001000  00000000  RWIX
  FLASH_BANK0_SEC8      00088000   00001000  00001000  00000000  RWIX
  FLASH_BANK0_SEC9      00089000   00001000  00000000  00001000  RWIX
  FLASH_BANK0_SEC10     0008a000   00001000  00000000  00001000  RWIX
  FLASH_BANK0_SEC11     0008b000   00001000  00000000  00001000  RWIX
  FLASH_BANK0_SEC12     0008c000   00001000  00000000  00001000  RWIX
  FLASH_BANK0_SEC13     0008d000   00001000  00000000  00001000  RWIX
  FLASH_BANK0_SEC14     0008e000   00001000  00000000  00001000  RWIX
  FLASH_BANK0_SEC15     0008f000   00001000  00000000  00001000  RWIX
  FLASH_BANK1           00090000   0000fff0  00004e3b  0000b1b5  RWIX
  FLASH_BANK2           000a0000   0000fff0  00000000  0000fff0  RWIX
  SECURE_ROM            003f2000   00006000  00000000  00006000  RWIX
  BOOTROM               003f8000   00007fc0  00000000  00007fc0  RWIX
  RESET                 003fffc0   00000002  00000000  00000002  RWIX

PAGE 1:
  ADCARESULT            00000b00   00000018  00000000  00000018  RWIX
  ADCBRESULT            00000b20   00000018  00000000  00000018  RWIX
  ADCCRESULT            00000b40   00000018  00000000  00000018  RWIX
  CPUTIMER0             00000c00   00000008  00000000  00000008  RWIX
  CPUTIMER1             00000c08   00000008  00000000  00000008  RWIX
  CPUTIMER2             00000c10   00000008  00000000  00000008  RWIX
  PIECTRL               00000ce0   0000001a  00000000  0000001a  RWIX
  PIEVECTTABLE          00000d00   00000200  00000000  00000200  RWIX
  DMA                   00001000   00000200  00000000  00000200  RWIX
  CLA1                  00001400   00000080  00000000  00000080  RWIX
  CLB1LOGICCFG          00003000   00000052  00000000  00000052  RWIX
  CLB1LOGICCTRL         00003100   00000040  00000000  00000040  RWIX
  CLB1DATAEXCH          00003180   00000080  00000000  00000080  RWIX
  CLB2LOGICCFG          00003400   00000052  00000000  00000052  RWIX
  CLB2LOGICCTRL         00003500   00000040  00000000  00000040  RWIX
  CLB2DATAEXCH          00003580   00000080  00000000  00000080  RWIX
  CLB3LOGICCFG          00003800   00000052  00000000  00000052  RWIX
  CLB3LOGICCTRL         00003900   00000040  00000000  00000040  RWIX
  CLB3DATAEXCH          00003980   00000080  00000000  00000080  RWIX
  CLB4LOGICCFG          00003c00   00000052  00000000  00000052  RWIX
  CLB4LOGICCTRL         00003d00   00000040  00000000  00000040  RWIX
  CLB4DATAEXCH          00003d80   00000080  00000000  00000080  RWIX
  EPWM1                 00004000   00000100  00000000  00000100  RWIX
  EPWM2                 00004100   00000100  00000000  00000100  RWIX
  EPWM3                 00004200   00000100  00000000  00000100  RWIX
  EPWM4                 00004300   00000100  00000000  00000100  RWIX
  EPWM5                 00004400   00000100  00000000  00000100  RWIX
  EPWM6                 00004500   00000100  00000000  00000100  RWIX
  EPWM7                 00004600   00000100  00000000  00000100  RWIX
  EPWM8                 00004700   00000100  00000000  00000100  RWIX
  EQEP1                 00005100   00000040  00000000  00000040  RWIX
  EQEP2                 00005140   00000040  00000000  00000040  RWIX
  ECAP1                 00005200   00000020  00000000  00000020  RWIX
  ECAP2                 00005240   00000020  00000000  00000020  RWIX
  ECAP3                 00005280   00000020  00000000  00000020  RWIX
  HRCAP3                000052a0   00000020  00000000  00000020  RWIX
  DACA                  00005c00   00000008  00000000  00000008  RWIX
  DACB                  00005c10   00000008  00000000  00000008  RWIX
  CMPSS1                00005c80   00000020  00000000  00000020  RWIX
  CMPSS2                00005ca0   00000020  00000000  00000020  RWIX
  CMPSS3                00005cc0   00000020  00000000  00000020  RWIX
  CMPSS4                00005ce0   00000020  00000000  00000020  RWIX
  SDFM1                 00005e00   00000080  00000000  00000080  RWIX
  SDFM2                 00005e80   00000080  00000000  00000080  RWIX
  SPIA                  00006100   00000010  00000000  00000010  RWIX
  SPIB                  00006110   00000010  00000000  00000010  RWIX
  BGCRCCPU              00006340   00000040  00000000  00000040  RWIX
  BGCRCCLA1             00006380   00000040  00000000  00000040  RWIX
  PMBUSA                00006400   00000020  00000000  00000020  RWIX
  HIC                   00006500   00000080  00000000  00000080  RWIX
  FSITXA                00006600   00000050  00000000  00000050  RWIX
  FSIRXA                00006680   00000050  00000000  00000050  RWIX
  LINA                  00006a00   000000ec  00000000  000000ec  RWIX
  LINB                  00006b00   000000ec  00000000  000000ec  RWIX
  WD                    00007000   0000002c  00000000  0000002c  RWIX
  NMIINTRUPT            00007060   00000010  00000000  00000010  RWIX
  XINT                  00007070   0000000c  00000000  0000000c  RWIX
  SCIA                  00007200   00000010  00000000  00000010  RWIX
  SCIB                  00007210   00000010  00000000  00000010  RWIX
  I2CA                  00007300   00000022  00000000  00000022  RWIX
  I2CB                  00007340   00000022  00000000  00000022  RWIX
  ADCA                  00007400   00000080  00000000  00000080  RWIX
  ADCB                  00007480   00000080  00000000  00000080  RWIX
  ADCC                  00007500   00000080  00000000  00000080  RWIX
  INPUTXBAR             00007900   00000020  00000000  00000020  RWIX
  XBAR                  00007920   00000020  00000000  00000020  RWIX
  SYNCSOC               00007940   00000006  00000000  00000006  RWIX
  CLBINPUTXBAR          00007960   00000020  00000000  00000020  RWIX
  DMACLASRCSEL          00007980   0000001a  00000000  0000001a  RWIX
  EPWMXBAR              00007a00   00000040  00000000  00000040  RWIX
  CLBXBAR               00007a40   00000040  00000000  00000040  RWIX
  OUTPUTXBAR            00007a80   00000040  00000000  00000040  RWIX
  CLBOUTPUTXBAR         00007bc0   00000040  00000000  00000040  RWIX
  GPIOCTRL              00007c00   00000200  00000000  00000200  RWIX
  GPIODATA              00007f00   00000040  00000000  00000040  RWIX
  GPIODATAREAD          00007f80   00000010  00000000  00000010  RWIX
  LFU                   00007fe0   00000020  00000000  00000020  RWIX
  CANA                  00048000   00000200  00000000  00000200  RWIX
  MCANASS               0005c400   0000002c  00000000  0000002c  RWIX
  MCANA                 0005c600   00000100  00000000  00000100  RWIX
  MCANAERROR            0005c800   00000210  00000000  00000210  RWIX
  DEVCFG                0005d000   000001b0  00000000  000001b0  RWIX
  CLKCFG                0005d200   00000100  00000000  00000100  RWIX
  CPUSYS                0005d300   000000a0  00000000  000000a0  RWIX
  SYSSTATUS             0005d400   00000040  00000000  00000040  RWIX
  PERIPHAC              0005d500   00000200  00000000  00000200  RWIX
  ANALOGSUBSYS          0005d700   00000122  00000000  00000122  RWIX
  DCC0                  0005e700   00000038  00000000  00000038  RWIX
  DCC1                  0005e740   00000038  00000000  00000038  RWIX
  ERADGLOBAL            0005e800   00000014  00000000  00000014  RWIX
  ERADHWBP1             0005e900   00000008  00000000  00000008  RWIX
  ERADHWBP2             0005e908   00000008  00000000  00000008  RWIX
  ERADHWBP3             0005e910   00000008  00000000  00000008  RWIX
  ERADHWBP4             0005e918   00000008  00000000  00000008  RWIX
  ERADHWBP5             0005e920   00000008  00000000  00000008  RWIX
  ERADHWBP6             0005e928   00000008  00000000  00000008  RWIX
  ERADHWBP7             0005e930   00000008  00000000  00000008  RWIX
  ERADHWBP8             0005e938   00000008  00000000  00000008  RWIX
  ERADCOUNTER1          0005e980   00000010  00000000  00000010  RWIX
  ERADCOUNTER2          0005e990   00000010  00000000  00000010  RWIX
  ERADCOUNTER3          0005e9a0   00000010  00000000  00000010  RWIX
  ERADCOUNTER4          0005e9b0   00000010  00000000  00000010  RWIX
  ERADCRCGLOBAL         0005ea00   00000010  00000000  00000010  RWIX
  ERADCRC1              0005ea10   00000010  00000000  00000010  RWIX
  ERADCRC2              0005ea20   00000010  00000000  00000010  RWIX
  ERADCRC3              0005ea30   00000010  00000000  00000010  RWIX
  ERADCRC4              0005ea40   00000010  00000000  00000010  RWIX
  ERADCRC5              0005ea50   00000010  00000000  00000010  RWIX
  ERADCRC6              0005ea60   00000010  00000000  00000010  RWIX
  ERADCRC7              0005ea70   00000010  00000000  00000010  RWIX
  ERADCRC8              0005ea80   00000010  00000000  00000010  RWIX
  EPG1                  0005ec00   00000050  00000000  00000050  RWIX
  EPG1MUX               0005ecd0   00000010  00000000  00000010  RWIX
  DCSMZ1                0005f000   0000003e  00000000  0000003e  RWIX
  DCSMZ2                0005f080   0000003e  00000000  0000003e  RWIX
  DCSMCOMMON            0005f0c0   00000020  00000000  00000020  RWIX
  MEMCFG                0005f400   000000c0  00000000  000000c0  RWIX
  ACCESSPROTECTION      0005f500   00000040  00000000  00000040  RWIX
  MEMORYERROR           0005f540   00000040  00000000  00000040  RWIX
  TESTERROR             0005f590   00000010  00000000  00000010  RWIX
  FLASH0CTRL            0005f800   00000182  00000000  00000182  RWIX
  FLASH0ECC             0005fb00   00000028  00000000  00000028  RWIX
  UID                   00070200   00000010  00000000  00000010  RWIX
  DCSMZ1OTP             00078000   00000020  00000000  00000020  RWIX
  DCSMZ2OTP             00078200   00000020  00000000  00000020  RWIX


SECTION ALLOCATION MAP

 output                                  attributes/
section   page    origin      length       input sections
--------  ----  ----------  ----------   ----------------
codestart 
*          0    00080000    00000002     
                  00080000    00000002     f28003x_codestartbranch.obj (codestart)

.cinit     0    000810a8    00000090     
                  000810a8    0000005b     (.cinit..data.2.load) [load image, compression = lzss]
                  00081103    00000016     (.cinit..data.1.load) [load image, compression = lzss]
                  00081119    00000001     --HOLE-- [fill = 0]
                  0008111a    00000006     (__TI_handler_table)
                  00081120    00000004     (.cinit..bss.1.load) [load image, compression = zero_init]
                  00081124    00000004     (.cinit..bss.2.load) [load image, compression = zero_init]
                  00081128    00000010     (__TI_cinit_table)

.reset     0    003fffc0    00000000     DSECT

.stack     0    00000400    00000200     UNINITIALIZED
                  00000400    00000200     --HOLE--

.init_array 
*          0    00083000    00000000     UNINITIALIZED

.sysmem    0    0000a800    00000400     UNINITIALIZED
                  0000a800    00000004     rts2800_fpu32_eabi.lib : memory.c.obj (.sysmem)
                  0000a804    000003fc     --HOLE--

Cla1Prog   0    00008000    00000000     UNINITIALIZED

.const_cla 
*          0    00008800    00000000     UNINITIALIZED

.TI.ramfunc 
*          0    00081000    000000a5     RUN ADDR = 00008000
                  00081000    000000a1     flash.obj (.TI.ramfunc:Flash_initModule)
                  000810a1    00000004     sysctl.obj (.TI.ramfunc)

.bss.1     0    0000ac00    00000400     UNINITIALIZED
                  0000ac00    00000400     user_main.obj (.bss:ram_range)

.bss.2     0    0000b000    000007bc     UNINITIALIZED
                  0000b000    00000442     user_main.obj (.bss)
                  0000b442    00000120     rts2800_fpu32_eabi.lib : trgmsg.c.obj (.bss:_CIOBUF_)
                  0000b562    000000a0                            : defs.c.obj (.bss:__TI_tmpnams)
                  0000b602    00000081     oled_driver.obj (.bss:blank_page$5)
                  0000b683    00000080     sysconfig_adapter.obj (.bss:str$1)
                  0000b703    00000001     --HOLE--
                  0000b704    00000024     iris_peripheral.obj (.bss)
                  0000b728    00000009     oled_driver.obj (.bss:tx_payload$6)
                  0000b731    00000008     rts2800_fpu32_eabi.lib : hostopen.c.obj (.bss:parmbuf)
                  0000b739    00000001     --HOLE--
                  0000b73a    00000006     sysconfig_adapter.obj (.bss)
                  0000b740    00000072     ctl_main.obj (.bss)
                  0000b7b2    00000004     oled_driver.obj (.bss:page_cmd$4)
                  0000b7b6    00000004     oled_driver.obj (.bss:pos_cmds$1)
                  0000b7ba    00000002     rts2800_fpu32_eabi.lib : memory.c.obj (.bss)

.data.1    0    0000b7bc    0000003b     UNINITIALIZED
                  0000b7bc    00000028     rts2800_fpu32_eabi.lib : host_device.c.obj (.data:_stream)
                  0000b7e4    00000006                            : exit.c.obj (.data)
                  0000b7ea    00000002                            : _lock.c.obj (.data:_lock)
                  0000b7ec    00000002                            : _lock.c.obj (.data:_unlock)
                  0000b7ee    00000002     sysconfig_adapter.obj (.data)
                  0000b7f0    00000002     user_main.obj (.data)
                  0000b7f2    00000001     rts2800_fpu32_eabi.lib : defs.c.obj (.data)
                  0000b7f3    00000001                            : errno.c.obj (.data)
                  0000b7f4    00000001                            : fopen.c.obj (.data)
                  0000b7f5    00000001                            : memory.c.obj (.data)
                  0000b7f6    00000001                            : open.c.obj (.data)

.data.2    0    0000b800    0000013f     UNINITIALIZED
                  0000b800    00000078     rts2800_fpu32_eabi.lib : defs.c.obj (.data:_ftable)
                  0000b878    00000062     user_main.obj (.data:tasks)
                  0000b8da    00000048     rts2800_fpu32_eabi.lib : host_device.c.obj (.data:_device)
                  0000b922    0000001d     iris_peripheral.obj (.data)

.const.1   0    00084000    00001000     
                  00084000    000008e7     gmp_std_port.obj (.const:.string)
                  000848e7    00000001     --HOLE-- [fill = 0]
                  000848e8    000002d8     iris_peripheral.obj (.const:.string)
                  00084bc0    00000228     oled_driver.obj (.const:F6x8)
                  00084de8    00000017     iris_peripheral.obj (.const:.string:led_lut)
                  00084dff    00000001     --HOLE-- [fill = 0]
                  00084e00    000001c0     f28003x_pievect.obj (.const)
                  00084fc0    00000026     rts2800_fpu32_eabi.lib : _printfi.c.obj (.const:.string)
                  00084fe6    0000000f     xplt.peripheral.obj (.const:.string)
                  00084ff5    00000001     --HOLE-- [fill = 0]
                  00084ff6    00000008     rts2800_fpu32_eabi.lib : s_frexp.c.obj (.const)
                  00084ffe    00000002                            : fputs.c.obj (.const:.string)

.const.2   0    00085000    000003fe     
                  00085000    00000164     gmp_process_mgr.obj (.const:.string)
                  00085164    00000101     rts2800_fpu32_eabi.lib : ctype.c.obj (.const:.string:_ctypes_)
                  00085265    00000100     crc16.obj (.const:crc16_ccitt_table)
                  00085365    00000001     --HOLE-- [fill = 0]
                  00085366    00000076     user_main.obj (.const:.string)
                  000853dc    0000001c     rts2800_fpu32_eabi.lib : _printfi.c.obj (.const)
                  000853f8    00000006     board.obj (.const)

.const.3   0    00085400    00000034     
                  00085400    0000001c     rts2800_fpu32_eabi.lib : s_scalbn.c.obj (.const)
                  0008541c    0000000c     user_main.obj (.const:dict_m1)
                  00085428    00000006     user_main.obj (.const:mem_regions)
                  0008542e    00000006     user_main.obj (.const)

.text.1    0    00087000    00001000     
                  00087000    00000b75     board.obj (.text:EPWM_init)
                  00087b75    00000349     board.obj (.text:PinMux_init)
                  00087ebe    0000013b     sysctl.obj (.text:SysCtl_setClock)
                  00087ff9    00000007     board.obj (.text:ADC_init)

.text.2    0    00088000    00001000     
                  00088000    000006c2     rts2800_fpu32_eabi.lib : _printfi.c.obj (.text)
                  000886c2    00000614                            : _printfi.c.obj (.text:__TI_printfi)
                  00088cd6    000002ba     xplt.peripheral.obj (.text:MainISR)
                  00088f90    0000006a     ht16k33.obj (.text:ht16k33_init)
                  00088ffa    00000006     cputimer.obj (.text:CPUTimer_setEmulationMode)

.text.3    0    00090000    00004e3b     
                  00090000    000005f8     board.obj (.text:SYSCTL_init)
                  000905f8    00000298     rts2800_fpu32_eabi.lib : memory.c.obj (.text)
                  00090890    00000284     device.obj (.text:Device_enableAllPeripherals)
                  00090b14    000001e9     ctl_main.obj (.text:ctl_init_psu)
                  00090cfd    000001c7     gmp_mem_presp.obj (.text:gmp_mem_persp_rx_cb)
                  00090ec4    000001c2     iris_peripheral.obj (.text:tsk_psu_display)
                  00091086    000001aa     gmp_datalink.obj (.text:gmp_dev_dl_loop_cb)
                  00091230    0000015c     board.obj (.text:IRIS_ADCB_init)
                  0009138c    00000137     board.obj (.text:IRIS_ADCA_init)
                  000914c3    00000131     gmp_tunable.obj (.text:gmp_param_tunable_rx_cb)
                  000915f4    00000121     rts2800_fpu32_eabi.lib : fopen.c.obj (.text)
                  00091715    0000011f     board.obj (.text:IRIS_ADCC_init)
                  00091834    0000011c     iris_peripheral.obj (.text:psu_ui_update_normal_led)
                  00091950    00000118     sysctl.obj (.text:SysCtl_isPLLValid)
                  00091a68    00000107     rts2800_fpu32_eabi.lib : ll_div28.asm.obj (.text)
                  00091b6f    000000f5     gmp_pil_core.obj (.text:sim_deserialize_inputs)
                  00091c64    000000e3     board.obj (.text:IRIS_CAN_init)
                  00091d47    000000e3     gmp_pil_core.obj (.text:gmp_pil_sim_rx_cb)
                  00091e2a    000000cd     peripheral_driver.obj (.text:gmp_hal_iic_read_mem)
                  00091ef7    000000bb     peripheral_driver.obj (.text:gmp_hal_iic_write_mem)
                  00091fb2    000000b5     can.obj (.text:CAN_setupMessageObject)
                  00092067    000000af     iris_peripheral.obj (.text:tsk_key_flush)
                  00092116    000000ad     gmp_std_port.obj (.text:gmp_base_show_label)
                  000921c3    000000a9     rts2800_fpu32_eabi.lib : s_scalbn.c.obj (.text)
                  0009226c    000000a8                            : fputs.c.obj (.text)
                  00092314    0000009c                            : fd_add28.asm.obj (.text)
                  000923b0    00000095                            : trgmsg.c.obj (.text)
                  00092445    00000091     gmp_datalink.obj (.text:gmp_dev_dl_tx_warp)
                  000924d6    0000008d     oled_driver.obj (.text:oled_init)
                  00092563    0000008b     rts2800_fpu32_eabi.lib : fd_div28.asm.obj (.text)
                  000925ee    00000083                            : fd_mpy28.asm.obj (.text)
                  00092671    00000082     board.obj (.text:IRIS_EQEP1_init)
                  000926f3    00000082     board.obj (.text:IRIS_EQEP2_init)
                  00092775    00000082     board.obj (.text:IRIS_UART_USB_init)
                  000927f7    0000007e     iris_peripheral.obj (.text:psu_ui_update_keypad_led)
                  00092875    0000007d     ht16k33.obj (.text:ht16k33_read_keys)
                  000928f2    0000007c     rts2800_fpu32_eabi.lib : setvbuf.c.obj (.text)
                  0009296e    0000007b     board.obj (.text:IRIS_UART_RS232_init)
                  000929e9    0000007b     peripheral_driver.obj (.text:gmp_hal_iic_write_reg)
                  00092a64    00000074     interrupt.obj (.text:Interrupt_clearIFR)
                  00092ad8    00000073     rts2800_fpu32_eabi.lib : fflush.c.obj (.text)
                  00092b4b    00000072     peripheral_driver.obj (.text:gmp_hal_uart_write)
                  00092bbd    00000071     rts2800_fpu32_eabi.lib : open.c.obj (.text)
                  00092c2e    00000066     peripheral_driver.obj (.text:gmp_hal_iic_write_cmd)
                  00092c94    00000065     rts2800_fpu32_eabi.lib : _io_perm.c.obj (.text)
                  00092cf9    00000061     xplt.peripheral.obj (.text:INT_IRIS_CAN_0_ISR)
                  00092d5a    00000061     rts2800_fpu32_eabi.lib : hostlseek.c.obj (.text)
                  00092dbb    0000005f     xplt.peripheral.obj (.text:setup_peripheral)
                  00092e1a    0000005e     gmp_pil_core.obj (.text:sim_serialize_outputs)
                  00092e78    0000005d     rts2800_fpu32_eabi.lib : fclose.c.obj (.text)
                  00092ed5    0000005c     device.obj (.text:Device_init)
                  00092f31    0000005c     board.obj (.text:IRIS_IIC_init)
                  00092f8d    0000005b     user_main.obj (.text:tsk_startup)
                  00092fe8    0000005a     rts2800_fpu32_eabi.lib : s_frexp.c.obj (.text)
                  00093042    0000005a     iris_peripheral.obj (.text:tsk_psu_encoder)
                  0009309c    00000059     gmp_process_mgr.obj (.text:gmp_scheduler_dispatch)
                  000930f5    00000051     rts2800_fpu32_eabi.lib : getdevice.c.obj (.text)
                  00093146    0000004e     gmp_datalink.obj (.text:gmp_dev_dl_tx_append_u32)
                  00093194    0000004c     interrupt.obj (.text:Interrupt_disable)
                  000931e0    0000004c     oled_driver.obj (.text:oled_clear)
                  0009322c    0000004c     iris_peripheral.obj (.text:psu_keypad_parse_voltage)
                  00093278    0000004b     iris_peripheral.obj (.text:psu_ui_handle_output_key)
                  000932c3    00000048     board.obj (.text:IRIS_SPI_OUT_init)
                  0009330b    00000047     iris_peripheral.obj (.text:psu_ui_adjust_selected_setting)
                  00093352    00000045     can.obj (.text:CAN_readMessage)
                  00093397    00000045     sysctl.obj (.text:SysCtl_selectXTAL)
                  000933dc    00000045     iris_peripheral.obj (.text:psu_keypad_commit)
                  00093421    00000045     iris_peripheral.obj (.text:psu_keypad_get_digit)
                  00093466    00000044     gpio.obj (.text:GPIO_setAnalogMode)
                  000934aa    00000044     xplt.peripheral.obj (.text:INT_IRIS_UART_USB_RX_ISR)
                  000934ee    00000044     sysctl.obj (.text:SysCtl_pollX1Counter)
                  00093532    00000043     board.obj (.text:IRIS_SPI_FPGA_BRIDGE_init)
                  00093575    00000043     xplt.peripheral.obj (.text:initI2C)
                  000935b8    00000040     oled_driver.obj (.text:oled_show_char)
                  000935f8    00000040     user_main.obj (.text:tsk_dl_debug_device)
                  00093638    0000003f     gpio.obj (.text:GPIO_setPadConfig)
                  00093677    0000003e     i2c.obj (.text:I2C_initController)
                  000936b5    0000003e     interrupt.obj (.text:Interrupt_initModule)
                  000936f3    0000003e     rts2800_fpu32_eabi.lib : hostrename.c.obj (.text)
                  00093731    0000003d     board.obj (.text:INTERRUPT_init)
                  0009376e    0000003d     rts2800_fpu32_eabi.lib : fseek.c.obj (.text)
                  000937ab    0000003c     user_main.obj (.text:init)
                  000937e7    0000003a     gmp_datalink.obj (.text:gmp_dev_dl_default_rx_handler)
                  00093821    0000003a     rts2800_fpu32_eabi.lib : hostopen.c.obj (.text)
                  0009385b    00000039     iris_peripheral.obj (.text:psu_ui_handle_mode_key)
                  00093894    00000039     rts2800_fpu32_eabi.lib : hostwrite.c.obj (.text)
                  000938cd    00000038     gmp_datalink.obj (.text:gmp_dev_dl_push_str)
                  00093905    00000038     rts2800_fpu32_eabi.lib : hostread.c.obj (.text)
                  0009393d    00000037     ctl_main.obj (.text:ctl_init)
                  00093974    00000035     eqep.obj (.text:EQEP_setInputPolarity)
                  000939a9    00000035     interrupt.obj (.text:Interrupt_enable)
                  000939de    00000035     iris_peripheral.obj (.text:psu_keypad_append_decimal)
                  00093a13    00000033     sysconfig_adapter.obj (.text:gmp_csp_startup)
                  00093a46    00000033     rts2800_fpu32_eabi.lib : close.c.obj (.text)
                  00093a79    00000033     iris_peripheral.obj (.text:tsk_psu_alarm)
                  00093aac    00000032     rts2800_fpu32_eabi.lib : sprintf.c.obj (.text)
                  00093ade    00000031     can.obj (.text:CAN_setBitTiming)
                  00093b0f    00000031     sysctl.obj (.text:SysCtl_selectOscSource)
                  00093b40    00000031     rts2800_fpu32_eabi.lib : atoi.c.obj (.text)
                  00093b71    00000030     board.obj (.text:EPWM_setActionQualifierAction)
                  00093ba1    00000030     rts2800_fpu32_eabi.lib : copy_decompress_lzss.c.obj (.text:decompress:lzss)
                  00093bd1    00000030                            : _ltoa.c.obj (.text)
                  00093c01    00000030                            : vsprintf.c.obj (.text)
                  00093c31    0000002f     gpio.obj (.text:GPIO_setPinConfig)
                  00093c60    0000002f     gmp_process_mgr.obj (.text:gmp_scheduler_add_task)
                  00093c8f    0000002e     gmp_datalink.obj (.text:gmp_dev_dl_tx_append_u16)
                  00093cbd    0000002e     peripheral_driver.obj (.text:gmp_hal_gpio_write)
                  00093ceb    0000002d     board.obj (.text:myBoardFSI0_FSITX_init)
                  00093d18    0000002d     oled_driver.obj (.text:oled_set_position)
                  00093d45    0000002c     fsi.obj (.text:FSI_performTxInitialization)
                  00093d71    0000002b     rts2800_fpu32_eabi.lib : autoinit.c.obj (.text:__TI_auto_init_nobinit_nopinit)
                  00093d9c    0000002a                            : fd_cmp28.asm.obj (.text)
                  00093dc6    0000002a                            : l_div28.asm.obj (.text)
                  00093df0    00000029                            : exit.c.obj (.text)
                  00093e19    00000029                            : hostclose.c.obj (.text)
                  00093e42    00000028     sysconfig_adapter.obj (.text:gmp_base_print_c28xsyscfg)
                  00093e6a    00000027     gmp_datalink.obj (.text:gmp_dev_dl_tx_append_payload)
                  00093e91    00000027     peripheral_driver.obj (.text:wait_bus_idle)
                  00093eb8    00000026     gpio.obj (.text:GPIO_setControllerCore)
                  00093ede    00000026     gpio.obj (.text:GPIO_setQualificationMode)
                  00093f04    00000025     board.obj (.text:Board_init)
                  00093f29    00000025     gmp_mem_presp.obj (.text:check_sandbox_validity)
                  00093f4e    00000024     gmp_process_mgr.obj (.text:gmp_scheduler_init)
                  00093f72    00000024     iris_peripheral.obj (.text:psu_keypad_parse_current)
                  00093f96    00000024     rts2800_fpu32_eabi.lib : hostunlink.c.obj (.text)
                  00093fba    00000024                            : s_copysign.c.obj (.text)
                  00093fde    00000023     sci.obj (.text:SCI_setConfig)
                  00094001    00000023     spi.obj (.text:SPI_setConfig)
                  00094024    00000023     board.obj (.text:myCPUTIMER0_init)
                  00094047    00000022     sci.obj (.text:SCI_readCharArray)
                  00094069    00000022     ht16k33.obj (.text:ht16k33_update_display)
                  0009408b    00000022     oled_driver.obj (.text:oled_show_str)
                  000940ad    00000021     board.obj (.text:IRIS_DACA_init)
                  000940ce    00000021     board.obj (.text:IRIS_DACB_init)
                  000940ef    00000021     sysctl.obj (.text:SysCtl_selectXTALSingleEnded)
                  00094110    00000021     crc16.obj (.text:gmp_base_calculate_crc16)
                  00094131    00000021     iris_peripheral.obj (.text:psu_ui_scale_to_uint16)
                  00094152    00000021     rts2800_fpu32_eabi.lib : fd_toi28.asm.obj (.text)
                  00094173    0000001f     gpio.obj (.text:GPIO_setDirectionMode)
                  00094192    0000001f     gmp_datalink.obj (.text:gmp_dev_dl_reply_nack)
                  000941b1    0000001f     gmp_datalink.obj (.text:gmp_dev_dl_tx_append_u8)
                  000941d0    0000001f     rts2800_fpu32_eabi.lib : fd_tol28.asm.obj (.text)
                  000941ef    0000001e     adc.obj (.text:ADC_setOffsetTrimAll)
                  0009420d    0000001e     sci.obj (.text:SCI_clearInterruptStatus)
                  0009422b    0000001e     rts2800_fpu32_eabi.lib : ll_cmp28.asm.obj (.text)
                  00094249    0000001d     board.obj (.text:SYNC_init)
                  00094266    0000001d     xplt.peripheral.obj (.text:flush_dl_tx_buffer)
                  00094283    0000001d     iris_peripheral.obj (.text:psu_keypad_append_digit)
                  000942a0    0000001d     rts2800_fpu32_eabi.lib : i_tofd28.asm.obj (.text)
                  000942bd    0000001d                            : memcpy.c.obj (.text)
                  000942da    0000001c     interrupt.obj (.text:Interrupt_initVectorTable)
                  000942f6    0000001c     iris_peripheral.obj (.text:psu_ui_toggle_step)
                  00094312    0000001c     rts2800_fpu32_eabi.lib : l_tofd28.asm.obj (.text)
                  0009432e    0000001b     can.obj (.text:CAN_clearInterruptStatus)
                  00094349    0000001b     device.obj (.text:Device_initGPIO)
                  00094364    0000001b     xplt.peripheral.obj (.text:flush_dl_rx_buffer)
                  0009437f    0000001a     sci.obj (.text:SCI_enableInterrupt)
                  00094399    0000001a     ctl_main.obj (.text:ctl_init_psu_mode_detection)
                  000943b3    00000019     adc.obj (.text:ADC_setVREF)
                  000943cc    00000019     oled_driver.obj (.text:OLED_WR_Byte)
                  000943e5    00000019     board.obj (.text:myBoardFSI0_FSIRX_init)
                  000943fe    00000019     rts2800_fpu32_eabi.lib : unlink.c.obj (.text)
                  00094417    00000019                            : write.c.obj (.text)
                  00094430    00000018     board.obj (.text:SysCtl_setPeripheralAccessControl)
                  00094448    00000018     rts2800_fpu32_eabi.lib : ll_aox28.asm.obj (.text)
                  00094460    00000018                            : lseek.c.obj (.text)
                  00094478    00000018     iris_peripheral.obj (.text:update_led_content_8byte)
                  00094490    00000017     fsi.obj (.text:FSI_clearRxModuleReset)
                  000944a7    00000017     xplt.peripheral.obj (.text:INT_IRIS_CAN_1_ISR)
                  000944be    00000017     sysconfig_adapter.obj (.text:gmp_step_system_tick)
                  000944d5    00000017     rts2800_fpu32_eabi.lib : boot28.asm.obj (.text)
                  000944ec    00000016     fsi.obj (.text:FSI_clearTxModuleReset)
                  00094502    00000016     ctl_main.obj (.text:ctl_init_psu_protection)
                  00094518    00000015     can.obj (.text:CAN_initModule)
                  0009452d    00000015     sysctl.obj (.text:SysCtl_configureType)
                  00094542    00000015     rts2800_fpu32_eabi.lib : strncpy.c.obj (.text)
                  00094557    00000014     fsi.obj (.text:FSI_resetRxModule)
                  0009456b    00000014     board.obj (.text:IRIS_GPIO1_init)
                  0009457f    00000014     board.obj (.text:IRIS_GPIO2_init)
                  00094593    00000014     board.obj (.text:IRIS_GPIO3_init)
                  000945a7    00000014     board.obj (.text:IRIS_GPIO4_init)
                  000945bb    00000014     board.obj (.text:IRIS_GPIO5_init)
                  000945cf    00000014     board.obj (.text:IRIS_GPIO6_init)
                  000945e3    00000014     board.obj (.text:IRIS_GPIO_SPI_RST_init)
                  000945f7    00000014     board.obj (.text:IRIS_LED1_init)
                  0009460b    00000014     board.obj (.text:IRIS_LED2_init)
                  0009461f    00000014     gmp_datalink.obj (.text:gmp_dev_dl_tx_request_cmd)
                  00094633    00000014     iris_peripheral.obj (.text:psu_ui_pad_oled_line)
                  00094647    00000013     fsi.obj (.text:FSI_resetTxModule)
                  0009465a    00000013     board.obj (.text:GPIO_init)
                  0009466d    00000013     i2c.obj (.text:I2C_enableInterrupt)
                  00094680    00000013     iris_peripheral.obj (.text:psu_ui_fault_name)
                  00094693    00000012     fsi.obj (.text:FSI_performRxInitialization)
                  000946a5    00000012     iris_peripheral.obj (.text:psu_keypad_reset)
                  000946b7    00000012     iris_peripheral.obj (.text:psu_ui_write_led_segments)
                  000946c9    00000011     i2c.obj (.text:I2C_clearInterruptStatus)
                  000946da    00000011     xplt.peripheral.obj (.text:INT_IRIS_UART_RS232_RX_ISR)
                  000946eb    00000011     sysconfig_adapter.obj (.text:gmp_base_entry)
                  000946fc    00000011     iris_peripheral.obj (.text:psu_keypad_start)
                  0009470d    00000011     iris_peripheral.obj (.text:tsk_LED_flush)
                  0009471e    00000010     gmp_datalink.obj (.text:gmp_dev_dl_init)
                  0009472e    00000010     rts2800_fpu32_eabi.lib : memccpy.c.obj (.text)
                  0009473e    0000000f     gmp_datalink.obj (.text:gmp_dev_dl_reply_ack_null)
                  0009474d    0000000f     gmp_datalink.obj (.text:gmp_dev_dl_tx_request)
                  0009475c    0000000e     iris_peripheral.obj (.text:psu_keypad_backspace)
                  0009476a    0000000e     iris_peripheral.obj (.text:psu_ui_operating_mode_name)
                  00094778    0000000e     xplt.peripheral.obj (.text:psu_write_output_switch)
                  00094786    0000000e     rts2800_fpu32_eabi.lib : fd_sub28.asm.obj (.text)
                  00094794    0000000d     f28003x_defaultisr.obj (.text:EMPTY_ISR)
                  000947a1    0000000d     ctl_component_interface.obj (.text:ctl_init_adc_channel)
                  000947ae    0000000d     rts2800_fpu32_eabi.lib : assert.c.obj (.text)
                  000947bb    0000000d                            : memchr.c.obj (.text)
                  000947c8    0000000c     interrupt.obj (.text:Interrupt_defaultHandler)
                  000947d4    0000000c     gmp_pil_core.obj (.text:gmp_pil_sim_init)
                  000947e0    0000000c     rts2800_fpu32_eabi.lib : args_main.c.obj (.text)
                  000947ec    0000000c                            : strchr.c.obj (.text)
                  000947f8    0000000b     board.obj (.text:ASYSCTL_init)
                  00094803    0000000b     rts2800_fpu32_eabi.lib : u_div28.asm.obj (.text)
                  0009480e    0000000b                            : wcslen.c.obj (.text)
                  00094819    0000000a     f28003x_defaultisr.obj (.text:ADCA1_ISR)
                  00094823    0000000a     f28003x_defaultisr.obj (.text:ADCA2_ISR)
                  0009482d    0000000a     f28003x_defaultisr.obj (.text:ADCA3_ISR)
                  00094837    0000000a     f28003x_defaultisr.obj (.text:ADCA4_ISR)
                  00094841    0000000a     f28003x_defaultisr.obj (.text:ADCA_EVT_ISR)
                  0009484b    0000000a     f28003x_defaultisr.obj (.text:ADCB1_ISR)
                  00094855    0000000a     f28003x_defaultisr.obj (.text:ADCB2_ISR)
                  0009485f    0000000a     f28003x_defaultisr.obj (.text:ADCB3_ISR)
                  00094869    0000000a     f28003x_defaultisr.obj (.text:ADCB4_ISR)
                  00094873    0000000a     f28003x_defaultisr.obj (.text:ADCB_EVT_ISR)
                  0009487d    0000000a     f28003x_defaultisr.obj (.text:ADCC1_ISR)
                  00094887    0000000a     f28003x_defaultisr.obj (.text:ADCC2_ISR)
                  00094891    0000000a     f28003x_defaultisr.obj (.text:ADCC3_ISR)
                  0009489b    0000000a     f28003x_defaultisr.obj (.text:ADCC4_ISR)
                  000948a5    0000000a     f28003x_defaultisr.obj (.text:ADCC_EVT_ISR)
                  000948af    0000000a     f28003x_defaultisr.obj (.text:AES_SINTREQUEST_ISR)
                  000948b9    0000000a     f28003x_defaultisr.obj (.text:BGCRC_CLA1_ISR)
                  000948c3    0000000a     f28003x_defaultisr.obj (.text:BGCRC_ISR)
                  000948cd    0000000a     f28003x_defaultisr.obj (.text:CANA0_ISR)
                  000948d7    0000000a     f28003x_defaultisr.obj (.text:CANA1_ISR)
                  000948e1    0000000a     f28003x_defaultisr.obj (.text:CLA1_1_ISR)
                  000948eb    0000000a     f28003x_defaultisr.obj (.text:CLA1_2_ISR)
                  000948f5    0000000a     f28003x_defaultisr.obj (.text:CLA1_3_ISR)
                  000948ff    0000000a     f28003x_defaultisr.obj (.text:CLA1_4_ISR)
                  00094909    0000000a     f28003x_defaultisr.obj (.text:CLA1_5_ISR)
                  00094913    0000000a     f28003x_defaultisr.obj (.text:CLA1_6_ISR)
                  0009491d    0000000a     f28003x_defaultisr.obj (.text:CLA1_7_ISR)
                  00094927    0000000a     f28003x_defaultisr.obj (.text:CLA1_8_ISR)
                  00094931    0000000a     f28003x_defaultisr.obj (.text:CLA_OVERFLOW_ISR)
                  0009493b    0000000a     f28003x_defaultisr.obj (.text:CLA_UNDERFLOW_ISR)
                  00094945    0000000a     f28003x_defaultisr.obj (.text:CLB1_ISR)
                  0009494f    0000000a     f28003x_defaultisr.obj (.text:CLB2_ISR)
                  00094959    0000000a     f28003x_defaultisr.obj (.text:CLB3_ISR)
                  00094963    0000000a     f28003x_defaultisr.obj (.text:CLB4_ISR)
                  0009496d    0000000a     f28003x_defaultisr.obj (.text:DATALOG_ISR)
                  00094977    0000000a     f28003x_defaultisr.obj (.text:DCC0_ISR)
                  00094981    0000000a     f28003x_defaultisr.obj (.text:DCC1_ISR)
                  0009498b    0000000a     f28003x_defaultisr.obj (.text:DMA_CH1_ISR)
                  00094995    0000000a     f28003x_defaultisr.obj (.text:DMA_CH2_ISR)
                  0009499f    0000000a     f28003x_defaultisr.obj (.text:DMA_CH3_ISR)
                  000949a9    0000000a     f28003x_defaultisr.obj (.text:DMA_CH4_ISR)
                  000949b3    0000000a     f28003x_defaultisr.obj (.text:DMA_CH5_ISR)
                  000949bd    0000000a     f28003x_defaultisr.obj (.text:DMA_CH6_ISR)
                  000949c7    0000000a     f28003x_defaultisr.obj (.text:ECAP1_ISR)
                  000949d1    0000000a     f28003x_defaultisr.obj (.text:ECAP2_ISR)
                  000949db    0000000a     f28003x_defaultisr.obj (.text:ECAP3_2_ISR)
                  000949e5    0000000a     f28003x_defaultisr.obj (.text:ECAP3_ISR)
                  000949ef    0000000a     f28003x_defaultisr.obj (.text:EMU_ISR)
                  000949f9    0000000a     f28003x_defaultisr.obj (.text:EPWM1_ISR)
                  00094a03    0000000a     f28003x_defaultisr.obj (.text:EPWM1_TZ_ISR)
                  00094a0d    0000000a     f28003x_defaultisr.obj (.text:EPWM2_ISR)
                  00094a17    0000000a     f28003x_defaultisr.obj (.text:EPWM2_TZ_ISR)
                  00094a21    0000000a     f28003x_defaultisr.obj (.text:EPWM3_ISR)
                  00094a2b    0000000a     f28003x_defaultisr.obj (.text:EPWM3_TZ_ISR)
                  00094a35    0000000a     f28003x_defaultisr.obj (.text:EPWM4_ISR)
                  00094a3f    0000000a     f28003x_defaultisr.obj (.text:EPWM4_TZ_ISR)
                  00094a49    0000000a     f28003x_defaultisr.obj (.text:EPWM5_ISR)
                  00094a53    0000000a     f28003x_defaultisr.obj (.text:EPWM5_TZ_ISR)
                  00094a5d    0000000a     f28003x_defaultisr.obj (.text:EPWM6_ISR)
                  00094a67    0000000a     f28003x_defaultisr.obj (.text:EPWM6_TZ_ISR)
                  00094a71    0000000a     f28003x_defaultisr.obj (.text:EPWM7_ISR)
                  00094a7b    0000000a     f28003x_defaultisr.obj (.text:EPWM7_TZ_ISR)
                  00094a85    0000000a     f28003x_defaultisr.obj (.text:EPWM8_ISR)
                  00094a8f    0000000a     f28003x_defaultisr.obj (.text:EPWM8_TZ_ISR)
                  00094a99    0000000a     f28003x_defaultisr.obj (.text:EQEP1_ISR)
                  00094aa3    0000000a     f28003x_defaultisr.obj (.text:EQEP2_ISR)
                  00094aad    0000000a     f28003x_defaultisr.obj (.text:FLASH_CORR_ERR_ISR)
                  00094ab7    0000000a     f28003x_defaultisr.obj (.text:FMC_ISR)
                  00094ac1    0000000a     f28003x_defaultisr.obj (.text:FPU_OVERFLOW_ISR)
                  00094acb    0000000a     f28003x_defaultisr.obj (.text:FPU_UNDERFLOW_ISR)
                  00094ad5    0000000a     f28003x_defaultisr.obj (.text:FSIRXA1_ISR)
                  00094adf    0000000a     f28003x_defaultisr.obj (.text:FSIRXA2_ISR)
                  00094ae9    0000000a     f28003x_defaultisr.obj (.text:FSITXA1_ISR)
                  00094af3    0000000a     f28003x_defaultisr.obj (.text:FSITXA2_ISR)
                  00094afd    0000000a     f28003x_defaultisr.obj (.text:HICA_ISR)
                  00094b07    0000000a     f28003x_defaultisr.obj (.text:I2CA_FIFO_ISR)
                  00094b11    0000000a     f28003x_defaultisr.obj (.text:I2CA_ISR)
                  00094b1b    0000000a     f28003x_defaultisr.obj (.text:I2CB_FIFO_ISR)
                  00094b25    0000000a     f28003x_defaultisr.obj (.text:I2CB_ISR)
                  00094b2f    0000000a     f28003x_defaultisr.obj (.text:ILLEGAL_ISR)
                  00094b39    0000000a     interrupt.obj (.text:Interrupt_illegalOperationHandler)
                  00094b43    0000000a     interrupt.obj (.text:Interrupt_nmiHandler)
                  00094b4d    0000000a     f28003x_defaultisr.obj (.text:LINA_0_ISR)
                  00094b57    0000000a     f28003x_defaultisr.obj (.text:LINA_1_ISR)
                  00094b61    0000000a     f28003x_defaultisr.obj (.text:LINB_0_ISR)
                  00094b6b    0000000a     f28003x_defaultisr.obj (.text:LINB_1_ISR)
                  00094b75    0000000a     f28003x_defaultisr.obj (.text:MCANA_0_ISR)
                  00094b7f    0000000a     f28003x_defaultisr.obj (.text:MCANA_1_ISR)
                  00094b89    0000000a     f28003x_defaultisr.obj (.text:MCANA_ECC_ISR)
                  00094b93    0000000a     f28003x_defaultisr.obj (.text:MCANA_WAKE_ISR)
                  00094b9d    0000000a     f28003x_defaultisr.obj (.text:MPOST_ISR)
                  00094ba7    0000000a     f28003x_defaultisr.obj (.text:NMI_ISR)
                  00094bb1    0000000a     f28003x_defaultisr.obj (.text:NOTUSED_ISR)
                  00094bbb    0000000a     f28003x_defaultisr.obj (.text:PIE_RESERVED_ISR)
                  00094bc5    0000000a     f28003x_defaultisr.obj (.text:PMBUSA_ISR)
                  00094bcf    0000000a     f28003x_defaultisr.obj (.text:RAM_ACC_VIOL_ISR)
                  00094bd9    0000000a     f28003x_defaultisr.obj (.text:RAM_CORR_ERR_ISR)
                  00094be3    0000000a     f28003x_defaultisr.obj (.text:RTOS_ISR)
                  00094bed    0000000a     f28003x_defaultisr.obj (.text:SCIA_RX_ISR)
                  00094bf7    0000000a     f28003x_defaultisr.obj (.text:SCIA_TX_ISR)
                  00094c01    0000000a     f28003x_defaultisr.obj (.text:SCIB_RX_ISR)
                  00094c0b    0000000a     f28003x_defaultisr.obj (.text:SCIB_TX_ISR)
                  00094c15    0000000a     f28003x_defaultisr.obj (.text:SDFM1DR1_ISR)
                  00094c1f    0000000a     f28003x_defaultisr.obj (.text:SDFM1DR2_ISR)
                  00094c29    0000000a     f28003x_defaultisr.obj (.text:SDFM1DR3_ISR)
                  00094c33    0000000a     f28003x_defaultisr.obj (.text:SDFM1DR4_ISR)
                  00094c3d    0000000a     f28003x_defaultisr.obj (.text:SDFM1_ISR)
                  00094c47    0000000a     f28003x_defaultisr.obj (.text:SDFM2DR1_ISR)
                  00094c51    0000000a     f28003x_defaultisr.obj (.text:SDFM2DR2_ISR)
                  00094c5b    0000000a     f28003x_defaultisr.obj (.text:SDFM2DR3_ISR)
                  00094c65    0000000a     f28003x_defaultisr.obj (.text:SDFM2DR4_ISR)
                  00094c6f    0000000a     f28003x_defaultisr.obj (.text:SDFM2_ISR)
                  00094c79    0000000a     f28003x_defaultisr.obj (.text:SPIA_RX_ISR)
                  00094c83    0000000a     f28003x_defaultisr.obj (.text:SPIA_TX_ISR)
                  00094c8d    0000000a     f28003x_defaultisr.obj (.text:SPIB_RX_ISR)
                  00094c97    0000000a     f28003x_defaultisr.obj (.text:SPIB_TX_ISR)
                  00094ca1    0000000a     f28003x_defaultisr.obj (.text:SYS_ERR_ISR)
                  00094cab    0000000a     f28003x_defaultisr.obj (.text:TIMER0_ISR)
                  00094cb5    0000000a     f28003x_defaultisr.obj (.text:TIMER1_ISR)
                  00094cbf    0000000a     f28003x_defaultisr.obj (.text:TIMER2_ISR)
                  00094cc9    0000000a     f28003x_defaultisr.obj (.text:USER10_ISR)
                  00094cd3    0000000a     f28003x_defaultisr.obj (.text:USER11_ISR)
                  00094cdd    0000000a     f28003x_defaultisr.obj (.text:USER12_ISR)
                  00094ce7    0000000a     f28003x_defaultisr.obj (.text:USER1_ISR)
                  00094cf1    0000000a     f28003x_defaultisr.obj (.text:USER2_ISR)
                  00094cfb    0000000a     f28003x_defaultisr.obj (.text:USER3_ISR)
                  00094d05    0000000a     f28003x_defaultisr.obj (.text:USER4_ISR)
                  00094d0f    0000000a     f28003x_defaultisr.obj (.text:USER5_ISR)
                  00094d19    0000000a     f28003x_defaultisr.obj (.text:USER6_ISR)
                  00094d23    0000000a     f28003x_defaultisr.obj (.text:USER7_ISR)
                  00094d2d    0000000a     f28003x_defaultisr.obj (.text:USER8_ISR)
                  00094d37    0000000a     f28003x_defaultisr.obj (.text:USER9_ISR)
                  00094d41    0000000a     f28003x_defaultisr.obj (.text:WAKE_ISR)
                  00094d4b    0000000a     f28003x_defaultisr.obj (.text:XINT1_ISR)
                  00094d55    0000000a     f28003x_defaultisr.obj (.text:XINT2_ISR)
                  00094d5f    0000000a     f28003x_defaultisr.obj (.text:XINT3_ISR)
                  00094d69    0000000a     f28003x_defaultisr.obj (.text:XINT4_ISR)
                  00094d73    0000000a     f28003x_defaultisr.obj (.text:XINT5_ISR)
                  00094d7d    0000000a     rts2800_fpu32_eabi.lib : strcmp.c.obj (.text)
                  00094d87    00000009     gmp_tunable.obj (.text:gmp_param_tunable_init)
                  00094d90    00000009     rts2800_fpu32_eabi.lib : _lock.c.obj (.text)
                  00094d99    00000009                            : fd_neg28.asm.obj (.text)
                  00094da2    00000008                            : copy_decompress_none.c.obj (.text:decompress:none)
                  00094daa    00000008     f28003x_codestartbranch.obj (.text)
                  00094db2    00000008     gmp_datalink.obj (.text:gmp_dev_dl_tx_ready)
                  00094dba    00000008     rts2800_fpu32_eabi.lib : strlen.c.obj (.text)
                  00094dc2    00000007     iris_peripheral.obj (.text:alarm_led_off)
                  00094dc9    00000007     iris_peripheral.obj (.text:alarm_led_on)
                  00094dd0    00000007     iris_peripheral.obj (.text:beep_off)
                  00094dd7    00000007     iris_peripheral.obj (.text:beep_on)
                  00094dde    00000007     iris_peripheral.obj (.text:output_led_off)
                  00094de5    00000007     iris_peripheral.obj (.text:output_led_on)
                  00094dec    00000007     rts2800_fpu32_eabi.lib : memset.c.obj (.text)
                  00094df3    00000006                            : copy_zero_init.c.obj (.text:decompress:ZI)
                  00094df9    00000006     gmp_mem_presp.obj (.text:gmp_mem_persp_init)
                  00094dff    00000005     board.obj (.text:DAC_init)
                  00094e04    00000005     board.obj (.text:EQEP_init)
                  00094e09    00000005     board.obj (.text:SCI_init)
                  00094e0e    00000005     board.obj (.text:SPI_init)
                  00094e13    00000005     gmp_datalink.obj (.text:gmp_dev_dl_msg_handled)
                  00094e18    00000005     user_main.obj (.text:mainloop)
                  00094e1d    00000005     rts2800_fpu32_eabi.lib : strcpy.c.obj (.text)
                  00094e22    00000004     ctl_divider.obj (.text:ctl_init_divider)
                  00094e26    00000004     sysconfig_adapter.obj (.text:gmp_base_get_system_tick)
                  00094e2a    00000004     sysconfig_adapter.obj (.text:gmp_csp_post_process)
                  00094e2e    00000004     gmp_datalink.obj (.text:gmp_dev_dl_tx_state_done)
                  00094e32    00000004     peripheral_driver.obj (.text:reset_bus_status)
                  00094e36    00000002     rts2800_fpu32_eabi.lib : pre_init.c.obj (.text)
                  00094e38    00000001     ctl_main.obj (.text:ctl_mainloop)
                  00094e39    00000001     ctl_main.obj (.text:gmp_pil_sim_step)
                  00094e3a    00000001     rts2800_fpu32_eabi.lib : startup.c.obj (.text)

MODULE SUMMARY

       Module                        code    ro data   rw data
       ------                        ----    -------   -------
    .\
       f28003x_codestartbranch.obj   10      0         0      
    +--+-----------------------------+-------+---------+---------+
       Total:                        10      0         0      
                                                              
    .\device_support\
       f28003x_defaultisr.obj        1373    0         0      
       f28003x_pievect.obj           0       448       0      
    +--+-----------------------------+-------+---------+---------+
       Total:                        1373    448       0      
                                                              
    .\driverlib\
       sysctl.obj                    843     0         0      
       interrupt.obj                 367     0         0      
       can.obj                       347     0         0      
       flash.obj                     322     0         0      
       gpio.obj                      285     0         0      
       fsi.obj                       146     0         0      
       sci.obj                       125     0         0      
       i2c.obj                       98      0         0      
       adc.obj                       55      0         0      
       eqep.obj                      53      0         0      
       spi.obj                       35      0         0      
       cputimer.obj                  6       0         0      
    +--+-----------------------------+-------+---------+---------+
       Total:                        2682    0         0      
                                                              
    .\gmp_src_mgr\gmp_src\
       gmp_std_port.obj              173     2279      0      
       gmp_datalink.obj              993     0         0      
       peripheral_driver.obj         820     0         0      
       gmp_pil_core.obj              578     0         0      
       gmp_process_mgr.obj           172     356       0      
       gmp_mem_presp.obj             498     0         0      
       gmp_tunable.obj               314     0         0      
       crc16.obj                     33      256       0      
       sysconfig_adapter.obj         139     0         136    
       ht16k33.obj                   265     0         0      
       ctl_component_interface.obj   13      0         0      
       ctl_divider.obj               4       0         0      
    +--+-----------------------------+-------+---------+---------+
       Total:                        4002    2891      136    
                                                              
    .\oled_driver\
       oled_driver.obj               385     552       146    
    +--+-----------------------------+-------+---------+---------+
       Total:                        385     552       146    
                                                              
    .\syscfg\
       board.obj                     7826    6         0      
       device.obj                    763     0         0      
    +--+-----------------------------+-------+---------+---------+
       Total:                        8589    6         0      
                                                              
    .\user\
       iris_peripheral.obj           1975    751       65     
       user_main.obj                 220     142       2214   
       ctl_main.obj                  594     0         114    
    +--+-----------------------------+-------+---------+---------+
       Total:                        2789    893       2393   
                                                              
    .\xplt\
       xplt.peripheral.obj           1135    15        0      
    +--+-----------------------------+-------+---------+---------+
       Total:                        1135    15        0      
                                                              
    D:\software\ti\ccs1281\ccs\tools\compiler\ti-cgt-c2000_22.6.1.LTS\lib\rts2800_fpu32_eabi.lib
       _printfi.c.obj                3286    66        0      
       memory.c.obj                  664     0         3      
       trgmsg.c.obj                  149     0         288    
       fopen.c.obj                   289     0         1      
       defs.c.obj                    0       0         281    
       ll_div28.asm.obj              263     0         0      
       ctype.c.obj                   0       257       0      
       s_scalbn.c.obj                169     28        0      
       fputs.c.obj                   168     2         0      
       fd_add28.asm.obj              156     0         0      
       fd_div28.asm.obj              139     0         0      
       fd_mpy28.asm.obj              131     0         0      
       setvbuf.c.obj                 124     0         0      
       fflush.c.obj                  115     0         0      
       open.c.obj                    113     0         1      
       host_device.c.obj             0       0         112    
       _io_perm.c.obj                101     0         0      
       s_frexp.c.obj                 90      8         0      
       hostlseek.c.obj               97      0         0      
       fclose.c.obj                  93      0         0      
       getdevice.c.obj               81      0         0      
       hostopen.c.obj                58      0         8      
       hostrename.c.obj              62      0         0      
       fseek.c.obj                   61      0         0      
       hostwrite.c.obj               57      0         0      
       hostread.c.obj                56      0         0      
       close.c.obj                   51      0         0      
       sprintf.c.obj                 50      0         0      
       atoi.c.obj                    49      0         0      
       _ltoa.c.obj                   48      0         0      
       copy_decompress_lzss.c.obj    48      0         0      
       vsprintf.c.obj                48      0         0      
       exit.c.obj                    41      0         6      
       autoinit.c.obj                43      0         0      
       fd_cmp28.asm.obj              42      0         0      
       l_div28.asm.obj               42      0         0      
       hostclose.c.obj               41      0         0      
       hostunlink.c.obj              36      0         0      
       s_copysign.c.obj              36      0         0      
       fd_toi28.asm.obj              33      0         0      
       fd_tol28.asm.obj              31      0         0      
       ll_cmp28.asm.obj              30      0         0      
       i_tofd28.asm.obj              29      0         0      
       memcpy.c.obj                  29      0         0      
       l_tofd28.asm.obj              28      0         0      
       unlink.c.obj                  25      0         0      
       write.c.obj                   25      0         0      
       ll_aox28.asm.obj              24      0         0      
       lseek.c.obj                   24      0         0      
       boot28.asm.obj                23      0         0      
       strncpy.c.obj                 21      0         0      
       memccpy.c.obj                 16      0         0      
       fd_sub28.asm.obj              14      0         0      
       _lock.c.obj                   9       0         4      
       assert.c.obj                  13      0         0      
       memchr.c.obj                  13      0         0      
       args_main.c.obj               12      0         0      
       strchr.c.obj                  12      0         0      
       u_div28.asm.obj               11      0         0      
       wcslen.c.obj                  11      0         0      
       strcmp.c.obj                  10      0         0      
       fd_neg28.asm.obj              9       0         0      
       copy_decompress_none.c.obj    8       0         0      
       strlen.c.obj                  8       0         0      
       memset.c.obj                  7       0         0      
       copy_zero_init.c.obj          6       0         0      
       strcpy.c.obj                  5       0         0      
       pre_init.c.obj                2       0         0      
       errno.c.obj                   0       0         1      
       startup.c.obj                 1       0         0      
    +--+-----------------------------+-------+---------+---------+
       Total:                        7586    361       705    
                                                              
       Heap:                         0       0         1024   
       Stack:                        0       0         512    
       Linker Generated:             0       143       0      
    +--+-----------------------------+-------+---------+---------+
       Grand Total:                  28551   5309      4916   


LINKER GENERATED COPY TABLES

__TI_cinit_table @ 00081128 records: 4, size/record: 4, table size: 16
	.data.2: load addr=000810a8, load size=0000005b bytes, run addr=0000b800, run size=0000013f bytes, compression=lzss
	.data.1: load addr=00081103, load size=00000016 bytes, run addr=0000b7bc, run size=0000003b bytes, compression=lzss
	.bss.1: load addr=00081120, load size=00000004 bytes, run addr=0000ac00, run size=00000400 bytes, compression=zero_init
	.bss.2: load addr=00081124, load size=00000004 bytes, run addr=0000b000, run size=000007bc bytes, compression=zero_init


LINKER GENERATED HANDLER TABLE

__TI_handler_table @ 0008111a records: 3, size/record: 2, table size: 6
	index: 0, handler: __TI_zero_init
	index: 1, handler: __TI_decompress_lzss
	index: 2, handler: __TI_decompress_none


GLOBAL DATA SYMBOLS: SORTED BY DATA PAGE

address     data page           name
--------    ----------------    ----
00000400      10 (00000400)     __stack

0000a800     2a0 (0000a800)     _sys_memory

0000ac00     2b0 (0000ac00)     ram_range

0000b000     2c0 (0000b000)     kp
0000b002     2c0 (0000b000)     ki
0000b004     2c0 (0000b000)     kd
0000b006     2c0 (0000b000)     user_led
0000b008     2c0 (0000b000)     tunable
0000b010     2c0 (0000b000)     mem_persp_server

0000b040     2c1 (0000b040)     sched

0000b080     2c2 (0000b080)     pil

0000b100     2c4 (0000b100)     dl

0000b442     2d1 (0000b440)     __CIOBUF_

0000b562     2d5 (0000b540)     __TI_tmpnams

0000b704     2dc (0000b700)     gpio_beep
0000b706     2dc (0000b700)     gpio_alarm_led
0000b708     2dc (0000b700)     gpio_output_led
0000b70a     2dc (0000b700)     iic_bus
0000b70c     2dc (0000b700)     hdc1080
0000b710     2dc (0000b700)     ht16k33
0000b731     2dc (0000b700)     parmbuf
0000b73a     2dc (0000b700)     debug_uart
0000b73c     2dc (0000b700)     sys_tick_div

0000b740     2dd (0000b740)     psu_voltage_fb_adc
0000b74a     2dd (0000b740)     psu_current_fb_adc

0000b780     2de (0000b780)     psu_ctrl
0000b7bc     2de (0000b780)     _stream

0000b7e4     2df (0000b7c0)     __TI_enable_exit_profile_output
0000b7e6     2df (0000b7c0)     __TI_cleanup_ptr
0000b7e8     2df (0000b7c0)     __TI_dtors_ptr
0000b7ea     2df (0000b7c0)     _lock
0000b7ec     2df (0000b7c0)     _unlock
0000b7ee     2df (0000b7c0)     DSPC2000_SystemTick
0000b7f0     2df (0000b7c0)     flag_init_cmpt
0000b7f2     2df (0000b7c0)     __TI_ft_end
0000b7f3     2df (0000b7c0)     errno

0000b800     2e0 (0000b800)     _ftable

0000b878     2e1 (0000b840)     tasks

0000b8da     2e3 (0000b8c0)     _device

00084bc0    212f (00084bc0)     F6x8

00084de8    2137 (00084dc0)     led_lut

00084e00    2138 (00084e00)     PieVectTableInit

00085164    2145 (00085140)     _ctypes_

0008541c    2150 (00085400)     dict_m1
00085428    2150 (00085400)     mem_regions
0008542e    2150 (00085400)     var_tunable_count
0008542f    2150 (00085400)     mem_regions_count


GLOBAL SYMBOLS: SORTED ALPHABETICALLY BY Name 

page  address   name                             
----  -------   ----                             
0     00094819  ADCA1_ISR                        
0     00094823  ADCA2_ISR                        
0     0009482d  ADCA3_ISR                        
0     00094837  ADCA4_ISR                        
0     00094841  ADCA_EVT_ISR                     
0     0009484b  ADCB1_ISR                        
0     00094855  ADCB2_ISR                        
0     0009485f  ADCB3_ISR                        
0     00094869  ADCB4_ISR                        
0     00094873  ADCB_EVT_ISR                     
0     0009487d  ADCC1_ISR                        
0     00094887  ADCC2_ISR                        
0     00094891  ADCC3_ISR                        
0     0009489b  ADCC4_ISR                        
0     000948a5  ADCC_EVT_ISR                     
0     00087ff9  ADC_init                         
0     000941ef  ADC_setOffsetTrimAll             
0     000943b3  ADC_setVREF                      
0     000948af  AES_SINTREQUEST_ISR              
0     000947f8  ASYSCTL_init                     
0     000948b9  BGCRC_CLA1_ISR                   
0     000948c3  BGCRC_ISR                        
0     00093f04  Board_init                       
0     00093df0  C$$EXIT                          
0     00092403  C$$IO$$                          
0     000948cd  CANA0_ISR                        
0     000948d7  CANA1_ISR                        
0     0009432e  CAN_clearInterruptStatus         
0     00091c64  CAN_init                         
0     00094518  CAN_initModule                   
0     00093352  CAN_readMessage                  
0     00093ade  CAN_setBitTiming                 
0     00091fb2  CAN_setupMessageObject           
0     000948e1  CLA1_1_ISR                       
0     000948eb  CLA1_2_ISR                       
0     000948f5  CLA1_3_ISR                       
0     000948ff  CLA1_4_ISR                       
0     00094909  CLA1_5_ISR                       
0     00094913  CLA1_6_ISR                       
0     0009491d  CLA1_7_ISR                       
0     00094927  CLA1_8_ISR                       
0     00094931  CLA_OVERFLOW_ISR                 
0     0009493b  CLA_UNDERFLOW_ISR                
0     00094945  CLB1_ISR                         
0     0009494f  CLB2_ISR                         
0     00094959  CLB3_ISR                         
0     00094963  CLB4_ISR                         
0     00094024  CPUTIMER_init                    
0     00088ffa  CPUTimer_setEmulationMode        
abs   00000000  Cla1ConstLoadSize                
0     00008800  Cla1ConstLoadStart               
0     00008800  Cla1ConstRunStart                
abs   00000000  Cla1ProgLoadSize                 
0     00008000  Cla1ProgLoadStart                
0     00008000  Cla1ProgRunStart                 
0     00094dff  DAC_init                         
0     0009496d  DATALOG_ISR                      
0     00094977  DCC0_ISR                         
0     00094981  DCC1_ISR                         
0     0009498b  DMA_CH1_ISR                      
0     00094995  DMA_CH2_ISR                      
0     0009499f  DMA_CH3_ISR                      
0     000949a9  DMA_CH4_ISR                      
0     000949b3  DMA_CH5_ISR                      
0     000949bd  DMA_CH6_ISR                      
0     0000b7ee  DSPC2000_SystemTick              
0     00090890  Device_enableAllPeripherals      
0     00092ed5  Device_init                      
0     00094349  Device_initGPIO                  
0     000949c7  ECAP1_ISR                        
0     000949d1  ECAP2_ISR                        
0     000949db  ECAP3_2_ISR                      
0     000949e5  ECAP3_ISR                        
0     00094794  EMPTY_ISR                        
0     000949ef  EMU_ISR                          
0     000949f9  EPWM1_ISR                        
0     00094a03  EPWM1_TZ_ISR                     
0     00094a0d  EPWM2_ISR                        
0     00094a17  EPWM2_TZ_ISR                     
0     00094a21  EPWM3_ISR                        
0     00094a2b  EPWM3_TZ_ISR                     
0     00094a35  EPWM4_ISR                        
0     00094a3f  EPWM4_TZ_ISR                     
0     00094a49  EPWM5_ISR                        
0     00094a53  EPWM5_TZ_ISR                     
0     00094a5d  EPWM6_ISR                        
0     00094a67  EPWM6_TZ_ISR                     
0     00094a71  EPWM7_ISR                        
0     00094a7b  EPWM7_TZ_ISR                     
0     00094a85  EPWM8_ISR                        
0     00094a8f  EPWM8_TZ_ISR                     
0     00087000  EPWM_init                        
0     00094a99  EQEP1_ISR                        
0     00094aa3  EQEP2_ISR                        
0     00094e04  EQEP_init                        
0     00093974  EQEP_setInputPolarity            
0     00084bc0  F6x8                             
0     00094aad  FLASH_CORR_ERR_ISR               
0     00094ab7  FMC_ISR                          
0     00094ac1  FPU_OVERFLOW_ISR                 
0     00094acb  FPU_UNDERFLOW_ISR                
0     00094ad5  FSIRXA1_ISR                      
0     00094adf  FSIRXA2_ISR                      
0     000943e5  FSIRX_init                       
0     00094ae9  FSITXA1_ISR                      
0     00094af3  FSITXA2_ISR                      
0     00093ceb  FSITX_init                       
0     00094490  FSI_clearRxModuleReset           
0     000944ec  FSI_clearTxModuleReset           
0     00094693  FSI_performRxInitialization      
0     00093d45  FSI_performTxInitialization      
0     00094557  FSI_resetRxModule                
0     00094647  FSI_resetTxModule                
0     00008000  Flash_initModule                 
0     0009465a  GPIO_init                        
0     00093466  GPIO_setAnalogMode               
0     00093eb8  GPIO_setControllerCore           
0     00094173  GPIO_setDirectionMode            
0     00093638  GPIO_setPadConfig                
0     00093c31  GPIO_setPinConfig                
0     00093ede  GPIO_setQualificationMode        
0     00094afd  HICA_ISR                         
0     00093e19  HOSTclose                        
0     00092d5a  HOSTlseek                        
0     00093821  HOSTopen                         
0     00093905  HOSTread                         
0     000936f3  HOSTrename                       
0     00093f96  HOSTunlink                       
0     00093894  HOSTwrite                        
0     00094b07  I2CA_FIFO_ISR                    
0     00094b11  I2CA_ISR                         
0     00094b1b  I2CB_FIFO_ISR                    
0     00094b25  I2CB_ISR                         
0     000946c9  I2C_clearInterruptStatus         
0     0009466d  I2C_enableInterrupt              
0     00092f31  I2C_init                         
0     00093677  I2C_initController               
0     00094b2f  ILLEGAL_ISR                      
0     00093731  INTERRUPT_init                   
0     00092cf9  INT_IRIS_CAN_0_ISR               
0     000944a7  INT_IRIS_CAN_1_ISR               
0     000946da  INT_IRIS_UART_RS232_RX_ISR       
0     000934aa  INT_IRIS_UART_USB_RX_ISR         
0     0009138c  IRIS_ADCA_init                   
0     00091230  IRIS_ADCB_init                   
0     00091715  IRIS_ADCC_init                   
0     00091c64  IRIS_CAN_init                    
0     000940ad  IRIS_DACA_init                   
0     000940ce  IRIS_DACB_init                   
0     00092671  IRIS_EQEP1_init                  
0     000926f3  IRIS_EQEP2_init                  
0     0009456b  IRIS_GPIO1_init                  
0     0009457f  IRIS_GPIO2_init                  
0     00094593  IRIS_GPIO3_init                  
0     000945a7  IRIS_GPIO4_init                  
0     000945bb  IRIS_GPIO5_init                  
0     000945cf  IRIS_GPIO6_init                  
0     000945e3  IRIS_GPIO_SPI_RST_init           
0     00092f31  IRIS_IIC_init                    
0     000945f7  IRIS_LED1_init                   
0     0009460b  IRIS_LED2_init                   
0     00093532  IRIS_SPI_FPGA_BRIDGE_init        
0     000932c3  IRIS_SPI_OUT_init                
0     0009296e  IRIS_UART_RS232_init             
0     00092775  IRIS_UART_USB_init               
0     000947c8  Interrupt_defaultHandler         
0     00093194  Interrupt_disable                
0     000939a9  Interrupt_enable                 
0     00094b39  Interrupt_illegalOperationHandler
0     000936b5  Interrupt_initModule             
0     000942da  Interrupt_initVectorTable        
0     00094b43  Interrupt_nmiHandler             
0     00094b4d  LINA_0_ISR                       
0     00094b57  LINA_1_ISR                       
0     00094b61  LINB_0_ISR                       
0     00094b6b  LINB_1_ISR                       
0     00094b75  MCANA_0_ISR                      
0     00094b7f  MCANA_1_ISR                      
0     00094b89  MCANA_ECC_ISR                    
0     00094b93  MCANA_WAKE_ISR                   
0     00094b9d  MPOST_ISR                        
0     00088cd6  MainISR                          
0     00094ba7  NMI_ISR                          
0     00094bb1  NOTUSED_ISR                      
0     000943cc  OLED_WR_Byte                     
0     00094bbb  PIE_RESERVED_ISR                 
0     00094bc5  PMBUSA_ISR                       
0     00084e00  PieVectTableInit                 
0     00087b75  PinMux_init                      
0     00094bcf  RAM_ACC_VIOL_ISR                 
0     00094bd9  RAM_CORR_ERR_ISR                 
0     00094be3  RTOS_ISR                         
0     000810a5  RamfuncsLoadEnd                  
abs   000000a5  RamfuncsLoadSize                 
0     00081000  RamfuncsLoadStart                
0     000080a5  RamfuncsRunEnd                   
abs   000000a5  RamfuncsRunSize                  
0     00008000  RamfuncsRunStart                 
0     00094bed  SCIA_RX_ISR                      
0     00094bf7  SCIA_TX_ISR                      
0     00094c01  SCIB_RX_ISR                      
0     00094c0b  SCIB_TX_ISR                      
0     0009420d  SCI_clearInterruptStatus         
0     0009437f  SCI_enableInterrupt              
0     00094e09  SCI_init                         
0     00094047  SCI_readCharArray                
0     00093fde  SCI_setConfig                    
0     00094c15  SDFM1DR1_ISR                     
0     00094c1f  SDFM1DR2_ISR                     
0     00094c29  SDFM1DR3_ISR                     
0     00094c33  SDFM1DR4_ISR                     
0     00094c3d  SDFM1_ISR                        
0     00094c47  SDFM2DR1_ISR                     
0     00094c51  SDFM2DR2_ISR                     
0     00094c5b  SDFM2DR3_ISR                     
0     00094c65  SDFM2DR4_ISR                     
0     00094c6f  SDFM2_ISR                        
0     00094c79  SPIA_RX_ISR                      
0     00094c83  SPIA_TX_ISR                      
0     00094c8d  SPIB_RX_ISR                      
0     00094c97  SPIB_TX_ISR                      
0     00094e0e  SPI_init                         
0     00094001  SPI_setConfig                    
0     00094249  SYNC_init                        
0     00090000  SYSCTL_init                      
0     00094ca1  SYS_ERR_ISR                      
0     0009452d  SysCtl_configureType             
0     000080a1  SysCtl_delay                     
0     00091950  SysCtl_isPLLValid                
0     00093b0f  SysCtl_selectOscSource           
0     00093397  SysCtl_selectXTAL                
0     000940ef  SysCtl_selectXTALSingleEnded     
0     00087ebe  SysCtl_setClock                  
0     00094cab  TIMER0_ISR                       
0     00094cb5  TIMER1_ISR                       
0     00094cbf  TIMER2_ISR                       
0     00094cc9  USER10_ISR                       
0     00094cd3  USER11_ISR                       
0     00094cdd  USER12_ISR                       
0     00094ce7  USER1_ISR                        
0     00094cf1  USER2_ISR                        
0     00094cfb  USER3_ISR                        
0     00094d05  USER4_ISR                        
0     00094d0f  USER5_ISR                        
0     00094d19  USER6_ISR                        
0     00094d23  USER7_ISR                        
0     00094d2d  USER8_ISR                        
0     00094d37  USER9_ISR                        
0     00094d41  WAKE_ISR                         
0     00094d4b  XINT1_ISR                        
0     00094d55  XINT2_ISR                        
0     00094d5f  XINT3_ISR                        
0     00094d69  XINT4_ISR                        
0     00094d73  XINT5_ISR                        
0     0000b442  __CIOBUF_                        
0     00081128  __TI_CINIT_Base                  
0     00081138  __TI_CINIT_Limit                 
0     00081138  __TI_CINIT_Warm                  
0     0008111a  __TI_Handler_Table_Base          
0     00081120  __TI_Handler_Table_Limit         
0     00000600  __TI_STACK_END                   
abs   00000200  __TI_STACK_SIZE                  
abs   00000400  __TI_SYSMEM_SIZE                 
0     00093d71  __TI_auto_init_nobinit_nopinit   
0     00091693  __TI_cleanup                     
0     0000b7e6  __TI_cleanup_ptr                 
0     00092e78  __TI_closefile                   
0     00093ba1  __TI_decompress_lzss             
0     00094da2  __TI_decompress_none             
0     00092ad8  __TI_doflush                     
0     0000b7e8  __TI_dtors_ptr                   
0     0000b7e4  __TI_enable_exit_profile_output  
0     0000b7f2  __TI_ft_end                      
0     0009088e  __TI_heap_check                  
0     0009086f  __TI_heap_largest_available      
0     00090850  __TI_heap_total_available        
0     00093bd1  __TI_ltoa                        
abs   ffffffff  __TI_pprof_out_hndl              
0     00088b51  __TI_printfi                     
abs   ffffffff  __TI_prof_data_size              
abs   ffffffff  __TI_prof_data_start             
0     00092cce  __TI_rd_ok                       
0     00092408  __TI_readmsg                     
0     0000b562  __TI_tmpnams                     
0     000923b0  __TI_writemsg                    
0     00092c94  __TI_wrt_ok                      
0     00094df3  __TI_zero_init                   
0     00092314  __c28xabi_addd                   
0     00094448  __c28xabi_andll                  
0     00093d9c  __c28xabi_cmpd                   
0     0009422b  __c28xabi_cmpll                  
0     0009423d  __c28xabi_cmpull                 
0     00092563  __c28xabi_divd                   
0     00093dc6  __c28xabi_divl                   
0     00091a68  __c28xabi_divll                  
0     00094803  __c28xabi_divu                   
0     00093de3  __c28xabi_divul                  
0     00091ade  __c28xabi_divull                 
[...]
0     00091086  gmp_dev_dl_loop_cb               
0     00091230  IRIS_ADCB_init                   
0     0009138c  IRIS_ADCA_init                   
0     000914c3  gmp_param_tunable_rx_cb          
0     00091693  __TI_cleanup                     
0     000916b0  freopen                          
0     000916ce  fopen                            
0     00091715  IRIS_ADCC_init                   
0     00091950  SysCtl_isPLLValid                
0     00091a68  __c28xabi_divll                  
0     00091aa4  __c28xabi_modll                  
0     00091ade  __c28xabi_divull                 
0     00091b0d  __c28xabi_modull                 
0     00091c64  CAN_init                         
0     00091c64  IRIS_CAN_init                    
0     00091d47  gmp_pil_sim_rx_cb                
0     00091e2a  gmp_hal_iic_read_mem             
0     00091ef7  gmp_hal_iic_write_mem            
0     00091fb2  CAN_setupMessageObject           
0     00092067  tsk_key_flush                    
0     00092116  gmp_base_show_label              
0     000921c3  ldexp                            
0     000921c3  ldexpl                           
0     000921c3  scalbn                           
0     000921c3  scalbnl                          
0     0009226c  fputs                            
0     00092301  puts                             
0     00092314  __c28xabi_addd                   
0     000923b0  __TI_writemsg                    
0     00092403  C$$IO$$                          
0     00092408  __TI_readmsg                     
0     00092445  gmp_dev_dl_tx_warp               
0     000924d6  oled_init                        
0     00092563  __c28xabi_divd                   
0     000925ee  __c28xabi_mpyd                   
0     00092671  IRIS_EQEP1_init                  
0     000926f3  IRIS_EQEP2_init                  
0     00092775  IRIS_UART_USB_init               
0     00092875  ht16k33_read_keys                
0     000928f2  setvbuf                          
0     0009296e  IRIS_UART_RS232_init             
0     000929e9  gmp_hal_iic_write_reg            
0     00092ad8  __TI_doflush                     
0     00092b07  fflush                           
0     00092b4b  gmp_hal_uart_write               
0     00092bbd  open                             
0     00092c2e  gmp_hal_iic_write_cmd            
0     00092c94  __TI_wrt_ok                      
0     00092cce  __TI_rd_ok                       
0     00092cf9  INT_IRIS_CAN_0_ISR               
0     00092d5a  HOSTlseek                        
0     00092dbb  setup_peripheral                 
0     00092e78  __TI_closefile                   
0     00092ebc  fclose                           
0     00092ed5  Device_init                      
0     00092f31  I2C_init                         
0     00092f31  IRIS_IIC_init                    
0     00092f8d  tsk_startup                      
0     00092fe8  frexp                            
0     00092fe8  frexpl                           
0     00093042  tsk_psu_encoder                  
0     0009309c  gmp_scheduler_dispatch           
0     000930f5  finddevice                       
0     00093110  getdevice                        
0     00093146  gmp_dev_dl_tx_append_u32         
0     00093194  Interrupt_disable                
0     000931e0  oled_clear                       
0     000932c3  IRIS_SPI_OUT_init                
0     00093352  CAN_readMessage                  
0     00093397  SysCtl_selectXTAL                
0     00093466  GPIO_setAnalogMode               
0     000934aa  INT_IRIS_UART_USB_RX_ISR         
0     00093532  IRIS_SPI_FPGA_BRIDGE_init        
0     00093575  initI2C                          
0     000935b8  oled_show_char                   
0     000935f8  tsk_dl_debug_device              
0     00093638  GPIO_setPadConfig                
0     00093677  I2C_initController               
0     000936b5  Interrupt_initModule             
0     000936f3  HOSTrename                       
0     00093731  INTERRUPT_init                   
0     0009376e  fseek                            
0     0009376e  fseeko                           
0     000937ab  init                             
0     000937e7  gmp_dev_dl_default_rx_handler    
0     00093821  HOSTopen                         
0     00093894  HOSTwrite                        
0     000938cd  gmp_dev_dl_push_str              
0     00093905  HOSTread                         
0     0009393d  ctl_init                         
0     00093974  EQEP_setInputPolarity            
0     000939a9  Interrupt_enable                 
0     00093a13  gmp_csp_startup                  
0     00093a46  close                            
0     00093a79  tsk_psu_alarm                    
0     00093aac  sprintf                          
0     00093ade  CAN_setBitTiming                 
0     00093b0f  SysCtl_selectOscSource           
0     00093b40  atoi                             
0     00093ba1  __TI_decompress_lzss             
0     00093bd1  __TI_ltoa                        
0     00093c01  vsprintf                         
0     00093c31  GPIO_setPinConfig                
0     00093c60  gmp_scheduler_add_task           
0     00093c8f  gmp_dev_dl_tx_append_u16         
0     00093cbd  gmp_hal_gpio_write               
0     00093ceb  FSITX_init                       
0     00093ceb  myBoardFSI0_FSITX_init           
0     00093d18  oled_set_position                
0     00093d45  FSI_performTxInitialization      
0     00093d71  __TI_auto_init_nobinit_nopinit   
0     00093d9c  __c28xabi_cmpd                   
0     00093dc6  __c28xabi_divl                   
0     00093dd5  __c28xabi_modl                   
0     00093de3  __c28xabi_divul                  
0     00093dea  __c28xabi_modul                  
0     00093df0  C$$EXIT                          
0     00093df0  abort                            
0     00093df2  exit                             
0     00093e19  HOSTclose                        
0     00093e42  gmp_base_print_c28xsyscfg        
0     00093e6a  gmp_dev_dl_tx_append_payload     
0     00093eb8  GPIO_setControllerCore           
0     00093ede  GPIO_setQualificationMode        
0     00093f04  Board_init                       
0     00093f4e  gmp_scheduler_init               
0     00093f96  HOSTunlink                       
0     00093fba  copysign                         
0     00093fba  copysignl                        
0     00093fde  SCI_setConfig                    
0     00094001  SPI_setConfig                    
0     00094024  CPUTIMER_init                    
0     00094024  myCPUTIMER0_init                 
0     00094047  SCI_readCharArray                
0     00094069  ht16k33_update_display           
0     0009408b  oled_show_str                    
0     000940ad  IRIS_DACA_init                   
0     000940ce  IRIS_DACB_init                   
0     000940ef  SysCtl_selectXTALSingleEnded     
0     00094110  gmp_base_calculate_crc16         
0     00094152  __c28xabi_dtoi                   
0     00094173  GPIO_setDirectionMode            
0     00094192  gmp_dev_dl_reply_nack            
0     000941b1  gmp_dev_dl_tx_append_u8          
0     000941d0  __c28xabi_dtol                   
0     000941ef  ADC_setOffsetTrimAll             
0     0009420d  SCI_clearInterruptStatus         
0     0009422b  __c28xabi_cmpll                  
0     0009423d  __c28xabi_cmpull                 
0     00094249  SYNC_init                        
0     00094266  flush_dl_tx_buffer               
0     000942a0  __c28xabi_itod                   
0     000942bd  memcpy                           
0     000942da  Interrupt_initVectorTable        
0     00094312  __c28xabi_ltod                   
0     0009432e  CAN_clearInterruptStatus         
0     00094349  Device_initGPIO                  
0     00094364  flush_dl_rx_buffer               
0     0009437f  SCI_enableInterrupt              
0     00094399  ctl_init_psu_mode_detection      
0     000943b3  ADC_setVREF                      
0     000943cc  OLED_WR_Byte                     
0     000943e5  FSIRX_init                       
0     000943e5  myBoardFSI0_FSIRX_init           
0     000943fe  remove                           
0     000943fe  unlink                           
0     00094417  write                            
0     00094448  __c28xabi_andll                  
0     00094450  __c28xabi_orll                   
0     00094458  __c28xabi_xorll                  
0     00094460  lseek                            
0     00094478  update_led_content_8byte         
0     00094490  FSI_clearRxModuleReset           
0     000944a7  INT_IRIS_CAN_1_ISR               
0     000944be  gmp_step_system_tick             
0     000944d5  _c_int00                         
0     000944ec  FSI_clearTxModuleReset           
0     00094502  ctl_init_psu_protection          
0     00094518  CAN_initModule                   
0     0009452d  SysCtl_configureType             
0     00094542  strncpy                          
0     00094557  FSI_resetRxModule                
0     0009456b  IRIS_GPIO1_init                  
0     0009457f  IRIS_GPIO2_init                  
0     00094593  IRIS_GPIO3_init                  
0     000945a7  IRIS_GPIO4_init                  
0     000945bb  IRIS_GPIO5_init                  
0     000945cf  IRIS_GPIO6_init                  
0     000945e3  IRIS_GPIO_SPI_RST_init           
0     000945f7  IRIS_LED1_init                   
0     0009460b  IRIS_LED2_init                   
0     0009461f  gmp_dev_dl_tx_request_cmd        
0     00094647  FSI_resetTxModule                
0     0009465a  GPIO_init                        
0     0009466d  I2C_enableInterrupt              
0     00094693  FSI_performRxInitialization      
0     000946c9  I2C_clearInterruptStatus         
0     000946da  INT_IRIS_UART_RS232_RX_ISR       
0     000946eb  main                             
0     0009470d  tsk_LED_flush                    
0     0009471e  gmp_dev_dl_init                  
0     0009472e  memccpy                          
0     0009473e  gmp_dev_dl_reply_ack_null        
0     0009474d  gmp_dev_dl_tx_request            
0     00094778  psu_write_output_switch          
0     00094786  __c28xabi_subd                   
0     00094794  EMPTY_ISR                        
0     000947a1  ctl_init_adc_channel             
0     000947ae  _abort_msg                       
0     000947bb  memchr                           
0     000947c8  Interrupt_defaultHandler         
0     000947d4  gmp_pil_sim_init                 
0     000947e0  _args_main                       
0     000947ec  strchr                           
0     000947f8  ASYSCTL_init                     
0     00094803  __c28xabi_divu                   
0     00094808  __c28xabi_modu                   
0     0009480e  wcslen                           
0     00094819  ADCA1_ISR                        
0     00094823  ADCA2_ISR                        
0     0009482d  ADCA3_ISR                        
0     00094837  ADCA4_ISR                        
0     00094841  ADCA_EVT_ISR                     
0     0009484b  ADCB1_ISR                        
0     00094855  ADCB2_ISR                        
0     0009485f  ADCB3_ISR                        
0     00094869  ADCB4_ISR                        
0     00094873  ADCB_EVT_ISR                     
0     0009487d  ADCC1_ISR                        
0     00094887  ADCC2_ISR                        
0     00094891  ADCC3_ISR                        
0     0009489b  ADCC4_ISR                        
0     000948a5  ADCC_EVT_ISR                     
0     000948af  AES_SINTREQUEST_ISR              
0     000948b9  BGCRC_CLA1_ISR                   
0     000948c3  BGCRC_ISR                        
0     000948cd  CANA0_ISR                        
0     000948d7  CANA1_ISR                        
0     000948e1  CLA1_1_ISR                       
0     000948eb  CLA1_2_ISR                       
0     000948f5  CLA1_3_ISR                       
0     000948ff  CLA1_4_ISR                       
0     00094909  CLA1_5_ISR                       
0     00094913  CLA1_6_ISR                       
0     0009491d  CLA1_7_ISR                       
0     00094927  CLA1_8_ISR                       
0     00094931  CLA_OVERFLOW_ISR                 
0     0009493b  CLA_UNDERFLOW_ISR                
0     00094945  CLB1_ISR                         
0     0009494f  CLB2_ISR                         
0     00094959  CLB3_ISR                         
0     00094963  CLB4_ISR                         
0     0009496d  DATALOG_ISR                      
0     00094977  DCC0_ISR                         
0     00094981  DCC1_ISR                         
0     0009498b  DMA_CH1_ISR                      
0     00094995  DMA_CH2_ISR                      
0     0009499f  DMA_CH3_ISR                      
0     000949a9  DMA_CH4_ISR                      
0     000949b3  DMA_CH5_ISR                      
0     000949bd  DMA_CH6_ISR                      
0     000949c7  ECAP1_ISR                        
0     000949d1  ECAP2_ISR                        
0     000949db  ECAP3_2_ISR                      
0     000949e5  ECAP3_ISR                        
0     000949ef  EMU_ISR                          
0     000949f9  EPWM1_ISR                        
0     00094a03  EPWM1_TZ_ISR                     
0     00094a0d  EPWM2_ISR                        
0     00094a17  EPWM2_TZ_ISR                     
0     00094a21  EPWM3_ISR                        
0     00094a2b  EPWM3_TZ_ISR                     
0     00094a35  EPWM4_ISR                        
0     00094a3f  EPWM4_TZ_ISR                     
0     00094a49  EPWM5_ISR                        
0     00094a53  EPWM5_TZ_ISR                     
0     00094a5d  EPWM6_ISR                        
0     00094a67  EPWM6_TZ_ISR                     
0     00094a71  EPWM7_ISR                        
0     00094a7b  EPWM7_TZ_ISR                     
0     00094a85  EPWM8_ISR                        
0     00094a8f  EPWM8_TZ_ISR                     
0     00094a99  EQEP1_ISR                        
0     00094aa3  EQEP2_ISR                        
0     00094aad  FLASH_CORR_ERR_ISR               
0     00094ab7  FMC_ISR                          
0     00094ac1  FPU_OVERFLOW_ISR                 
0     00094acb  FPU_UNDERFLOW_ISR                
0     00094ad5  FSIRXA1_ISR                      
0     00094adf  FSIRXA2_ISR                      
0     00094ae9  FSITXA1_ISR                      
0     00094af3  FSITXA2_ISR                      
0     00094afd  HICA_ISR                         
0     00094b07  I2CA_FIFO_ISR                    
0     00094b11  I2CA_ISR                         
0     00094b1b  I2CB_FIFO_ISR                    
0     00094b25  I2CB_ISR                         
0     00094b2f  ILLEGAL_ISR                      
0     00094b39  Interrupt_illegalOperationHandler
0     00094b43  Interrupt_nmiHandler             
0     00094b4d  LINA_0_ISR                       
0     00094b57  LINA_1_ISR                       
0     00094b61  LINB_0_ISR                       
0     00094b6b  LINB_1_ISR                       
0     00094b75  MCANA_0_ISR                      
0     00094b7f  MCANA_1_ISR                      
0     00094b89  MCANA_ECC_ISR                    
0     00094b93  MCANA_WAKE_ISR                   
0     00094b9d  MPOST_ISR                        
0     00094ba7  NMI_ISR                          
0     00094bb1  NOTUSED_ISR                      
0     00094bbb  PIE_RESERVED_ISR                 
0     00094bc5  PMBUSA_ISR                       
0     00094bcf  RAM_ACC_VIOL_ISR                 
0     00094bd9  RAM_CORR_ERR_ISR                 
0     00094be3  RTOS_ISR                         
0     00094bed  SCIA_RX_ISR                      
0     00094bf7  SCIA_TX_ISR                      
0     00094c01  SCIB_RX_ISR                      
0     00094c0b  SCIB_TX_ISR                      
0     00094c15  SDFM1DR1_ISR                     
0     00094c1f  SDFM1DR2_ISR                     
0     00094c29  SDFM1DR3_ISR                     
0     00094c33  SDFM1DR4_ISR                     
0     00094c3d  SDFM1_ISR                        
0     00094c47  SDFM2DR1_ISR                     
0     00094c51  SDFM2DR2_ISR                     
0     00094c5b  SDFM2DR3_ISR                     
0     00094c65  SDFM2DR4_ISR                     
0     00094c6f  SDFM2_ISR                        
0     00094c79  SPIA_RX_ISR                      
0     00094c83  SPIA_TX_ISR                      
0     00094c8d  SPIB_RX_ISR                      
0     00094c97  SPIB_TX_ISR                      
0     00094ca1  SYS_ERR_ISR                      
0     00094cab  TIMER0_ISR                       
0     00094cb5  TIMER1_ISR                       
0     00094cbf  TIMER2_ISR                       
0     00094cc9  USER10_ISR                       
0     00094cd3  USER11_ISR                       
0     00094cdd  USER12_ISR                       
0     00094ce7  USER1_ISR                        
0     00094cf1  USER2_ISR                        
0     00094cfb  USER3_ISR                        
0     00094d05  USER4_ISR                        
0     00094d0f  USER5_ISR                        
0     00094d19  USER6_ISR                        
0     00094d23  USER7_ISR                        
0     00094d2d  USER8_ISR                        
0     00094d37  USER9_ISR                        
0     00094d41  WAKE_ISR                         
0     00094d4b  XINT1_ISR                        
0     00094d55  XINT2_ISR                        
0     00094d5f  XINT3_ISR                        
0     00094d69  XINT4_ISR                        
0     00094d73  XINT5_ISR                        
0     00094d7d  strcmp                           
0     00094d87  gmp_param_tunable_init           
0     00094d90  _register_unlock                 
0     00094d94  _register_lock                   
0     00094d98  _nop                             
0     00094d99  __c28xabi_negd                   
0     00094da2  __TI_decompress_none             
0     00094db2  gmp_dev_dl_tx_ready              
0     00094dba  strlen                           
0     00094dc2  alarm_led_off                    
0     00094dc9  alarm_led_on                     
0     00094dd0  beep_off                         
0     00094dd7  beep_on                          
0     00094dde  output_led_off                   
0     00094de5  output_led_on                    
0     00094dec  memset                           
0     00094df3  __TI_zero_init                   
0     00094df9  gmp_mem_persp_init               
0     00094dff  DAC_init                         
0     00094e04  EQEP_init                        
0     00094e09  SCI_init                         
0     00094e0e  SPI_init                         
0     00094e13  gmp_dev_dl_msg_handled           
0     00094e18  mainloop                         
0     00094e1d  strcpy                           
0     00094e22  ctl_init_divider                 
0     00094e26  gmp_base_get_system_tick         
0     00094e2a  gmp_csp_post_process             
0     00094e2e  gmp_dev_dl_tx_state_done         
0     00094e36  _system_pre_init                 
0     00094e38  ctl_mainloop                     
0     00094e39  gmp_pil_sim_step                 
0     00094e3a  _system_post_cinit               
abs   00000000  Cla1ConstLoadSize                
abs   00000000  Cla1ProgLoadSize                 
abs   000000a5  RamfuncsLoadSize                 
abs   000000a5  RamfuncsRunSize                  
abs   00000200  __TI_STACK_SIZE                  
abs   00000400  __TI_SYSMEM_SIZE                 
abs   ffffffff  __TI_pprof_out_hndl              
abs   ffffffff  __TI_prof_data_size              
abs   ffffffff  __TI_prof_data_start             
n/a   UNDEFED   __c_args__                       

[487 symbols]
