******************************************************************************
             TMS320C2000 Linker PC v22.6.1                     
******************************************************************************
>> Linked Mon Jul 13 18:28:05 2026

OUTPUT FILE NAME:   <Iris_Node_Env.out>
ENTRY POINT SYMBOL: "_c_int00"  address: 00094ed6


MEMORY CONFIGURATION

         name            origin    length      used     unused   attr    fill
----------------------  --------  ---------  --------  --------  ----  --------
PAGE 0:
  BOOT_RSVD             00000002   00000126  00000000  00000126  RWIX
  RAMM0                 00000128   000002d8  00000000  000002d8  RWIX
  RAMM1                 00000400   000003f8  00000200  000001f8  RWIX
  CLA1_MSGRAMLOW        00001480   00000080  00000000  00000080  RWIX
  CLA1_MSGRAMHIGH       00001500   00000080  00000000  00000080  RWIX
  RAMLS0                00008000   00000800  000000ea  00000716  RWIX
  RAMLS1                00008800   00000800  00000000  00000800  RWIX
  RAMLS2                00009000   00000800  00000000  00000800  RWIX
  RAMLS3                00009800   00000800  00000000  00000800  RWIX
  RAMLS4                0000a000   00000800  00000000  00000800  RWIX
  RAMLS5                0000a800   00000800  00000800  00000000  RWIX
  RAMLS6                0000b000   00000800  00000800  00000000  RWIX
  RAMLS7                0000b800   00000800  00000164  0000069c  RWIX
  RAMGS0                0000c000   00001000  00000000  00001000  RWIX
  RAMGS1                0000d000   00001000  00000000  00001000  RWIX
  RAMGS2                0000e000   00001000  00000000  00001000  RWIX
  RAMGS3                0000f000   00000ff8  00000000  00000ff8  RWIX
  BEGIN                 00080000   00000002  00000002  00000000  RWIX
  FLASH_BANK0_SEC0      00080002   00000ffe  00000000  00000ffe  RWIX
  FLASH_BANK0_SEC1      00081000   00001000  00000182  00000e7e  RWIX
  FLASH_BANK0_SEC2      00082000   00001000  00000000  00001000  RWIX
  FLASH_BANK0_SEC3      00083000   00001000  00000000  00001000  RWIX
  FLASH_BANK0_SEC4      00084000   00001000  00000fff  00000001  RWIX
  FLASH_BANK0_SEC5      00085000   00001000  00000476  00000b8a  RWIX
  FLASH_BANK0_SEC6      00086000   00001000  00000000  00001000  RWIX
  FLASH_BANK0_SEC7      00087000   00001000  00001000  00000000  RWIX
  FLASH_BANK0_SEC8      00088000   00001000  00001000  00000000  RWIX
  FLASH_BANK0_SEC9      00089000   00001000  00000000  00001000  RWIX
  FLASH_BANK0_SEC10     0008a000   00001000  00000000  00001000  RWIX
  FLASH_BANK0_SEC11     0008b000   00001000  00000000  00001000  RWIX
  FLASH_BANK0_SEC12     0008c000   00001000  00000000  00001000  RWIX
  FLASH_BANK0_SEC13     0008d000   00001000  00000000  00001000  RWIX
  FLASH_BANK0_SEC14     0008e000   00001000  00000000  00001000  RWIX
  FLASH_BANK0_SEC15     0008f000   00001000  00000000  00001000  RWIX
  FLASH_BANK1           00090000   0000fff0  0000589e  0000a752  RWIX
  FLASH_BANK2           000a0000   0000f000  00000000  0000f000  RWIX
  FLASH_SETTINGS        000af000   00000ff0  00000000  00000ff0  RWIX
  FLASH_BANK2_RSVD      000afff0   00000010  00000000  00000010  RWIX
  SECURE_ROM            003f2000   00006000  00000000  00006000  RWIX
  BOOTROM               003f8000   00007fc0  00000000  00007fc0  RWIX
  RESET                 003fffc0   00000002  00000000  00000002  RWIX

PAGE 1:
  ADCARESULT            00000b00   00000018  00000000  00000018  RWIX
  ADCBRESULT            00000b20   00000018  00000000  00000018  RWIX
  ADCCRESULT            00000b40   00000018  00000000  00000018  RWIX
  CPUTIMER0             00000c00   00000008  00000000  00000008  RWIX
  CPUTIMER1             00000c08   00000008  00000000  00000008  RWIX
  CPUTIMER2             00000c10   00000008  00000000  00000008  RWIX
  PIECTRL               00000ce0   0000001a  00000000  0000001a  RWIX
  PIEVECTTABLE          00000d00   00000200  00000000  00000200  RWIX
  DMA                   00001000   00000200  00000000  00000200  RWIX
  CLA1                  00001400   00000080  00000000  00000080  RWIX
  CLB1LOGICCFG          00003000   00000052  00000000  00000052  RWIX
  CLB1LOGICCTRL         00003100   00000040  00000000  00000040  RWIX
  CLB1DATAEXCH          00003180   00000080  00000000  00000080  RWIX
  CLB2LOGICCFG          00003400   00000052  00000000  00000052  RWIX
  CLB2LOGICCTRL         00003500   00000040  00000000  00000040  RWIX
  CLB2DATAEXCH          00003580   00000080  00000000  00000080  RWIX
  CLB3LOGICCFG          00003800   00000052  00000000  00000052  RWIX
  CLB3LOGICCTRL         00003900   00000040  00000000  00000040  RWIX
  CLB3DATAEXCH          00003980   00000080  00000000  00000080  RWIX
  CLB4LOGICCFG          00003c00   00000052  00000000  00000052  RWIX
  CLB4LOGICCTRL         00003d00   00000040  00000000  00000040  RWIX
  CLB4DATAEXCH          00003d80   00000080  00000000  00000080  RWIX
  EPWM1                 00004000   00000100  00000000  00000100  RWIX
  EPWM2                 00004100   00000100  00000000  00000100  RWIX
  EPWM3                 00004200   00000100  00000000  00000100  RWIX
  EPWM4                 00004300   00000100  00000000  00000100  RWIX
  EPWM5                 00004400   00000100  00000000  00000100  RWIX
  EPWM6                 00004500   00000100  00000000  00000100  RWIX
  EPWM7                 00004600   00000100  00000000  00000100  RWIX
  EPWM8                 00004700   00000100  00000000  00000100  RWIX
  EQEP1                 00005100   00000040  00000000  00000040  RWIX
  EQEP2                 00005140   00000040  00000000  00000040  RWIX
  ECAP1                 00005200   00000020  00000000  00000020  RWIX
  ECAP2                 00005240   00000020  00000000  00000020  RWIX
  ECAP3                 00005280   00000020  00000000  00000020  RWIX
  HRCAP3                000052a0   00000020  00000000  00000020  RWIX
  DACA                  00005c00   00000008  00000000  00000008  RWIX
  DACB                  00005c10   00000008  00000000  00000008  RWIX
  CMPSS1                00005c80   00000020  00000000  00000020  RWIX
  CMPSS2                00005ca0   00000020  00000000  00000020  RWIX
  CMPSS3                00005cc0   00000020  00000000  00000020  RWIX
  CMPSS4                00005ce0   00000020  00000000  00000020  RWIX
  SDFM1                 00005e00   00000080  00000000  00000080  RWIX
  SDFM2                 00005e80   00000080  00000000  00000080  RWIX
  SPIA                  00006100   00000010  00000000  00000010  RWIX
  SPIB                  00006110   00000010  00000000  00000010  RWIX
  BGCRCCPU              00006340   00000040  00000000  00000040  RWIX
  BGCRCCLA1             00006380   00000040  00000000  00000040  RWIX
  PMBUSA                00006400   00000020  00000000  00000020  RWIX
  HIC                   00006500   00000080  00000000  00000080  RWIX
  FSITXA                00006600   00000050  00000000  00000050  RWIX
  FSIRXA                00006680   00000050  00000000  00000050  RWIX
  LINA                  00006a00   000000ec  00000000  000000ec  RWIX
  LINB                  00006b00   000000ec  00000000  000000ec  RWIX
  WD                    00007000   0000002c  00000000  0000002c  RWIX
  NMIINTRUPT            00007060   00000010  00000000  00000010  RWIX
  XINT                  00007070   0000000c  00000000  0000000c  RWIX
  SCIA                  00007200   00000010  00000000  00000010  RWIX
  SCIB                  00007210   00000010  00000000  00000010  RWIX
  I2CA                  00007300   00000022  00000000  00000022  RWIX
  I2CB                  00007340   00000022  00000000  00000022  RWIX
  ADCA                  00007400   00000080  00000000  00000080  RWIX
  ADCB                  00007480   00000080  00000000  00000080  RWIX
  ADCC                  00007500   00000080  00000000  00000080  RWIX
  INPUTXBAR             00007900   00000020  00000000  00000020  RWIX
  XBAR                  00007920   00000020  00000000  00000020  RWIX
  SYNCSOC               00007940   00000006  00000000  00000006  RWIX
  CLBINPUTXBAR          00007960   00000020  00000000  00000020  RWIX
  DMACLASRCSEL          00007980   0000001a  00000000  0000001a  RWIX
  EPWMXBAR              00007a00   00000040  00000000  00000040  RWIX
  CLBXBAR               00007a40   00000040  00000000  00000040  RWIX
  OUTPUTXBAR            00007a80   00000040  00000000  00000040  RWIX
  CLBOUTPUTXBAR         00007bc0   00000040  00000000  00000040  RWIX
  GPIOCTRL              00007c00   00000200  00000000  00000200  RWIX
  GPIODATA              00007f00   00000040  00000000  00000040  RWIX
  GPIODATAREAD          00007f80   00000010  00000000  00000010  RWIX
  LFU                   00007fe0   00000020  00000000  00000020  RWIX
  CANA                  00048000   00000200  00000000  00000200  RWIX
  MCANASS               0005c400   0000002c  00000000  0000002c  RWIX
  MCANA                 0005c600   00000100  00000000  00000100  RWIX
  MCANAERROR            0005c800   00000210  00000000  00000210  RWIX
  DEVCFG                0005d000   000001b0  00000000  000001b0  RWIX
  CLKCFG                0005d200   00000100  00000000  00000100  RWIX
  CPUSYS                0005d300   000000a0  00000000  000000a0  RWIX
  SYSSTATUS             0005d400   00000040  00000000  00000040  RWIX
  PERIPHAC              0005d500   00000200  00000000  00000200  RWIX
  ANALOGSUBSYS          0005d700   00000122  00000000  00000122  RWIX
  DCC0                  0005e700   00000038  00000000  00000038  RWIX
  DCC1                  0005e740   00000038  00000000  00000038  RWIX
  ERADGLOBAL            0005e800   00000014  00000000  00000014  RWIX
  ERADHWBP1             0005e900   00000008  00000000  00000008  RWIX
  ERADHWBP2             0005e908   00000008  00000000  00000008  RWIX
  ERADHWBP3             0005e910   00000008  00000000  00000008  RWIX
  ERADHWBP4             0005e918   00000008  00000000  00000008  RWIX
  ERADHWBP5             0005e920   00000008  00000000  00000008  RWIX
  ERADHWBP6             0005e928   00000008  00000000  00000008  RWIX
  ERADHWBP7             0005e930   00000008  00000000  00000008  RWIX
  ERADHWBP8             0005e938   00000008  00000000  00000008  RWIX
  ERADCOUNTER1          0005e980   00000010  00000000  00000010  RWIX
  ERADCOUNTER2          0005e990   00000010  00000000  00000010  RWIX
  ERADCOUNTER3          0005e9a0   00000010  00000000  00000010  RWIX
  ERADCOUNTER4          0005e9b0   00000010  00000000  00000010  RWIX
  ERADCRCGLOBAL         0005ea00   00000010  00000000  00000010  RWIX
  ERADCRC1              0005ea10   00000010  00000000  00000010  RWIX
  ERADCRC2              0005ea20   00000010  00000000  00000010  RWIX
  ERADCRC3              0005ea30   00000010  00000000  00000010  RWIX
  ERADCRC4              0005ea40   00000010  00000000  00000010  RWIX
  ERADCRC5              0005ea50   00000010  00000000  00000010  RWIX
  ERADCRC6              0005ea60   00000010  00000000  00000010  RWIX
  ERADCRC7              0005ea70   00000010  00000000  00000010  RWIX
  ERADCRC8              0005ea80   00000010  00000000  00000010  RWIX
  EPG1                  0005ec00   00000050  00000000  00000050  RWIX
  EPG1MUX               0005ecd0   00000010  00000000  00000010  RWIX
  DCSMZ1                0005f000   0000003e  00000000  0000003e  RWIX
  DCSMZ2                0005f080   0000003e  00000000  0000003e  RWIX
  DCSMCOMMON            0005f0c0   00000020  00000000  00000020  RWIX
  MEMCFG                0005f400   000000c0  00000000  000000c0  RWIX
  ACCESSPROTECTION      0005f500   00000040  00000000  00000040  RWIX
  MEMORYERROR           0005f540   00000040  00000000  00000040  RWIX
  TESTERROR             0005f590   00000010  00000000  00000010  RWIX
  FLASH0CTRL            0005f800   00000182  00000000  00000182  RWIX
  FLASH0ECC             0005fb00   00000028  00000000  00000028  RWIX
  UID                   00070200   00000010  00000000  00000010  RWIX
  DCSMZ1OTP             00078000   00000020  00000000  00000020  RWIX
  DCSMZ2OTP             00078200   00000020  00000000  00000020  RWIX


SECTION ALLOCATION MAP

 output                                  attributes/
section   page    origin      length       input sections
--------  ----  ----------  ----------   ----------------
codestart 
*          0    00080000    00000002     
                  00080000    00000002     f28003x_codestartbranch.obj (codestart)

.cinit     0    000810f0    00000098     
                  000810f0    0000006b     (.cinit..data.2.load) [load image, compression = lzss]
                  0008115b    0000000f     (.cinit..data.1.load) [load image, compression = lzss]
                  0008116a    00000006     (__TI_handler_table)
                  00081170    00000004     (.cinit..bss.1.load) [load image, compression = zero_init]
                  00081174    00000004     (.cinit..bss.2.load) [load image, compression = zero_init]
                  00081178    00000010     (__TI_cinit_table)

.reset     0    003fffc0    00000000     DSECT

.stack     0    00000400    00000200     UNINITIALIZED
                  00000400    00000200     --HOLE--

.init_array 
*          0    00083000    00000000     UNINITIALIZED

.sysmem    0    0000a800    00000400     UNINITIALIZED
                  0000a800    00000004     rts2800_fpu32_eabi.lib : memory.c.obj (.sysmem)
                  0000a804    000003fc     --HOLE--

Cla1Prog   0    00008000    00000000     UNINITIALIZED

.const_cla 
*          0    00008800    00000000     UNINITIALIZED

.TI.ramfunc 
*          0    00081000    000000ea     RUN ADDR = 00008000
                  00081000    000000a1     flash.obj (.TI.ramfunc:Flash_initModule)
                  000810a1    00000025     psu_persistence.obj (.TI.ramfunc:psu_flash_erase_settings_sector)
                  000810c6    00000020     psu_persistence.obj (.TI.ramfunc:psu_flash_program_record)
                  000810e6    00000004     sysctl.obj (.TI.ramfunc)

.bss.1     0    0000ac00    00000400     UNINITIALIZED
                  0000ac00    00000400     user_main.obj (.bss:ram_range)

.bss.2     0    0000b000    000007d2     UNINITIALIZED
                  0000b000    00000442     user_main.obj (.bss)
                  0000b442    00000120     rts2800_fpu32_eabi.lib : trgmsg.c.obj (.bss:_CIOBUF_)
                  0000b562    000000a0                            : defs.c.obj (.bss:__TI_tmpnams)
                  0000b602    00000081     oled_driver.obj (.bss:blank_page$5)
                  0000b683    00000080     sysconfig_adapter.obj (.bss:str$1)
                  0000b703    00000001     --HOLE--
                  0000b704    00000024     iris_peripheral.obj (.bss)
                  0000b728    00000009     oled_driver.obj (.bss:tx_payload$6)
                  0000b731    00000001     --HOLE--
                  0000b732    00000006     FAPI_F28003x_EABI_v1.58.10.lib : Init.obj (.bss)
                  0000b738    00000008     psu_persistence.obj (.bss:flash_write_buffer)
                  0000b740    00000072     ctl_main.obj (.bss)
                  0000b7b2    00000008     rts2800_fpu32_eabi.lib : hostopen.c.obj (.bss:parmbuf)
                  0000b7ba    00000006     sysconfig_adapter.obj (.bss)
                  0000b7c0    00000008     psu_persistence.obj (.bss)
                  0000b7c8    00000004     oled_driver.obj (.bss:page_cmd$4)
                  0000b7cc    00000004     oled_driver.obj (.bss:pos_cmds$1)
                  0000b7d0    00000002     rts2800_fpu32_eabi.lib : memory.c.obj (.bss)

.data.1    0    0000b7d2    0000002e     UNINITIALIZED
                  0000b7d2    00000028     rts2800_fpu32_eabi.lib : host_device.c.obj (.data:_stream)
                  0000b7fa    00000006                            : exit.c.obj (.data)

.data.2    0    0000b800    00000164     UNINITIALIZED
                  0000b800    00000078     rts2800_fpu32_eabi.lib : defs.c.obj (.data:_ftable)
                  0000b878    00000070     user_main.obj (.data:tasks)
                  0000b8e8    00000048     rts2800_fpu32_eabi.lib : host_device.c.obj (.data:_device)
                  0000b930    00000008     psu_persistence.obj (.data)
                  0000b938    00000002     rts2800_fpu32_eabi.lib : _lock.c.obj (.data:_lock)
                  0000b93a    00000002                            : _lock.c.obj (.data:_unlock)
                  0000b93c    00000002     sysconfig_adapter.obj (.data)
                  0000b93e    00000002     user_main.obj (.data)
                  0000b940    0000001f     iris_peripheral.obj (.data)
                  0000b95f    00000001     rts2800_fpu32_eabi.lib : defs.c.obj (.data)
                  0000b960    00000001                            : errno.c.obj (.data)
                  0000b961    00000001                            : fopen.c.obj (.data)
                  0000b962    00000001                            : memory.c.obj (.data)
                  0000b963    00000001                            : open.c.obj (.data)

.const.1   0    00084000    00000fff     
                  00084000    000008e7     gmp_std_port.obj (.const:.string)
                  000848e7    00000001     --HOLE-- [fill = 0]
                  000848e8    000002d8     iris_peripheral.obj (.const:.string)
                  00084bc0    00000228     oled_driver.obj (.const:F6x8)
                  00084de8    00000017     iris_peripheral.obj (.const:.string:led_lut)
                  00084dff    00000001     --HOLE-- [fill = 0]
                  00084e00    000001c0     f28003x_pievect.obj (.const)
                  00084fc0    00000039     psu_persistence.obj (.const:.string)
                  00084ff9    00000006     board.obj (.const)

.const.2   0    00085000    00000476     
                  00085000    00000164     gmp_process_mgr.obj (.const:.string)
                  00085164    00000101     rts2800_fpu32_eabi.lib : ctype.c.obj (.const:.string:_ctypes_)
                  00085265    00000100     crc16.obj (.const:crc16_ccitt_table)
                  00085365    00000001     --HOLE-- [fill = 0]
                  00085366    00000080     user_main.obj (.const:.string)
                  000853e6    00000026     rts2800_fpu32_eabi.lib : _printfi.c.obj (.const:.string)
                  0008540c    0000001c                            : _printfi.c.obj (.const)
                  00085428    0000000f     xplt.peripheral.obj (.const:.string)
                  00085437    00000001     --HOLE-- [fill = 0]
                  00085438    00000008     rts2800_fpu32_eabi.lib : s_frexp.c.obj (.const)
                  00085440    0000001c                            : s_scalbn.c.obj (.const)
                  0008545c    0000000c     user_main.obj (.const:dict_m1)
                  00085468    00000006     user_main.obj (.const:mem_regions)
                  0008546e    00000006     user_main.obj (.const)
                  00085474    00000002     rts2800_fpu32_eabi.lib : fputs.c.obj (.const:.string)

.text.1    0    00087000    00001000     
                  00087000    00000b75     board.obj (.text:EPWM_init)
                  00087b75    0000037b     FAPI_F28003x_EABI_v1.58.10.lib : FlashStateMachine.obj (.text:Fapi_setupFlashStateMachine)
                  00087ef0    00000107     rts2800_fpu32_eabi.lib : ll_div28.asm.obj (.text)
                  00087ff7    00000009     gmp_tunable.obj (.text:gmp_param_tunable_init)

.text.2    0    00088000    00001000     
                  00088000    000006c2     rts2800_fpu32_eabi.lib : _printfi.c.obj (.text)
                  000886c2    00000614                            : _printfi.c.obj (.text:__TI_printfi)
                  00088cd6    000002ba     xplt.peripheral.obj (.text:MainISR)
                  00088f90    00000070     psu_persistence.obj (.text:psu_persistence_init)

.text.3    0    00090000    0000589e     
                  00090000    000005f8     board.obj (.text:SYSCTL_init)
                  000905f8    00000349     board.obj (.text:PinMux_init)
                  00090941    00000298     rts2800_fpu32_eabi.lib : memory.c.obj (.text)
                  00090bd9    00000284     device.obj (.text:Device_enableAllPeripherals)
                  00090e5d    00000268     FAPI_F28003x_EABI_v1.58.10.lib : Program.obj (.text:Fapi_issueProgrammingCommand)
                  000910c5    000001e9     ctl_main.obj (.text:ctl_init_psu)
                  000912ae    000001ca     iris_peripheral.obj (.text:tsk_psu_display)
                  00091478    000001c7     gmp_mem_presp.obj (.text:gmp_mem_persp_rx_cb)
                  0009163f    000001aa     gmp_datalink.obj (.text:gmp_dev_dl_loop_cb)
                  000917e9    0000015c     board.obj (.text:IRIS_ADCB_init)
                  00091945    0000013b     sysctl.obj (.text:SysCtl_setClock)
                  00091a80    00000137     board.obj (.text:IRIS_ADCA_init)
                  00091bb7    00000131     gmp_tunable.obj (.text:gmp_param_tunable_rx_cb)
                  00091ce8    00000121     rts2800_fpu32_eabi.lib : fopen.c.obj (.text)
                  00091e09    0000011f     board.obj (.text:IRIS_ADCC_init)
                  00091f28    0000011c     iris_peripheral.obj (.text:psu_ui_update_normal_led)
                  00092044    00000118     sysctl.obj (.text:SysCtl_isPLLValid)
                  0009215c    000000f5     gmp_pil_core.obj (.text:sim_deserialize_inputs)
                  00092251    000000e3     board.obj (.text:IRIS_CAN_init)
                  00092334    000000e3     gmp_pil_core.obj (.text:gmp_pil_sim_rx_cb)
                  00092417    000000cd     peripheral_driver.obj (.text:gmp_hal_iic_read_mem)
                  000924e4    000000bb     peripheral_driver.obj (.text:gmp_hal_iic_write_mem)
                  0009259f    000000b5     can.obj (.text:CAN_setupMessageObject)
                  00092654    000000ad     gmp_std_port.obj (.text:gmp_base_show_label)
                  00092701    000000aa     iris_peripheral.obj (.text:tsk_key_flush)
                  000927ab    000000a9     rts2800_fpu32_eabi.lib : s_scalbn.c.obj (.text)
                  00092854    000000a8                            : fputs.c.obj (.text)
                  000928fc    0000009c                            : fd_add28.asm.obj (.text)
                  00092998    00000095                            : trgmsg.c.obj (.text)
                  00092a2d    00000091     gmp_datalink.obj (.text:gmp_dev_dl_tx_warp)
                  00092abe    0000008d     oled_driver.obj (.text:oled_init)
                  00092b4b    0000008b     rts2800_fpu32_eabi.lib : fd_div28.asm.obj (.text)
                  00092bd6    00000083                            : fd_mpy28.asm.obj (.text)
                  00092c59    00000082     board.obj (.text:IRIS_EQEP1_init)
                  00092cdb    00000082     board.obj (.text:IRIS_EQEP2_init)
                  00092d5d    00000082     board.obj (.text:IRIS_UART_USB_init)
                  00092ddf    00000080     FAPI_F28003x_EABI_v1.58.10.lib : Async.obj (.text:Fapi_issueAsyncCommandWithAddress)
                  00092e5f    0000007e     iris_peripheral.obj (.text:psu_ui_update_keypad_led)
                  00092edd    0000007d     ht16k33.obj (.text:ht16k33_read_keys)
                  00092f5a    0000007c     rts2800_fpu32_eabi.lib : setvbuf.c.obj (.text)
                  00092fd6    0000007b     board.obj (.text:IRIS_UART_RS232_init)
                  00093051    0000007b     peripheral_driver.obj (.text:gmp_hal_iic_write_reg)
                  000930cc    00000079     iris_peripheral.obj (.text:tsk_psu_encoder)
                  00093145    00000074     interrupt.obj (.text:Interrupt_clearIFR)
                  000931b9    00000073     rts2800_fpu32_eabi.lib : fflush.c.obj (.text)
                  0009322c    00000072     peripheral_driver.obj (.text:gmp_hal_uart_write)
                  0009329e    00000071     rts2800_fpu32_eabi.lib : open.c.obj (.text)
                  0009330f    0000006a     ht16k33.obj (.text:ht16k33_init)
                  00093379    00000066     peripheral_driver.obj (.text:gmp_hal_iic_write_cmd)
                  000933df    00000065     rts2800_fpu32_eabi.lib : _io_perm.c.obj (.text)
                  00093444    00000063     psu_persistence.obj (.text:tsk_psu_persistence)
                  000934a7    00000061     FAPI_F28003x_EABI_v1.58.10.lib : Utilities.obj (.text:Fapi_configureFMAC)
                  00093508    00000061     xplt.peripheral.obj (.text:INT_IRIS_CAN_0_ISR)
                  00093569    00000061     rts2800_fpu32_eabi.lib : hostlseek.c.obj (.text)
                  000935ca    0000005f     xplt.peripheral.obj (.text:setup_peripheral)
                  00093629    0000005f     user_main.obj (.text:tsk_startup)
                  00093688    0000005e     gmp_pil_core.obj (.text:sim_serialize_outputs)
                  000936e6    0000005d     rts2800_fpu32_eabi.lib : fclose.c.obj (.text)
                  00093743    0000005c     device.obj (.text:Device_init)
                  0009379f    0000005c     board.obj (.text:IRIS_IIC_init)
                  000937fb    0000005a     rts2800_fpu32_eabi.lib : s_frexp.c.obj (.text)
                  00093855    00000059     gmp_process_mgr.obj (.text:gmp_scheduler_dispatch)
                  000938ae    00000056     FAPI_F28003x_EABI_v1.58.10.lib : FlashStateMachine.obj (.text:Fapi_issueFsmCommand)
                  00093904    00000053     psu_persistence.obj (.text:psu_flash_save)
                  00093957    00000051     rts2800_fpu32_eabi.lib : getdevice.c.obj (.text)
                  000939a8    0000004e     gmp_datalink.obj (.text:gmp_dev_dl_tx_append_u32)
                  000939f6    0000004c     interrupt.obj (.text:Interrupt_disable)
                  00093a42    0000004c     oled_driver.obj (.text:oled_clear)
                  00093a8e    0000004c     iris_peripheral.obj (.text:psu_keypad_parse_voltage)
                  00093ada    0000004b     iris_peripheral.obj (.text:psu_ui_handle_output_key)
                  00093b25    00000048     board.obj (.text:IRIS_SPI_OUT_init)
                  00093b6d    00000047     iris_peripheral.obj (.text:psu_ui_adjust_selected_setting)
                  00093bb4    00000045     can.obj (.text:CAN_readMessage)
                  00093bf9    00000045     sysctl.obj (.text:SysCtl_selectXTAL)
                  00093c3e    00000045     iris_peripheral.obj (.text:psu_keypad_commit)
                  00093c83    00000045     iris_peripheral.obj (.text:psu_keypad_get_digit)
                  00093cc8    00000044     gpio.obj (.text:GPIO_setAnalogMode)
                  00093d0c    00000044     xplt.peripheral.obj (.text:INT_IRIS_UART_USB_RX_ISR)
                  00093d50    00000044     sysctl.obj (.text:SysCtl_pollX1Counter)
                  00093d94    00000043     board.obj (.text:IRIS_SPI_FPGA_BRIDGE_init)
                  00093dd7    00000043     xplt.peripheral.obj (.text:initI2C)
                  00093e1a    00000040     oled_driver.obj (.text:oled_show_char)
                  00093e5a    00000040     user_main.obj (.text:tsk_dl_debug_device)
                  00093e9a    0000003f     gpio.obj (.text:GPIO_setPadConfig)
                  00093ed9    0000003e     i2c.obj (.text:I2C_initController)
                  00093f17    0000003e     interrupt.obj (.text:Interrupt_initModule)
                  00093f55    0000003e     rts2800_fpu32_eabi.lib : hostrename.c.obj (.text)
                  00093f93    0000003d     board.obj (.text:INTERRUPT_init)
                  00093fd0    0000003d     rts2800_fpu32_eabi.lib : fseek.c.obj (.text)
                  0009400d    0000003c     user_main.obj (.text:init)
                  00094049    0000003a     gmp_datalink.obj (.text:gmp_dev_dl_default_rx_handler)
                  00094083    0000003a     rts2800_fpu32_eabi.lib : hostopen.c.obj (.text)
                  000940bd    00000039     iris_peripheral.obj (.text:psu_ui_handle_mode_key)
                  000940f6    00000039     rts2800_fpu32_eabi.lib : hostwrite.c.obj (.text)
                  0009412f    00000038     gmp_datalink.obj (.text:gmp_dev_dl_push_str)
                  00094167    00000038     rts2800_fpu32_eabi.lib : hostread.c.obj (.text)
                  0009419f    00000037     FAPI_F28003x_EABI_v1.58.10.lib : FlashStateMachine.obj (.text:Fapi_setActiveFlashBank)
                  000941d6    00000037     ctl_main.obj (.text:ctl_init)
                  0009420d    00000035     eqep.obj (.text:EQEP_setInputPolarity)
                  00094242    00000035     interrupt.obj (.text:Interrupt_enable)
                  00094277    00000035     iris_peripheral.obj (.text:psu_keypad_append_decimal)
                  000942ac    00000033     sysconfig_adapter.obj (.text:gmp_csp_startup)
                  000942df    00000033     rts2800_fpu32_eabi.lib : close.c.obj (.text)
                  00094312    00000033     iris_peripheral.obj (.text:tsk_psu_alarm)
                  00094345    00000032     FAPI_F28003x_EABI_v1.58.10.lib : Init.obj (.text:Fapi_initializeAPI)
                  00094377    00000032     rts2800_fpu32_eabi.lib : sprintf.c.obj (.text)
                  000943a9    00000031     can.obj (.text:CAN_setBitTiming)
                  000943da    00000031     FAPI_F28003x_EABI_v1.58.10.lib : FlashStateMachine.obj (.text:Fapi_setupBankSectorEnable)
                  0009440b    00000031     sysctl.obj (.text:SysCtl_selectOscSource)
                  0009443c    00000031     rts2800_fpu32_eabi.lib : atoi.c.obj (.text)
                  0009446d    00000030     board.obj (.text:EPWM_setActionQualifierAction)
                  0009449d    00000030     rts2800_fpu32_eabi.lib : copy_decompress_lzss.c.obj (.text:decompress:lzss)
                  000944cd    00000030                            : _ltoa.c.obj (.text)
                  000944fd    00000030                            : vsprintf.c.obj (.text)
                  0009452d    0000002f     gpio.obj (.text:GPIO_setPinConfig)
                  0009455c    0000002f     gmp_process_mgr.obj (.text:gmp_scheduler_add_task)
                  0009458b    0000002e     gmp_datalink.obj (.text:gmp_dev_dl_tx_append_u16)
                  000945b9    0000002e     peripheral_driver.obj (.text:gmp_hal_gpio_write)
                  000945e7    0000002d     board.obj (.text:myBoardFSI0_FSITX_init)
                  00094614    0000002d     oled_driver.obj (.text:oled_set_position)
                  00094641    0000002c     fsi.obj (.text:FSI_performTxInitialization)
                  0009466d    0000002c     FAPI_F28003x_EABI_v1.58.10.lib : Utilities.obj (.text:Fapi_calculateFletcherChecksum)
                  00094699    0000002c                                    : Utilities.obj (.text:Fapi_divideUnsignedLong)
                  000946c5    0000002b     rts2800_fpu32_eabi.lib : autoinit.c.obj (.text:__TI_auto_init_nobinit_nopinit)
                  000946f0    0000002a                            : fd_cmp28.asm.obj (.text)
                  0009471a    0000002a                            : l_div28.asm.obj (.text)
                  00094744    00000029                            : exit.c.obj (.text)
                  0009476d    00000029                            : hostclose.c.obj (.text)
                  00094796    00000028     sysconfig_adapter.obj (.text:gmp_base_print_c28xsyscfg)
                  000947be    00000027     gmp_datalink.obj (.text:gmp_dev_dl_tx_append_payload)
                  000947e5    00000027     peripheral_driver.obj (.text:wait_bus_idle)
                  0009480c    00000026     gpio.obj (.text:GPIO_setControllerCore)
                  00094832    00000026     gpio.obj (.text:GPIO_setQualificationMode)
                  00094858    00000025     board.obj (.text:Board_init)
                  0009487d    00000025     gmp_mem_presp.obj (.text:check_sandbox_validity)
                  000948a2    00000024     gmp_process_mgr.obj (.text:gmp_scheduler_init)
                  000948c6    00000024     iris_peripheral.obj (.text:psu_keypad_parse_current)
                  000948ea    00000024     rts2800_fpu32_eabi.lib : hostunlink.c.obj (.text)
                  0009490e    00000024                            : s_copysign.c.obj (.text)
                  00094932    00000023     sci.obj (.text:SCI_setConfig)
                  00094955    00000023     spi.obj (.text:SPI_setConfig)
                  00094978    00000023     board.obj (.text:myCPUTIMER0_init)
                  0009499b    00000022     sci.obj (.text:SCI_readCharArray)
                  000949bd    00000022     ht16k33.obj (.text:ht16k33_update_display)
                  000949df    00000022     oled_driver.obj (.text:oled_show_str)
                  00094a01    00000021     board.obj (.text:IRIS_DACA_init)
                  00094a22    00000021     board.obj (.text:IRIS_DACB_init)
                  00094a43    00000021     sysctl.obj (.text:SysCtl_selectXTALSingleEnded)
                  00094a64    00000021     crc16.obj (.text:gmp_base_calculate_crc16)
                  00094a85    00000021     iris_peripheral.obj (.text:psu_ui_scale_to_uint16)
                  00094aa6    00000021     rts2800_fpu32_eabi.lib : fd_toi28.asm.obj (.text)
                  00094ac7    00000020     FAPI_F28003x_EABI_v1.58.10.lib : Async.obj (.text:Fapi_issueAsyncCommand)
                  00094ae7    00000020     psu_persistence.obj (.text:psu_flash_record_valid)
                  00094b07    0000001f     gpio.obj (.text:GPIO_setDirectionMode)
                  00094b26    0000001f     gmp_datalink.obj (.text:gmp_dev_dl_reply_nack)
                  00094b45    0000001f     gmp_datalink.obj (.text:gmp_dev_dl_tx_append_u8)
                  00094b64    0000001f     rts2800_fpu32_eabi.lib : fd_tol28.asm.obj (.text)
                  00094b83    0000001e     adc.obj (.text:ADC_setOffsetTrimAll)
                  00094ba1    0000001e     sci.obj (.text:SCI_clearInterruptStatus)
                  00094bbf    0000001e     rts2800_fpu32_eabi.lib : ll_cmp28.asm.obj (.text)
                  00094bdd    0000001d     board.obj (.text:SYNC_init)
                  00094bfa    0000001d     xplt.peripheral.obj (.text:flush_dl_tx_buffer)
                  00094c17    0000001d     iris_peripheral.obj (.text:psu_keypad_append_digit)
                  00094c34    0000001d     iris_peripheral.obj (.text:psu_ui_update_mode_indicators)
                  00094c51    0000001d     rts2800_fpu32_eabi.lib : i_tofd28.asm.obj (.text)
                  00094c6e    0000001d                            : memcpy.c.obj (.text)
                  00094c8b    0000001c     FAPI_F28003x_EABI_v1.58.10.lib : FlashStateMachine.obj (.text:Fapi_setupSectorsForWrite)
                  00094ca7    0000001c     interrupt.obj (.text:Interrupt_initVectorTable)
                  00094cc3    0000001c     iris_peripheral.obj (.text:psu_ui_toggle_step)
                  00094cdf    0000001c     rts2800_fpu32_eabi.lib : l_tofd28.asm.obj (.text)
                  00094cfb    0000001b     can.obj (.text:CAN_clearInterruptStatus)
                  00094d16    0000001b     device.obj (.text:Device_initGPIO)
                  00094d31    0000001b     xplt.peripheral.obj (.text:flush_dl_rx_buffer)
                  00094d4c    0000001a     FAPI_F28003x_EABI_v1.58.10.lib : Utilities.obj (.text:Fapi_WriteReadBack)
                  00094d66    0000001a     sci.obj (.text:SCI_enableInterrupt)
                  00094d80    0000001a     ctl_main.obj (.text:ctl_init_psu_mode_detection)
                  00094d9a    0000001a     psu_persistence.obj (.text:psu_flash_crc16)
                  00094db4    00000019     adc.obj (.text:ADC_setVREF)
                  00094dcd    00000019     oled_driver.obj (.text:OLED_WR_Byte)
                  00094de6    00000019     board.obj (.text:myBoardFSI0_FSIRX_init)
                  00094dff    00000019     rts2800_fpu32_eabi.lib : unlink.c.obj (.text)
                  00094e18    00000019                            : write.c.obj (.text)
                  00094e31    00000018     board.obj (.text:SysCtl_setPeripheralAccessControl)
                  00094e49    00000018     rts2800_fpu32_eabi.lib : ll_aox28.asm.obj (.text)
                  00094e61    00000018                            : lseek.c.obj (.text)
                  00094e79    00000018     iris_peripheral.obj (.text:update_led_content_8byte)
                  00094e91    00000017     fsi.obj (.text:FSI_clearRxModuleReset)
                  00094ea8    00000017     xplt.peripheral.obj (.text:INT_IRIS_CAN_1_ISR)
                  00094ebf    00000017     sysconfig_adapter.obj (.text:gmp_step_system_tick)
                  00094ed6    00000017     rts2800_fpu32_eabi.lib : boot28.asm.obj (.text)
                  00094eed    00000016     fsi.obj (.text:FSI_clearTxModuleReset)
                  00094f03    00000016     ctl_main.obj (.text:ctl_init_psu_protection)
                  00094f19    00000015     can.obj (.text:CAN_initModule)
                  00094f2e    00000015     sysctl.obj (.text:SysCtl_configureType)
                  00094f43    00000015     rts2800_fpu32_eabi.lib : strncpy.c.obj (.text)
                  00094f58    00000014     fsi.obj (.text:FSI_resetRxModule)
                  00094f6c    00000014     board.obj (.text:IRIS_GPIO1_init)
                  00094f80    00000014     board.obj (.text:IRIS_GPIO2_init)
                  00094f94    00000014     board.obj (.text:IRIS_GPIO3_init)
                  00094fa8    00000014     board.obj (.text:IRIS_GPIO4_init)
                  00094fbc    00000014     board.obj (.text:IRIS_GPIO5_init)
                  00094fd0    00000014     board.obj (.text:IRIS_GPIO6_init)
                  00094fe4    00000014     board.obj (.text:IRIS_GPIO_SPI_RST_init)
                  00094ff8    00000014     board.obj (.text:IRIS_LED1_init)
                  0009500c    00000014     board.obj (.text:IRIS_LED2_init)
                  00095020    00000014     gmp_datalink.obj (.text:gmp_dev_dl_tx_request_cmd)
                  00095034    00000014     psu_persistence.obj (.text:psu_settings_equal)
                  00095048    00000014     iris_peripheral.obj (.text:psu_ui_pad_oled_line)
                  0009505c    00000013     fsi.obj (.text:FSI_resetTxModule)
                  0009506f    00000013     board.obj (.text:GPIO_init)
                  00095082    00000013     i2c.obj (.text:I2C_enableInterrupt)
                  00095095    00000013     iris_peripheral.obj (.text:psu_ui_fault_name)
                  000950a8    00000012     fsi.obj (.text:FSI_performRxInitialization)
                  000950ba    00000012     psu_persistence.obj (.text:psu_flash_prepare)
                  000950cc    00000012     iris_peripheral.obj (.text:psu_keypad_reset)
                  000950de    00000012     iris_peripheral.obj (.text:psu_ui_write_led_segments)
                  000950f0    00000011     i2c.obj (.text:I2C_clearInterruptStatus)
                  00095101    00000011     xplt.peripheral.obj (.text:INT_IRIS_UART_RS232_RX_ISR)
                  00095112    00000011     sysconfig_adapter.obj (.text:gmp_base_entry)
                  00095123    00000011     iris_peripheral.obj (.text:psu_keypad_start)
                  00095134    00000011     iris_peripheral.obj (.text:tsk_LED_flush)
                  00095145    00000010     gmp_datalink.obj (.text:gmp_dev_dl_init)
                  00095155    00000010     rts2800_fpu32_eabi.lib : memccpy.c.obj (.text)
                  00095165    0000000f     gmp_datalink.obj (.text:gmp_dev_dl_reply_ack_null)
                  00095174    0000000f     gmp_datalink.obj (.text:gmp_dev_dl_tx_request)
                  00095183    0000000e     FAPI_F28003x_EABI_v1.58.10.lib : FlashStateMachine.obj (.text:Fapi_checkFsmForReady)
                  00095191    0000000e     iris_peripheral.obj (.text:psu_keypad_backspace)
                  0009519f    0000000e     iris_peripheral.obj (.text:psu_ui_operating_mode_name)
                  000951ad    0000000e     xplt.peripheral.obj (.text:psu_write_output_switch)
                  000951bb    0000000e     rts2800_fpu32_eabi.lib : fd_sub28.asm.obj (.text)
                  000951c9    0000000d     f28003x_defaultisr.obj (.text:EMPTY_ISR)
                  000951d6    0000000d     FAPI_F28003x_EABI_v1.58.10.lib : Utilities.obj (.text:Fapi_calculateOtpChecksum)
                  000951e3    0000000d     ctl_component_interface.obj (.text:ctl_init_adc_channel)
                  000951f0    0000000d     rts2800_fpu32_eabi.lib : assert.c.obj (.text)
                  000951fd    0000000d                            : memchr.c.obj (.text)
                  0009520a    0000000c     interrupt.obj (.text:Interrupt_defaultHandler)
                  00095216    0000000c     gmp_pil_core.obj (.text:gmp_pil_sim_init)
                  00095222    0000000c     rts2800_fpu32_eabi.lib : args_main.c.obj (.text)
                  0009522e    0000000c                            : strchr.c.obj (.text)
                  0009523a    0000000b     board.obj (.text:ASYSCTL_init)
                  00095245    0000000b     FAPI_F28003x_EABI_v1.58.10.lib : Utilities.obj (.text:Fapi_scaleCycleValues)
                  00095250    0000000b     psu_persistence.obj (.text:psu_capture_settings)
                  0009525b    0000000b     rts2800_fpu32_eabi.lib : u_div28.asm.obj (.text)
                  00095266    0000000b                            : wcslen.c.obj (.text)
                  00095271    0000000a     f28003x_defaultisr.obj (.text:ADCA1_ISR)
                  0009527b    0000000a     f28003x_defaultisr.obj (.text:ADCA2_ISR)
                  00095285    0000000a     f28003x_defaultisr.obj (.text:ADCA3_ISR)
                  0009528f    0000000a     f28003x_defaultisr.obj (.text:ADCA4_ISR)
                  00095299    0000000a     f28003x_defaultisr.obj (.text:ADCA_EVT_ISR)
                  000952a3    0000000a     f28003x_defaultisr.obj (.text:ADCB1_ISR)
                  000952ad    0000000a     f28003x_defaultisr.obj (.text:ADCB2_ISR)
                  000952b7    0000000a     f28003x_defaultisr.obj (.text:ADCB3_ISR)
                  000952c1    0000000a     f28003x_defaultisr.obj (.text:ADCB4_ISR)
                  000952cb    0000000a     f28003x_defaultisr.obj (.text:ADCB_EVT_ISR)
                  000952d5    0000000a     f28003x_defaultisr.obj (.text:ADCC1_ISR)
                  000952df    0000000a     f28003x_defaultisr.obj (.text:ADCC2_ISR)
                  000952e9    0000000a     f28003x_defaultisr.obj (.text:ADCC3_ISR)
                  000952f3    0000000a     f28003x_defaultisr.obj (.text:ADCC4_ISR)
                  000952fd    0000000a     f28003x_defaultisr.obj (.text:ADCC_EVT_ISR)
                  00095307    0000000a     f28003x_defaultisr.obj (.text:AES_SINTREQUEST_ISR)
                  00095311    0000000a     f28003x_defaultisr.obj (.text:BGCRC_CLA1_ISR)
                  0009531b    0000000a     f28003x_defaultisr.obj (.text:BGCRC_ISR)
                  00095325    0000000a     f28003x_defaultisr.obj (.text:CANA0_ISR)
                  0009532f    0000000a     f28003x_defaultisr.obj (.text:CANA1_ISR)
                  00095339    0000000a     f28003x_defaultisr.obj (.text:CLA1_1_ISR)
                  00095343    0000000a     f28003x_defaultisr.obj (.text:CLA1_2_ISR)
                  0009534d    0000000a     f28003x_defaultisr.obj (.text:CLA1_3_ISR)
                  00095357    0000000a     f28003x_defaultisr.obj (.text:CLA1_4_ISR)
                  00095361    0000000a     f28003x_defaultisr.obj (.text:CLA1_5_ISR)
                  0009536b    0000000a     f28003x_defaultisr.obj (.text:CLA1_6_ISR)
                  00095375    0000000a     f28003x_defaultisr.obj (.text:CLA1_7_ISR)
                  0009537f    0000000a     f28003x_defaultisr.obj (.text:CLA1_8_ISR)
                  00095389    0000000a     f28003x_defaultisr.obj (.text:CLA_OVERFLOW_ISR)
                  00095393    0000000a     f28003x_defaultisr.obj (.text:CLA_UNDERFLOW_ISR)
                  0009539d    0000000a     f28003x_defaultisr.obj (.text:CLB1_ISR)
                  000953a7    0000000a     f28003x_defaultisr.obj (.text:CLB2_ISR)
                  000953b1    0000000a     f28003x_defaultisr.obj (.text:CLB3_ISR)
                  000953bb    0000000a     f28003x_defaultisr.obj (.text:CLB4_ISR)
                  000953c5    0000000a     f28003x_defaultisr.obj (.text:DATALOG_ISR)
                  000953cf    0000000a     f28003x_defaultisr.obj (.text:DCC0_ISR)
                  000953d9    0000000a     f28003x_defaultisr.obj (.text:DCC1_ISR)
                  000953e3    0000000a     f28003x_defaultisr.obj (.text:DMA_CH1_ISR)
                  000953ed    0000000a     f28003x_defaultisr.obj (.text:DMA_CH2_ISR)
                  000953f7    0000000a     f28003x_defaultisr.obj (.text:DMA_CH3_ISR)
                  00095401    0000000a     f28003x_defaultisr.obj (.text:DMA_CH4_ISR)
                  0009540b    0000000a     f28003x_defaultisr.obj (.text:DMA_CH5_ISR)
                  00095415    0000000a     f28003x_defaultisr.obj (.text:DMA_CH6_ISR)
                  0009541f    0000000a     f28003x_defaultisr.obj (.text:ECAP1_ISR)
                  00095429    0000000a     f28003x_defaultisr.obj (.text:ECAP2_ISR)
                  00095433    0000000a     f28003x_defaultisr.obj (.text:ECAP3_2_ISR)
                  0009543d    0000000a     f28003x_defaultisr.obj (.text:ECAP3_ISR)
                  00095447    0000000a     f28003x_defaultisr.obj (.text:EMU_ISR)
                  00095451    0000000a     f28003x_defaultisr.obj (.text:EPWM1_ISR)
                  0009545b    0000000a     f28003x_defaultisr.obj (.text:EPWM1_TZ_ISR)
                  00095465    0000000a     f28003x_defaultisr.obj (.text:EPWM2_ISR)
                  0009546f    0000000a     f28003x_defaultisr.obj (.text:EPWM2_TZ_ISR)
                  00095479    0000000a     f28003x_defaultisr.obj (.text:EPWM3_ISR)
                  00095483    0000000a     f28003x_defaultisr.obj (.text:EPWM3_TZ_ISR)
                  0009548d    0000000a     f28003x_defaultisr.obj (.text:EPWM4_ISR)
                  00095497    0000000a     f28003x_defaultisr.obj (.text:EPWM4_TZ_ISR)
                  000954a1    0000000a     f28003x_defaultisr.obj (.text:EPWM5_ISR)
                  000954ab    0000000a     f28003x_defaultisr.obj (.text:EPWM5_TZ_ISR)
                  000954b5    0000000a     f28003x_defaultisr.obj (.text:EPWM6_ISR)
                  000954bf    0000000a     f28003x_defaultisr.obj (.text:EPWM6_TZ_ISR)
                  000954c9    0000000a     f28003x_defaultisr.obj (.text:EPWM7_ISR)
                  000954d3    0000000a     f28003x_defaultisr.obj (.text:EPWM7_TZ_ISR)
                  000954dd    0000000a     f28003x_defaultisr.obj (.text:EPWM8_ISR)
                  000954e7    0000000a     f28003x_defaultisr.obj (.text:EPWM8_TZ_ISR)
                  000954f1    0000000a     f28003x_defaultisr.obj (.text:EQEP1_ISR)
                  000954fb    0000000a     f28003x_defaultisr.obj (.text:EQEP2_ISR)
                  00095505    0000000a     f28003x_defaultisr.obj (.text:FLASH_CORR_ERR_ISR)
                  0009550f    0000000a     f28003x_defaultisr.obj (.text:FMC_ISR)
                  00095519    0000000a     f28003x_defaultisr.obj (.text:FPU_OVERFLOW_ISR)
                  00095523    0000000a     f28003x_defaultisr.obj (.text:FPU_UNDERFLOW_ISR)
                  0009552d    0000000a     f28003x_defaultisr.obj (.text:FSIRXA1_ISR)
                  00095537    0000000a     f28003x_defaultisr.obj (.text:FSIRXA2_ISR)
                  00095541    0000000a     f28003x_defaultisr.obj (.text:FSITXA1_ISR)
                  0009554b    0000000a     f28003x_defaultisr.obj (.text:FSITXA2_ISR)
                  00095555    0000000a     f28003x_defaultisr.obj (.text:HICA_ISR)
                  0009555f    0000000a     f28003x_defaultisr.obj (.text:I2CA_FIFO_ISR)
                  00095569    0000000a     f28003x_defaultisr.obj (.text:I2CA_ISR)
                  00095573    0000000a     f28003x_defaultisr.obj (.text:I2CB_FIFO_ISR)
                  0009557d    0000000a     f28003x_defaultisr.obj (.text:I2CB_ISR)
                  00095587    0000000a     f28003x_defaultisr.obj (.text:ILLEGAL_ISR)
                  00095591    0000000a     interrupt.obj (.text:Interrupt_illegalOperationHandler)
                  0009559b    0000000a     interrupt.obj (.text:Interrupt_nmiHandler)
                  000955a5    0000000a     f28003x_defaultisr.obj (.text:LINA_0_ISR)
                  000955af    0000000a     f28003x_defaultisr.obj (.text:LINA_1_ISR)
                  000955b9    0000000a     f28003x_defaultisr.obj (.text:LINB_0_ISR)
                  000955c3    0000000a     f28003x_defaultisr.obj (.text:LINB_1_ISR)
                  000955cd    0000000a     f28003x_defaultisr.obj (.text:MCANA_0_ISR)
                  000955d7    0000000a     f28003x_defaultisr.obj (.text:MCANA_1_ISR)
                  000955e1    0000000a     f28003x_defaultisr.obj (.text:MCANA_ECC_ISR)
                  000955eb    0000000a     f28003x_defaultisr.obj (.text:MCANA_WAKE_ISR)
                  000955f5    0000000a     f28003x_defaultisr.obj (.text:MPOST_ISR)
                  000955ff    0000000a     f28003x_defaultisr.obj (.text:NMI_ISR)
                  00095609    0000000a     f28003x_defaultisr.obj (.text:NOTUSED_ISR)
                  00095613    0000000a     f28003x_defaultisr.obj (.text:PIE_RESERVED_ISR)
                  0009561d    0000000a     f28003x_defaultisr.obj (.text:PMBUSA_ISR)
                  00095627    0000000a     f28003x_defaultisr.obj (.text:RAM_ACC_VIOL_ISR)
                  00095631    0000000a     f28003x_defaultisr.obj (.text:RAM_CORR_ERR_ISR)
                  0009563b    0000000a     f28003x_defaultisr.obj (.text:RTOS_ISR)
                  00095645    0000000a     f28003x_defaultisr.obj (.text:SCIA_RX_ISR)
                  0009564f    0000000a     f28003x_defaultisr.obj (.text:SCIA_TX_ISR)
                  00095659    0000000a     f28003x_defaultisr.obj (.text:SCIB_RX_ISR)
                  00095663    0000000a     f28003x_defaultisr.obj (.text:SCIB_TX_ISR)
                  0009566d    0000000a     f28003x_defaultisr.obj (.text:SDFM1DR1_ISR)
                  00095677    0000000a     f28003x_defaultisr.obj (.text:SDFM1DR2_ISR)
                  00095681    0000000a     f28003x_defaultisr.obj (.text:SDFM1DR3_ISR)
                  0009568b    0000000a     f28003x_defaultisr.obj (.text:SDFM1DR4_ISR)
                  00095695    0000000a     f28003x_defaultisr.obj (.text:SDFM1_ISR)
                  0009569f    0000000a     f28003x_defaultisr.obj (.text:SDFM2DR1_ISR)
                  000956a9    0000000a     f28003x_defaultisr.obj (.text:SDFM2DR2_ISR)
                  000956b3    0000000a     f28003x_defaultisr.obj (.text:SDFM2DR3_ISR)
                  000956bd    0000000a     f28003x_defaultisr.obj (.text:SDFM2DR4_ISR)
                  000956c7    0000000a     f28003x_defaultisr.obj (.text:SDFM2_ISR)
                  000956d1    0000000a     f28003x_defaultisr.obj (.text:SPIA_RX_ISR)
                  000956db    0000000a     f28003x_defaultisr.obj (.text:SPIA_TX_ISR)
                  000956e5    0000000a     f28003x_defaultisr.obj (.text:SPIB_RX_ISR)
                  000956ef    0000000a     f28003x_defaultisr.obj (.text:SPIB_TX_ISR)
                  000956f9    0000000a     f28003x_defaultisr.obj (.text:SYS_ERR_ISR)
                  00095703    0000000a     f28003x_defaultisr.obj (.text:TIMER0_ISR)
                  0009570d    0000000a     f28003x_defaultisr.obj (.text:TIMER1_ISR)
                  00095717    0000000a     f28003x_defaultisr.obj (.text:TIMER2_ISR)
                  00095721    0000000a     f28003x_defaultisr.obj (.text:USER10_ISR)
                  0009572b    0000000a     f28003x_defaultisr.obj (.text:USER11_ISR)
                  00095735    0000000a     f28003x_defaultisr.obj (.text:USER12_ISR)
                  0009573f    0000000a     f28003x_defaultisr.obj (.text:USER1_ISR)
                  00095749    0000000a     f28003x_defaultisr.obj (.text:USER2_ISR)
                  00095753    0000000a     f28003x_defaultisr.obj (.text:USER3_ISR)
                  0009575d    0000000a     f28003x_defaultisr.obj (.text:USER4_ISR)
                  00095767    0000000a     f28003x_defaultisr.obj (.text:USER5_ISR)
                  00095771    0000000a     f28003x_defaultisr.obj (.text:USER6_ISR)
                  0009577b    0000000a     f28003x_defaultisr.obj (.text:USER7_ISR)
                  00095785    0000000a     f28003x_defaultisr.obj (.text:USER8_ISR)
                  0009578f    0000000a     f28003x_defaultisr.obj (.text:USER9_ISR)
                  00095799    0000000a     f28003x_defaultisr.obj (.text:WAKE_ISR)
                  000957a3    0000000a     f28003x_defaultisr.obj (.text:XINT1_ISR)
                  000957ad    0000000a     f28003x_defaultisr.obj (.text:XINT2_ISR)
                  000957b7    0000000a     f28003x_defaultisr.obj (.text:XINT3_ISR)
                  000957c1    0000000a     f28003x_defaultisr.obj (.text:XINT4_ISR)
                  000957cb    0000000a     f28003x_defaultisr.obj (.text:XINT5_ISR)
                  000957d5    0000000a     rts2800_fpu32_eabi.lib : strcmp.c.obj (.text)
                  000957df    00000009                            : _lock.c.obj (.text)
                  000957e8    00000009                            : fd_neg28.asm.obj (.text)
                  000957f1    00000008                            : copy_decompress_none.c.obj (.text:decompress:none)
                  000957f9    00000008     f28003x_codestartbranch.obj (.text)
                  00095801    00000008     gmp_datalink.obj (.text:gmp_dev_dl_tx_ready)
                  00095809    00000008     rts2800_fpu32_eabi.lib : strlen.c.obj (.text)
                  00095811    00000007     board.obj (.text:ADC_init)
                  00095818    00000007     FAPI_F28003x_EABI_v1.58.10.lib : FlashStateMachine.obj (.text:Fapi_getFsmStatus)
                  0009581f    00000007     iris_peripheral.obj (.text:alarm_led_off)
                  00095826    00000007     iris_peripheral.obj (.text:alarm_led_on)
                  0009582d    00000007     iris_peripheral.obj (.text:beep_off)
                  00095834    00000007     iris_peripheral.obj (.text:beep_on)
                  0009583b    00000007     iris_peripheral.obj (.text:output_led_off)
                  00095842    00000007     iris_peripheral.obj (.text:output_led_on)
                  00095849    00000007     rts2800_fpu32_eabi.lib : memset.c.obj (.text)
                  00095850    00000006     cputimer.obj (.text:CPUTimer_setEmulationMode)
                  00095856    00000006     rts2800_fpu32_eabi.lib : copy_zero_init.c.obj (.text:decompress:ZI)
                  0009585c    00000006     gmp_mem_presp.obj (.text:gmp_mem_persp_init)
                  00095862    00000005     board.obj (.text:DAC_init)
                  00095867    00000005     board.obj (.text:EQEP_init)
                  0009586c    00000005     board.obj (.text:SCI_init)
                  00095871    00000005     board.obj (.text:SPI_init)
                  00095876    00000005     gmp_datalink.obj (.text:gmp_dev_dl_msg_handled)
                  0009587b    00000005     user_main.obj (.text:mainloop)
                  00095880    00000005     rts2800_fpu32_eabi.lib : strcpy.c.obj (.text)
                  00095885    00000004     ctl_divider.obj (.text:ctl_init_divider)
                  00095889    00000004     sysconfig_adapter.obj (.text:gmp_base_get_system_tick)
                  0009588d    00000004     sysconfig_adapter.obj (.text:gmp_csp_post_process)
                  00095891    00000004     gmp_datalink.obj (.text:gmp_dev_dl_tx_state_done)
                  00095895    00000004     peripheral_driver.obj (.text:reset_bus_status)
                  00095899    00000002     rts2800_fpu32_eabi.lib : pre_init.c.obj (.text)
                  0009589b    00000001     ctl_main.obj (.text:ctl_mainloop)
                  0009589c    00000001     ctl_main.obj (.text:gmp_pil_sim_step)
                  0009589d    00000001     rts2800_fpu32_eabi.lib : startup.c.obj (.text)

MODULE SUMMARY

       Module                        code    ro data   rw data
       ------                        ----    -------   -------
    .\
       f28003x_codestartbranch.obj   10      0         0      
    +--+-----------------------------+-------+---------+---------+
       Total:                        10      0         0      
                                                              
    .\device_support\
       f28003x_defaultisr.obj        1373    0         0      
       f28003x_pievect.obj           0       448       0      
    +--+-----------------------------+-------+---------+---------+
       Total:                        1373    448       0      
                                                              
    .\driverlib\
       sysctl.obj                    843     0         0      
       interrupt.obj                 367     0         0      
       can.obj                       347     0         0      
       flash.obj                     322     0         0      
       gpio.obj                      285     0         0      
       fsi.obj                       146     0         0      
       sci.obj                       125     0         0      
       i2c.obj                       98      0         0      
       adc.obj                       55      0         0      
       eqep.obj                      53      0         0      
       spi.obj                       35      0         0      
       cputimer.obj                  6       0         0      
    +--+-----------------------------+-------+---------+---------+
       Total:                        2682    0         0      
                                                              
    .\gmp_src_mgr\gmp_src\
       gmp_std_port.obj              173     2279      0      
       gmp_datalink.obj              993     0         0      
       peripheral_driver.obj         820     0         0      
       gmp_pil_core.obj              578     0         0      
       gmp_process_mgr.obj           172     356       0      
       gmp_mem_presp.obj             498     0         0      
       gmp_tunable.obj               314     0         0      
       crc16.obj                     33      256       0      
       sysconfig_adapter.obj         139     0         136    
       ht16k33.obj                   265     0         0      
       ctl_component_interface.obj   13      0         0      
       ctl_divider.obj               4       0         0      
    +--+-----------------------------+-------+---------+---------+
       Total:                        4002    2891      136    
                                                              
    .\oled_driver\
       oled_driver.obj               385     552       146    
    +--+-----------------------------+-------+---------+---------+
       Total:                        385     552       146    
                                                              
    .\syscfg\
       board.obj                     7826    6         0      
       device.obj                    763     0         0      
    +--+-----------------------------+-------+---------+---------+
       Total:                        8589    6         0      
                                                              
    .\user\
       iris_peripheral.obj           2038    751       67     
       user_main.obj                 224     152       2228   
       ctl_main.obj                  594     0         114    
       psu_persistence.obj           539     57        24     
    +--+-----------------------------+-------+---------+---------+
       Total:                        3395    960       2433   
                                                              
    .\xplt\
       xplt.peripheral.obj           1135    15        0      
    +--+-----------------------------+-------+---------+---------+
       Total:                        1135    15        0      
                                                              
    D:/software/ti/c2000/C2000Ware_5_04_00_00/libraries/flash_api/f28003x/lib/FAPI_F28003x_EABI_v1.58.10.lib
       FlashStateMachine.obj         1130    0         0      
       Program.obj                   616     0         0      
       Utilities.obj                 235     0         0      
       Async.obj                     160     0         0      
       Init.obj                      50      0         6      
    +--+-----------------------------+-------+---------+---------+
       Total:                        2191    0         6      
                                                              
    D:\software\ti\ccs1281\ccs\tools\compiler\ti-cgt-c2000_22.6.1.LTS\lib\rts2800_fpu32_eabi.lib
       _printfi.c.obj                3286    66        0      
       memory.c.obj                  664     0         3      
       trgmsg.c.obj                  149     0         288    
       fopen.c.obj                   289     0         1      
       defs.c.obj                    0       0         281    
       ll_div28.asm.obj              263     0         0      
       ctype.c.obj                   0       257       0      
       s_scalbn.c.obj                169     28        0      
       fputs.c.obj                   168     2         0      
       fd_add28.asm.obj              156     0         0      
       fd_div28.asm.obj              139     0         0      
       fd_mpy28.asm.obj              131     0         0      
       setvbuf.c.obj                 124     0         0      
       fflush.c.obj                  115     0         0      
       open.c.obj                    113     0         1      
       host_device.c.obj             0       0         112    
       _io_perm.c.obj                101     0         0      
       s_frexp.c.obj                 90      8         0      
       hostlseek.c.obj               97      0         0      
       fclose.c.obj                  93      0         0      
       getdevice.c.obj               81      0         0      
       hostopen.c.obj                58      0         8      
       hostrename.c.obj              62      0         0      
       fseek.c.obj                   61      0         0      
       hostwrite.c.obj               57      0         0      
       hostread.c.obj                56      0         0      
       close.c.obj                   51      0         0      
       sprintf.c.obj                 50      0         0      
       atoi.c.obj                    49      0         0      
       _ltoa.c.obj                   48      0         0      
       copy_decompress_lzss.c.obj    48      0         0      
       vsprintf.c.obj                48      0         0      
       exit.c.obj                    41      0         6      
       autoinit.c.obj                43      0         0      
       fd_cmp28.asm.obj              42      0         0      
       l_div28.asm.obj               42      0         0      
       hostclose.c.obj               41      0         0      
       hostunlink.c.obj              36      0         0      
       s_copysign.c.obj              36      0         0      
       fd_toi28.asm.obj              33      0         0      
       fd_tol28.asm.obj              31      0         0      
       ll_cmp28.asm.obj              30      0         0      
       i_tofd28.asm.obj              29      0         0      
       memcpy.c.obj                  29      0         0      
       l_tofd28.asm.obj              28      0         0      
       unlink.c.obj                  25      0         0      
       write.c.obj                   25      0         0      
       ll_aox28.asm.obj              24      0         0      
       lseek.c.obj                   24      0         0      
       boot28.asm.obj                23      0         0      
       strncpy.c.obj                 21      0         0      
       memccpy.c.obj                 16      0         0      
       fd_sub28.asm.obj              14      0         0      
       _lock.c.obj                   9       0         4      
       assert.c.obj                  13      0         0      
       memchr.c.obj                  13      0         0      
       args_main.c.obj               12      0         0      
       strchr.c.obj                  12      0         0      
       u_div28.asm.obj               11      0         0      
       wcslen.c.obj                  11      0         0      
       strcmp.c.obj                  10      0         0      
       fd_neg28.asm.obj              9       0         0      
       copy_decompress_none.c.obj    8       0         0      
       strlen.c.obj                  8       0         0      
       memset.c.obj                  7       0         0      
       copy_zero_init.c.obj          6       0         0      
       strcpy.c.obj                  5       0         0      
       pre_init.c.obj                2       0         0      
       errno.c.obj                   0       0         1      
       startup.c.obj                 1       0         0      
    +--+-----------------------------+-------+---------+---------+
       Total:                        7586    361       705    
                                                              
       Heap:                         0       0         1024   
       Stack:                        0       0         512    
       Linker Generated:             0       152       0      
    +--+-----------------------------+-------+---------+---------+
       Grand Total:                  31348   5385      4962   


LINKER GENERATED COPY TABLES

__TI_cinit_table @ 00081178 records: 4, size/record: 4, table size: 16
	.data.2: load addr=000810f0, load size=0000006b bytes, run addr=0000b800, run size=00000164 bytes, compression=lzss
	.data.1: load addr=0008115b, load size=0000000f bytes, run addr=0000b7d2, run size=0000002e bytes, compression=lzss
	.bss.1: load addr=00081170, load size=00000004 bytes, run addr=0000ac00, run size=00000400 bytes, compression=zero_init
	.bss.2: load addr=00081174, load size=00000004 bytes, run addr=0000b000, run size=000007d2 bytes, compression=zero_init


LINKER GENERATED HANDLER TABLE

__TI_handler_table @ 0008116a records: 3, size/record: 2, table size: 6
	index: 0, handler: __TI_zero_init
	index: 1, handler: __TI_decompress_lzss
	index: 2, handler: __TI_decompress_none


GLOBAL DATA SYMBOLS: SORTED BY DATA PAGE

address     data page           name
--------    ----------------    ----
00000400      10 (00000400)     __stack

0000a800     2a0 (0000a800)     _sys_memory

0000ac00     2b0 (0000ac00)     ram_range

0000b000     2c0 (0000b000)     kp
0000b002     2c0 (0000b000)     ki
0000b004     2c0 (0000b000)     kd
0000b006     2c0 (0000b000)     user_led
0000b008     2c0 (0000b000)     tunable
0000b010     2c0 (0000b000)     mem_persp_server

0000b040     2c1 (0000b040)     sched

0000b080     2c2 (0000b080)     pil

0000b100     2c4 (0000b100)     dl

0000b442     2d1 (0000b440)     __CIOBUF_

0000b562     2d5 (0000b540)     __TI_tmpnams

0000b704     2dc (0000b700)     gpio_beep
0000b706     2dc (0000b700)     gpio_alarm_led
0000b708     2dc (0000b700)     gpio_output_led
0000b70a     2dc (0000b700)     iic_bus
0000b70c     2dc (0000b700)     hdc1080
0000b710     2dc (0000b700)     ht16k33
0000b732     2dc (0000b700)     Fapi_GlobalInit

0000b740     2dd (0000b740)     psu_voltage_fb_adc
0000b74a     2dd (0000b740)     psu_current_fb_adc

0000b780     2de (0000b780)     psu_ctrl
0000b7b2     2de (0000b780)     parmbuf
0000b7ba     2de (0000b780)     debug_uart
0000b7bc     2de (0000b780)     sys_tick_div

0000b7d2     2df (0000b7c0)     _stream
0000b7fa     2df (0000b7c0)     __TI_enable_exit_profile_output
0000b7fc     2df (0000b7c0)     __TI_cleanup_ptr
0000b7fe     2df (0000b7c0)     __TI_dtors_ptr

0000b800     2e0 (0000b800)     _ftable

0000b878     2e1 (0000b840)     tasks

0000b8e8     2e3 (0000b8c0)     _device

0000b938     2e4 (0000b900)     _lock
0000b93a     2e4 (0000b900)     _unlock
0000b93c     2e4 (0000b900)     DSPC2000_SystemTick
0000b93e     2e4 (0000b900)     flag_init_cmpt

0000b95f     2e5 (0000b940)     __TI_ft_end
0000b960     2e5 (0000b940)     errno

00084bc0    212f (00084bc0)     F6x8

00084de8    2137 (00084dc0)     led_lut

00084e00    2138 (00084e00)     PieVectTableInit

00085164    2145 (00085140)     _ctypes_

0008545c    2151 (00085440)     dict_m1
00085468    2151 (00085440)     mem_regions
0008546e    2151 (00085440)     var_tunable_count
0008546f    2151 (00085440)     mem_regions_count


GLOBAL SYMBOLS: SORTED ALPHABETICALLY BY Name 

page  address   name                             
----  -------   ----                             
0     00095271  ADCA1_ISR                        
0     0009527b  ADCA2_ISR                        
0     00095285  ADCA3_ISR                        
0     0009528f  ADCA4_ISR                        
0     00095299  ADCA_EVT_ISR                     
0     000952a3  ADCB1_ISR                        
0     000952ad  ADCB2_ISR                        
0     000952b7  ADCB3_ISR                        
0     000952c1  ADCB4_ISR                        
0     000952cb  ADCB_EVT_ISR                     
0     000952d5  ADCC1_ISR                        
0     000952df  ADCC2_ISR                        
0     000952e9  ADCC3_ISR                        
0     000952f3  ADCC4_ISR                        
0     000952fd  ADCC_EVT_ISR                     
0     00095811  ADC_init                         
0     00094b83  ADC_setOffsetTrimAll             
0     00094db4  ADC_setVREF                      
0     00095307  AES_SINTREQUEST_ISR              
0     0009523a  ASYSCTL_init                     
0     00095311  BGCRC_CLA1_ISR                   
0     0009531b  BGCRC_ISR                        
0     00094858  Board_init                       
0     00094744  C$$EXIT                          
0     000929eb  C$$IO$$                          
0     00095325  CANA0_ISR                        
0     0009532f  CANA1_ISR                        
0     00094cfb  CAN_clearInterruptStatus         
0     00092251  CAN_init                         
0     00094f19  CAN_initModule                   
0     00093bb4  CAN_readMessage                  
0     000943a9  CAN_setBitTiming                 
0     0009259f  CAN_setupMessageObject           
0     00095339  CLA1_1_ISR                       
0     00095343  CLA1_2_ISR                       
0     0009534d  CLA1_3_ISR                       
0     00095357  CLA1_4_ISR                       
0     00095361  CLA1_5_ISR                       
0     0009536b  CLA1_6_ISR                       
0     00095375  CLA1_7_ISR                       
0     0009537f  CLA1_8_ISR                       
0     00095389  CLA_OVERFLOW_ISR                 
0     00095393  CLA_UNDERFLOW_ISR                
0     0009539d  CLB1_ISR                         
0     000953a7  CLB2_ISR                         
0     000953b1  CLB3_ISR                         
0     000953bb  CLB4_ISR                         
0     00094978  CPUTIMER_init                    
0     00095850  CPUTimer_setEmulationMode        
abs   00000000  Cla1ConstLoadSize                
0     00008800  Cla1ConstLoadStart               
0     00008800  Cla1ConstRunStart                
abs   00000000  Cla1ProgLoadSize                 
0     00008000  Cla1ProgLoadStart                
0     00008000  Cla1ProgRunStart                 
0     00095862  DAC_init                         
0     000953c5  DATALOG_ISR                      
0     000953cf  DCC0_ISR                         
0     000953d9  DCC1_ISR                         
0     000953e3  DMA_CH1_ISR                      
0     000953ed  DMA_CH2_ISR                      
0     000953f7  DMA_CH3_ISR                      
0     00095401  DMA_CH4_ISR                      
0     0009540b  DMA_CH5_ISR                      
0     00095415  DMA_CH6_ISR                      
0     0000b93c  DSPC2000_SystemTick              
0     00090bd9  Device_enableAllPeripherals      
0     00093743  Device_init                      
0     00094d16  Device_initGPIO                  
0     0009541f  ECAP1_ISR                        
0     00095429  ECAP2_ISR                        
0     00095433  ECAP3_2_ISR                      
0     0009543d  ECAP3_ISR                        
0     000951c9  EMPTY_ISR                        
0     00095447  EMU_ISR                          
0     00095451  EPWM1_ISR                        
0     0009545b  EPWM1_TZ_ISR                     
0     00095465  EPWM2_ISR                        
0     0009546f  EPWM2_TZ_ISR                     
0     00095479  EPWM3_ISR                        
0     00095483  EPWM3_TZ_ISR                     
0     0009548d  EPWM4_ISR                        
0     00095497  EPWM4_TZ_ISR                     
0     000954a1  EPWM5_ISR                        
0     000954ab  EPWM5_TZ_ISR                     
0     000954b5  EPWM6_ISR                        
0     000954bf  EPWM6_TZ_ISR                     
0     000954c9  EPWM7_ISR                        
0     000954d3  EPWM7_TZ_ISR                     
0     000954dd  EPWM8_ISR                        
0     000954e7  EPWM8_TZ_ISR                     
0     00087000  EPWM_init                        
0     000954f1  EQEP1_ISR                        
0     000954fb  EQEP2_ISR                        
0     00095867  EQEP_init                        
0     0009420d  EQEP_setInputPolarity            
0     00084bc0  F6x8                             
0     00095505  FLASH_CORR_ERR_ISR               
0     0009550f  FMC_ISR                          
0     00095519  FPU_OVERFLOW_ISR                 
0     00095523  FPU_UNDERFLOW_ISR                
0     0009552d  FSIRXA1_ISR                      
0     00095537  FSIRXA2_ISR                      
0     00094de6  FSIRX_init                       
0     00095541  FSITXA1_ISR                      
0     0009554b  FSITXA2_ISR                      
0     000945e7  FSITX_init                       
0     00094e91  FSI_clearRxModuleReset           
0     00094eed  FSI_clearTxModuleReset           
0     000950a8  FSI_performRxInitialization      
0     00094641  FSI_performTxInitialization      
0     00094f58  FSI_resetRxModule                
0     0009505c  FSI_resetTxModule                
0     0000b732  Fapi_GlobalInit                  
0     00094d4c  Fapi_WriteReadBack               
0     0009466d  Fapi_calculateFletcherChecksum   
0     000951d6  Fapi_calculateOtpChecksum        
0     00095183  Fapi_checkFsmForReady            
0     000934a7  Fapi_configureFMAC               
0     00094699  Fapi_divideUnsignedLong          
0     00095818  Fapi_getFsmStatus                
0     00094345  Fapi_initializeAPI               
0     00094ac7  Fapi_issueAsyncCommand           
0     00092ddf  Fapi_issueAsyncCommandWithAddress
0     000938ae  Fapi_issueFsmCommand             
0     00090e5d  Fapi_issueProgrammingCommand     
0     00095245  Fapi_scaleCycleValues            
0     0009419f  Fapi_setActiveFlashBank          
0     000943da  Fapi_setupBankSectorEnable       
0     00094c8b  Fapi_setupSectorsForWrite        
0     00008000  Flash_initModule                 
0     0009506f  GPIO_init                        
0     00093cc8  GPIO_setAnalogMode               
0     0009480c  GPIO_setControllerCore           
0     00094b07  GPIO_setDirectionMode            
0     00093e9a  GPIO_setPadConfig                
0     0009452d  GPIO_setPinConfig                
0     00094832  GPIO_setQualificationMode        
0     00095555  HICA_ISR                         
0     0009476d  HOSTclose                        
0     00093569  HOSTlseek                        
0     00094083  HOSTopen                         
0     00094167  HOSTread                         
0     00093f55  HOSTrename                       
0     000948ea  HOSTunlink                       
0     000940f6  HOSTwrite                        
0     0009555f  I2CA_FIFO_ISR                    
0     00095569  I2CA_ISR                         
0     00095573  I2CB_FIFO_ISR                    
0     0009557d  I2CB_ISR                         
0     000950f0  I2C_clearInterruptStatus         
0     00095082  I2C_enableInterrupt              
0     0009379f  I2C_init                         
0     00093ed9  I2C_initController               
0     00095587  ILLEGAL_ISR                      
0     00093f93  INTERRUPT_init                   
0     00093508  INT_IRIS_CAN_0_ISR               
0     00094ea8  INT_IRIS_CAN_1_ISR               
0     00095101  INT_IRIS_UART_RS232_RX_ISR       
0     00093d0c  INT_IRIS_UART_USB_RX_ISR         
0     00091a80  IRIS_ADCA_init                   
0     000917e9  IRIS_ADCB_init                   
0     00091e09  IRIS_ADCC_init                   
0     00092251  IRIS_CAN_init                    
0     00094a01  IRIS_DACA_init                   
0     00094a22  IRIS_DACB_init                   
0     00092c59  IRIS_EQEP1_init                  
0     00092cdb  IRIS_EQEP2_init                  
0     00094f6c  IRIS_GPIO1_init                  
0     00094f80  IRIS_GPIO2_init                  
0     00094f94  IRIS_GPIO3_init                  
0     00094fa8  IRIS_GPIO4_init                  
0     00094fbc  IRIS_GPIO5_init                  
0     00094fd0  IRIS_GPIO6_init                  
0     00094fe4  IRIS_GPIO_SPI_RST_init           
0     0009379f  IRIS_IIC_init                    
0     00094ff8  IRIS_LED1_init                   
0     0009500c  IRIS_LED2_init                   
0     00093d94  IRIS_SPI_FPGA_BRIDGE_init        
0     00093b25  IRIS_SPI_OUT_init                
0     00092fd6  IRIS_UART_RS232_init             
0     00092d5d  IRIS_UART_USB_init               
0     0009520a  Interrupt_defaultHandler         
0     000939f6  Interrupt_disable                
0     00094242  Interrupt_enable                 
0     00095591  Interrupt_illegalOperationHandler
0     00093f17  Interrupt_initModule             
0     00094ca7  Interrupt_initVectorTable        
0     0009559b  Interrupt_nmiHandler             
0     000955a5  LINA_0_ISR                       
0     000955af  LINA_1_ISR                       
0     000955b9  LINB_0_ISR                       
0     000955c3  LINB_1_ISR                       
0     000955cd  MCANA_0_ISR                      
0     000955d7  MCANA_1_ISR                      
0     000955e1  MCANA_ECC_ISR                    
0     000955eb  MCANA_WAKE_ISR                   
0     000955f5  MPOST_ISR                        
0     00088cd6  MainISR                          
0     000955ff  NMI_ISR                          
0     00095609  NOTUSED_ISR                      
0     00094dcd  OLED_WR_Byte                     
0     00095613  PIE_RESERVED_ISR                 
0     0009561d  PMBUSA_ISR                       
0     00084e00  PieVectTableInit                 
0     000905f8  PinMux_init                      
0     00095627  RAM_ACC_VIOL_ISR                 
0     00095631  RAM_CORR_ERR_ISR                 
0     0009563b  RTOS_ISR                         
0     000810ea  RamfuncsLoadEnd                  
abs   000000ea  RamfuncsLoadSize                 
0     00081000  RamfuncsLoadStart                
[...]
0     0009259f  CAN_setupMessageObject           
0     00092654  gmp_base_show_label              
0     00092701  tsk_key_flush                    
0     000927ab  ldexp                            
0     000927ab  ldexpl                           
0     000927ab  scalbn                           
0     000927ab  scalbnl                          
0     00092854  fputs                            
0     000928e9  puts                             
0     000928fc  __c28xabi_addd                   
0     00092998  __TI_writemsg                    
0     000929eb  C$$IO$$                          
0     000929f0  __TI_readmsg                     
0     00092a2d  gmp_dev_dl_tx_warp               
0     00092abe  oled_init                        
0     00092b4b  __c28xabi_divd                   
0     00092bd6  __c28xabi_mpyd                   
0     00092c59  IRIS_EQEP1_init                  
0     00092cdb  IRIS_EQEP2_init                  
0     00092d5d  IRIS_UART_USB_init               
0     00092ddf  Fapi_issueAsyncCommandWithAddress
0     00092edd  ht16k33_read_keys                
0     00092f5a  setvbuf                          
0     00092fd6  IRIS_UART_RS232_init             
0     00093051  gmp_hal_iic_write_reg            
0     000930cc  tsk_psu_encoder                  
0     000931b9  __TI_doflush                     
0     000931e8  fflush                           
0     0009322c  gmp_hal_uart_write               
0     0009329e  open                             
0     0009330f  ht16k33_init                     
0     00093379  gmp_hal_iic_write_cmd            
0     000933df  __TI_wrt_ok                      
0     00093419  __TI_rd_ok                       
0     00093444  tsk_psu_persistence              
0     000934a7  Fapi_configureFMAC               
0     00093508  INT_IRIS_CAN_0_ISR               
0     00093569  HOSTlseek                        
0     000935ca  setup_peripheral                 
0     00093629  tsk_startup                      
0     000936e6  __TI_closefile                   
0     0009372a  fclose                           
0     00093743  Device_init                      
0     0009379f  I2C_init                         
0     0009379f  IRIS_IIC_init                    
0     000937fb  frexp                            
0     000937fb  frexpl                           
0     00093855  gmp_scheduler_dispatch           
0     000938ae  Fapi_issueFsmCommand             
0     00093957  finddevice                       
0     00093972  getdevice                        
0     000939a8  gmp_dev_dl_tx_append_u32         
0     000939f6  Interrupt_disable                
0     00093a42  oled_clear                       
0     00093b25  IRIS_SPI_OUT_init                
0     00093bb4  CAN_readMessage                  
0     00093bf9  SysCtl_selectXTAL                
0     00093cc8  GPIO_setAnalogMode               
0     00093d0c  INT_IRIS_UART_USB_RX_ISR         
0     00093d94  IRIS_SPI_FPGA_BRIDGE_init        
0     00093dd7  initI2C                          
0     00093e1a  oled_show_char                   
0     00093e5a  tsk_dl_debug_device              
0     00093e9a  GPIO_setPadConfig                
0     00093ed9  I2C_initController               
0     00093f17  Interrupt_initModule             
0     00093f55  HOSTrename                       
0     00093f93  INTERRUPT_init                   
0     00093fd0  fseek                            
0     00093fd0  fseeko                           
0     0009400d  init                             
0     00094049  gmp_dev_dl_default_rx_handler    
0     00094083  HOSTopen                         
0     000940f6  HOSTwrite                        
0     0009412f  gmp_dev_dl_push_str              
0     00094167  HOSTread                         
0     0009419f  Fapi_setActiveFlashBank          
0     000941d6  ctl_init                         
0     0009420d  EQEP_setInputPolarity            
0     00094242  Interrupt_enable                 
0     000942ac  gmp_csp_startup                  
0     000942df  close                            
0     00094312  tsk_psu_alarm                    
0     00094345  Fapi_initializeAPI               
0     00094377  sprintf                          
0     000943a9  CAN_setBitTiming                 
0     000943da  Fapi_setupBankSectorEnable       
0     0009440b  SysCtl_selectOscSource           
0     0009443c  atoi                             
0     0009449d  __TI_decompress_lzss             
0     000944cd  __TI_ltoa                        
0     000944fd  vsprintf                         
0     0009452d  GPIO_setPinConfig                
0     0009455c  gmp_scheduler_add_task           
0     0009458b  gmp_dev_dl_tx_append_u16         
0     000945b9  gmp_hal_gpio_write               
0     000945e7  FSITX_init                       
0     000945e7  myBoardFSI0_FSITX_init           
0     00094614  oled_set_position                
0     00094641  FSI_performTxInitialization      
0     0009466d  Fapi_calculateFletcherChecksum   
0     00094699  Fapi_divideUnsignedLong          
0     000946c5  __TI_auto_init_nobinit_nopinit   
0     000946f0  __c28xabi_cmpd                   
0     0009471a  __c28xabi_divl                   
0     00094729  __c28xabi_modl                   
0     00094737  __c28xabi_divul                  
0     0009473e  __c28xabi_modul                  
0     00094744  C$$EXIT                          
0     00094744  abort                            
0     00094746  exit                             
0     0009476d  HOSTclose                        
0     00094796  gmp_base_print_c28xsyscfg        
0     000947be  gmp_dev_dl_tx_append_payload     
0     0009480c  GPIO_setControllerCore           
0     00094832  GPIO_setQualificationMode        
0     00094858  Board_init                       
0     000948a2  gmp_scheduler_init               
0     000948ea  HOSTunlink                       
0     0009490e  copysign                         
0     0009490e  copysignl                        
0     00094932  SCI_setConfig                    
0     00094955  SPI_setConfig                    
0     00094978  CPUTIMER_init                    
0     00094978  myCPUTIMER0_init                 
0     0009499b  SCI_readCharArray                
0     000949bd  ht16k33_update_display           
0     000949df  oled_show_str                    
0     00094a01  IRIS_DACA_init                   
0     00094a22  IRIS_DACB_init                   
0     00094a43  SysCtl_selectXTALSingleEnded     
0     00094a64  gmp_base_calculate_crc16         
0     00094aa6  __c28xabi_dtoi                   
0     00094ac7  Fapi_issueAsyncCommand           
0     00094b07  GPIO_setDirectionMode            
0     00094b26  gmp_dev_dl_reply_nack            
0     00094b45  gmp_dev_dl_tx_append_u8          
0     00094b64  __c28xabi_dtol                   
0     00094b83  ADC_setOffsetTrimAll             
0     00094ba1  SCI_clearInterruptStatus         
0     00094bbf  __c28xabi_cmpll                  
0     00094bd1  __c28xabi_cmpull                 
0     00094bdd  SYNC_init                        
0     00094bfa  flush_dl_tx_buffer               
0     00094c51  __c28xabi_itod                   
0     00094c6e  memcpy                           
0     00094c8b  Fapi_setupSectorsForWrite        
0     00094ca7  Interrupt_initVectorTable        
0     00094cdf  __c28xabi_ltod                   
0     00094cfb  CAN_clearInterruptStatus         
0     00094d16  Device_initGPIO                  
0     00094d31  flush_dl_rx_buffer               
0     00094d4c  Fapi_WriteReadBack               
0     00094d66  SCI_enableInterrupt              
0     00094d80  ctl_init_psu_mode_detection      
0     00094db4  ADC_setVREF                      
0     00094dcd  OLED_WR_Byte                     
0     00094de6  FSIRX_init                       
0     00094de6  myBoardFSI0_FSIRX_init           
0     00094dff  remove                           
0     00094dff  unlink                           
0     00094e18  write                            
0     00094e49  __c28xabi_andll                  
0     00094e51  __c28xabi_orll                   
0     00094e59  __c28xabi_xorll                  
0     00094e61  lseek                            
0     00094e79  update_led_content_8byte         
0     00094e91  FSI_clearRxModuleReset           
0     00094ea8  INT_IRIS_CAN_1_ISR               
0     00094ebf  gmp_step_system_tick             
0     00094ed6  _c_int00                         
0     00094eed  FSI_clearTxModuleReset           
0     00094f03  ctl_init_psu_protection          
0     00094f19  CAN_initModule                   
0     00094f2e  SysCtl_configureType             
0     00094f43  strncpy                          
0     00094f58  FSI_resetRxModule                
0     00094f6c  IRIS_GPIO1_init                  
0     00094f80  IRIS_GPIO2_init                  
0     00094f94  IRIS_GPIO3_init                  
0     00094fa8  IRIS_GPIO4_init                  
0     00094fbc  IRIS_GPIO5_init                  
0     00094fd0  IRIS_GPIO6_init                  
0     00094fe4  IRIS_GPIO_SPI_RST_init           
0     00094ff8  IRIS_LED1_init                   
0     0009500c  IRIS_LED2_init                   
0     00095020  gmp_dev_dl_tx_request_cmd        
0     0009505c  FSI_resetTxModule                
0     0009506f  GPIO_init                        
0     00095082  I2C_enableInterrupt              
0     000950a8  FSI_performRxInitialization      
0     000950f0  I2C_clearInterruptStatus         
0     00095101  INT_IRIS_UART_RS232_RX_ISR       
0     00095112  main                             
0     00095134  tsk_LED_flush                    
0     00095145  gmp_dev_dl_init                  
0     00095155  memccpy                          
0     00095165  gmp_dev_dl_reply_ack_null        
0     00095174  gmp_dev_dl_tx_request            
0     00095183  Fapi_checkFsmForReady            
0     000951ad  psu_write_output_switch          
0     000951bb  __c28xabi_subd                   
0     000951c9  EMPTY_ISR                        
0     000951d6  Fapi_calculateOtpChecksum        
0     000951e3  ctl_init_adc_channel             
0     000951f0  _abort_msg                       
0     000951fd  memchr                           
0     0009520a  Interrupt_defaultHandler         
0     00095216  gmp_pil_sim_init                 
0     00095222  _args_main                       
0     0009522e  strchr                           
0     0009523a  ASYSCTL_init                     
0     00095245  Fapi_scaleCycleValues            
0     0009525b  __c28xabi_divu                   
0     00095260  __c28xabi_modu                   
0     00095266  wcslen                           
0     00095271  ADCA1_ISR                        
0     0009527b  ADCA2_ISR                        
0     00095285  ADCA3_ISR                        
0     0009528f  ADCA4_ISR                        
0     00095299  ADCA_EVT_ISR                     
0     000952a3  ADCB1_ISR                        
0     000952ad  ADCB2_ISR                        
0     000952b7  ADCB3_ISR                        
0     000952c1  ADCB4_ISR                        
0     000952cb  ADCB_EVT_ISR                     
0     000952d5  ADCC1_ISR                        
0     000952df  ADCC2_ISR                        
0     000952e9  ADCC3_ISR                        
0     000952f3  ADCC4_ISR                        
0     000952fd  ADCC_EVT_ISR                     
0     00095307  AES_SINTREQUEST_ISR              
0     00095311  BGCRC_CLA1_ISR                   
0     0009531b  BGCRC_ISR                        
0     00095325  CANA0_ISR                        
0     0009532f  CANA1_ISR                        
0     00095339  CLA1_1_ISR                       
0     00095343  CLA1_2_ISR                       
0     0009534d  CLA1_3_ISR                       
0     00095357  CLA1_4_ISR                       
0     00095361  CLA1_5_ISR                       
0     0009536b  CLA1_6_ISR                       
0     00095375  CLA1_7_ISR                       
0     0009537f  CLA1_8_ISR                       
0     00095389  CLA_OVERFLOW_ISR                 
0     00095393  CLA_UNDERFLOW_ISR                
0     0009539d  CLB1_ISR                         
0     000953a7  CLB2_ISR                         
0     000953b1  CLB3_ISR                         
0     000953bb  CLB4_ISR                         
0     000953c5  DATALOG_ISR                      
0     000953cf  DCC0_ISR                         
0     000953d9  DCC1_ISR                         
0     000953e3  DMA_CH1_ISR                      
0     000953ed  DMA_CH2_ISR                      
0     000953f7  DMA_CH3_ISR                      
0     00095401  DMA_CH4_ISR                      
0     0009540b  DMA_CH5_ISR                      
0     00095415  DMA_CH6_ISR                      
0     0009541f  ECAP1_ISR                        
0     00095429  ECAP2_ISR                        
0     00095433  ECAP3_2_ISR                      
0     0009543d  ECAP3_ISR                        
0     00095447  EMU_ISR                          
0     00095451  EPWM1_ISR                        
0     0009545b  EPWM1_TZ_ISR                     
0     00095465  EPWM2_ISR                        
0     0009546f  EPWM2_TZ_ISR                     
0     00095479  EPWM3_ISR                        
0     00095483  EPWM3_TZ_ISR                     
0     0009548d  EPWM4_ISR                        
0     00095497  EPWM4_TZ_ISR                     
0     000954a1  EPWM5_ISR                        
0     000954ab  EPWM5_TZ_ISR                     
0     000954b5  EPWM6_ISR                        
0     000954bf  EPWM6_TZ_ISR                     
0     000954c9  EPWM7_ISR                        
0     000954d3  EPWM7_TZ_ISR                     
0     000954dd  EPWM8_ISR                        
0     000954e7  EPWM8_TZ_ISR                     
0     000954f1  EQEP1_ISR                        
0     000954fb  EQEP2_ISR                        
0     00095505  FLASH_CORR_ERR_ISR               
0     0009550f  FMC_ISR                          
0     00095519  FPU_OVERFLOW_ISR                 
0     00095523  FPU_UNDERFLOW_ISR                
0     0009552d  FSIRXA1_ISR                      
0     00095537  FSIRXA2_ISR                      
0     00095541  FSITXA1_ISR                      
0     0009554b  FSITXA2_ISR                      
0     00095555  HICA_ISR                         
0     0009555f  I2CA_FIFO_ISR                    
0     00095569  I2CA_ISR                         
0     00095573  I2CB_FIFO_ISR                    
0     0009557d  I2CB_ISR                         
0     00095587  ILLEGAL_ISR                      
0     00095591  Interrupt_illegalOperationHandler
0     0009559b  Interrupt_nmiHandler             
0     000955a5  LINA_0_ISR                       
0     000955af  LINA_1_ISR                       
0     000955b9  LINB_0_ISR                       
0     000955c3  LINB_1_ISR                       
0     000955cd  MCANA_0_ISR                      
0     000955d7  MCANA_1_ISR                      
0     000955e1  MCANA_ECC_ISR                    
0     000955eb  MCANA_WAKE_ISR                   
0     000955f5  MPOST_ISR                        
0     000955ff  NMI_ISR                          
0     00095609  NOTUSED_ISR                      
0     00095613  PIE_RESERVED_ISR                 
0     0009561d  PMBUSA_ISR                       
0     00095627  RAM_ACC_VIOL_ISR                 
0     00095631  RAM_CORR_ERR_ISR                 
0     0009563b  RTOS_ISR                         
0     00095645  SCIA_RX_ISR                      
0     0009564f  SCIA_TX_ISR                      
0     00095659  SCIB_RX_ISR                      
0     00095663  SCIB_TX_ISR                      
0     0009566d  SDFM1DR1_ISR                     
0     00095677  SDFM1DR2_ISR                     
0     00095681  SDFM1DR3_ISR                     
0     0009568b  SDFM1DR4_ISR                     
0     00095695  SDFM1_ISR                        
0     0009569f  SDFM2DR1_ISR                     
0     000956a9  SDFM2DR2_ISR                     
0     000956b3  SDFM2DR3_ISR                     
0     000956bd  SDFM2DR4_ISR                     
0     000956c7  SDFM2_ISR                        
0     000956d1  SPIA_RX_ISR                      
0     000956db  SPIA_TX_ISR                      
0     000956e5  SPIB_RX_ISR                      
0     000956ef  SPIB_TX_ISR                      
0     000956f9  SYS_ERR_ISR                      
0     00095703  TIMER0_ISR                       
0     0009570d  TIMER1_ISR                       
0     00095717  TIMER2_ISR                       
0     00095721  USER10_ISR                       
0     0009572b  USER11_ISR                       
0     00095735  USER12_ISR                       
0     0009573f  USER1_ISR                        
0     00095749  USER2_ISR                        
0     00095753  USER3_ISR                        
0     0009575d  USER4_ISR                        
0     00095767  USER5_ISR                        
0     00095771  USER6_ISR                        
0     0009577b  USER7_ISR                        
0     00095785  USER8_ISR                        
0     0009578f  USER9_ISR                        
0     00095799  WAKE_ISR                         
0     000957a3  XINT1_ISR                        
0     000957ad  XINT2_ISR                        
0     000957b7  XINT3_ISR                        
0     000957c1  XINT4_ISR                        
0     000957cb  XINT5_ISR                        
0     000957d5  strcmp                           
0     000957df  _register_unlock                 
0     000957e3  _register_lock                   
0     000957e7  _nop                             
0     000957e8  __c28xabi_negd                   
0     000957f1  __TI_decompress_none             
0     00095801  gmp_dev_dl_tx_ready              
0     00095809  strlen                           
0     00095811  ADC_init                         
0     00095818  Fapi_getFsmStatus                
0     0009581f  alarm_led_off                    
0     00095826  alarm_led_on                     
0     0009582d  beep_off                         
0     00095834  beep_on                          
0     0009583b  output_led_off                   
0     00095842  output_led_on                    
0     00095849  memset                           
0     00095850  CPUTimer_setEmulationMode        
0     00095856  __TI_zero_init                   
0     0009585c  gmp_mem_persp_init               
0     00095862  DAC_init                         
0     00095867  EQEP_init                        
0     0009586c  SCI_init                         
0     00095871  SPI_init                         
0     00095876  gmp_dev_dl_msg_handled           
0     0009587b  mainloop                         
0     00095880  strcpy                           
0     00095885  ctl_init_divider                 
0     00095889  gmp_base_get_system_tick         
0     0009588d  gmp_csp_post_process             
0     00095891  gmp_dev_dl_tx_state_done         
0     00095899  _system_pre_init                 
0     0009589b  ctl_mainloop                     
0     0009589c  gmp_pil_sim_step                 
0     0009589d  _system_post_cinit               
abs   00000000  Cla1ConstLoadSize                
abs   00000000  Cla1ProgLoadSize                 
abs   000000ea  RamfuncsLoadSize                 
abs   000000ea  RamfuncsRunSize                  
abs   00000200  __TI_STACK_SIZE                  
abs   00000400  __TI_SYSMEM_SIZE                 
abs   ffffffff  __TI_pprof_out_hndl              
abs   ffffffff  __TI_prof_data_size              
abs   ffffffff  __TI_prof_data_start             
n/a   UNDEFED   __c_args__                       

[506 symbols]
