******************************************************************************
             TMS320C2000 Linker PC v22.6.1                     
******************************************************************************
>> Linked Mon Jul 13 15:08:41 2026

OUTPUT FILE NAME:   <Iris_Node_Env.out>
ENTRY POINT SYMBOL: "_c_int00"  address: 00094388


MEMORY CONFIGURATION

         name            origin    length      used     unused   attr    fill
----------------------  --------  ---------  --------  --------  ----  --------
PAGE 0:
  BOOT_RSVD             00000002   00000126  00000000  00000126  RWIX
  RAMM0                 00000128   000002d8  00000000  000002d8  RWIX
  RAMM1                 00000400   000003f8  00000200  000001f8  RWIX
  CLA1_MSGRAMLOW        00001480   00000080  00000000  00000080  RWIX
  CLA1_MSGRAMHIGH       00001500   00000080  00000000  00000080  RWIX
  RAMLS0                00008000   00000800  000000a5  0000075b  RWIX
  RAMLS1                00008800   00000800  00000000  00000800  RWIX
  RAMLS2                00009000   00000800  00000000  00000800  RWIX
  RAMLS3                00009800   00000800  00000000  00000800  RWIX
  RAMLS4                0000a000   00000800  00000000  00000800  RWIX
  RAMLS5                0000a800   00000800  00000800  00000000  RWIX
  RAMLS6                0000b000   00000800  00000800  00000000  RWIX
  RAMLS7                0000b800   00000800  00000134  000006cc  RWIX
  RAMGS0                0000c000   00001000  00000000  00001000  RWIX
  RAMGS1                0000d000   00001000  00000000  00001000  RWIX
  RAMGS2                0000e000   00001000  00000000  00001000  RWIX
  RAMGS3                0000f000   00000ff8  00000000  00000ff8  RWIX
  BEGIN                 00080000   00000002  00000002  00000000  RWIX
  FLASH_BANK0_SEC0      00080002   00000ffe  00000000  00000ffe  RWIX
  FLASH_BANK0_SEC1      00081000   00001000  00000133  00000ecd  RWIX
  FLASH_BANK0_SEC2      00082000   00001000  00000000  00001000  RWIX
  FLASH_BANK0_SEC3      00083000   00001000  00000000  00001000  RWIX
  FLASH_BANK0_SEC4      00084000   00001000  00001000  00000000  RWIX
  FLASH_BANK0_SEC5      00085000   00001000  000003d2  00000c2e  RWIX
  FLASH_BANK0_SEC6      00086000   00001000  00000000  00001000  RWIX
  FLASH_BANK0_SEC7      00087000   00001000  00001000  00000000  RWIX
  FLASH_BANK0_SEC8      00088000   00001000  00001000  00000000  RWIX
  FLASH_BANK0_SEC9      00089000   00001000  00000000  00001000  RWIX
  FLASH_BANK0_SEC10     0008a000   00001000  00000000  00001000  RWIX
  FLASH_BANK0_SEC11     0008b000   00001000  00000000  00001000  RWIX
  FLASH_BANK0_SEC12     0008c000   00001000  00000000  00001000  RWIX
  FLASH_BANK0_SEC13     0008d000   00001000  00000000  00001000  RWIX
  FLASH_BANK0_SEC14     0008e000   00001000  00000000  00001000  RWIX
  FLASH_BANK0_SEC15     0008f000   00001000  00000000  00001000  RWIX
  FLASH_BANK1           00090000   0000fff0  00004cd2  0000b31e  RWIX
  FLASH_BANK2           000a0000   0000fff0  00000000  0000fff0  RWIX
  SECURE_ROM            003f2000   00006000  00000000  00006000  RWIX
  BOOTROM               003f8000   00007fc0  00000000  00007fc0  RWIX
  RESET                 003fffc0   00000002  00000000  00000002  RWIX

PAGE 1:
  ADCARESULT            00000b00   00000018  00000000  00000018  RWIX
  ADCBRESULT            00000b20   00000018  00000000  00000018  RWIX
  ADCCRESULT            00000b40   00000018  00000000  00000018  RWIX
  CPUTIMER0             00000c00   00000008  00000000  00000008  RWIX
  CPUTIMER1             00000c08   00000008  00000000  00000008  RWIX
  CPUTIMER2             00000c10   00000008  00000000  00000008  RWIX
  PIECTRL               00000ce0   0000001a  00000000  0000001a  RWIX
  PIEVECTTABLE          00000d00   00000200  00000000  00000200  RWIX
  DMA                   00001000   00000200  00000000  00000200  RWIX
  CLA1                  00001400   00000080  00000000  00000080  RWIX
  CLB1LOGICCFG          00003000   00000052  00000000  00000052  RWIX
  CLB1LOGICCTRL         00003100   00000040  00000000  00000040  RWIX
  CLB1DATAEXCH          00003180   00000080  00000000  00000080  RWIX
  CLB2LOGICCFG          00003400   00000052  00000000  00000052  RWIX
  CLB2LOGICCTRL         00003500   00000040  00000000  00000040  RWIX
  CLB2DATAEXCH          00003580   00000080  00000000  00000080  RWIX
  CLB3LOGICCFG          00003800   00000052  00000000  00000052  RWIX
  CLB3LOGICCTRL         00003900   00000040  00000000  00000040  RWIX
  CLB3DATAEXCH          00003980   00000080  00000000  00000080  RWIX
  CLB4LOGICCFG          00003c00   00000052  00000000  00000052  RWIX
  CLB4LOGICCTRL         00003d00   00000040  00000000  00000040  RWIX
  CLB4DATAEXCH          00003d80   00000080  00000000  00000080  RWIX
  EPWM1                 00004000   00000100  00000000  00000100  RWIX
  EPWM2                 00004100   00000100  00000000  00000100  RWIX
  EPWM3                 00004200   00000100  00000000  00000100  RWIX
  EPWM4                 00004300   00000100  00000000  00000100  RWIX
  EPWM5                 00004400   00000100  00000000  00000100  RWIX
  EPWM6                 00004500   00000100  00000000  00000100  RWIX
  EPWM7                 00004600   00000100  00000000  00000100  RWIX
  EPWM8                 00004700   00000100  00000000  00000100  RWIX
  EQEP1                 00005100   00000040  00000000  00000040  RWIX
  EQEP2                 00005140   00000040  00000000  00000040  RWIX
  ECAP1                 00005200   00000020  00000000  00000020  RWIX
  ECAP2                 00005240   00000020  00000000  00000020  RWIX
  ECAP3                 00005280   00000020  00000000  00000020  RWIX
  HRCAP3                000052a0   00000020  00000000  00000020  RWIX
  DACA                  00005c00   00000008  00000000  00000008  RWIX
  DACB                  00005c10   00000008  00000000  00000008  RWIX
  CMPSS1                00005c80   00000020  00000000  00000020  RWIX
  CMPSS2                00005ca0   00000020  00000000  00000020  RWIX
  CMPSS3                00005cc0   00000020  00000000  00000020  RWIX
  CMPSS4                00005ce0   00000020  00000000  00000020  RWIX
  SDFM1                 00005e00   00000080  00000000  00000080  RWIX
  SDFM2                 00005e80   00000080  00000000  00000080  RWIX
  SPIA                  00006100   00000010  00000000  00000010  RWIX
  SPIB                  00006110   00000010  00000000  00000010  RWIX
  BGCRCCPU              00006340   00000040  00000000  00000040  RWIX
  BGCRCCLA1             00006380   00000040  00000000  00000040  RWIX
  PMBUSA                00006400   00000020  00000000  00000020  RWIX
  HIC                   00006500   00000080  00000000  00000080  RWIX
  FSITXA                00006600   00000050  00000000  00000050  RWIX
  FSIRXA                00006680   00000050  00000000  00000050  RWIX
  LINA                  00006a00   000000ec  00000000  000000ec  RWIX
  LINB                  00006b00   000000ec  00000000  000000ec  RWIX
  WD                    00007000   0000002c  00000000  0000002c  RWIX
  NMIINTRUPT            00007060   00000010  00000000  00000010  RWIX
  XINT                  00007070   0000000c  00000000  0000000c  RWIX
  SCIA                  00007200   00000010  00000000  00000010  RWIX
  SCIB                  00007210   00000010  00000000  00000010  RWIX
  I2CA                  00007300   00000022  00000000  00000022  RWIX
  I2CB                  00007340   00000022  00000000  00000022  RWIX
  ADCA                  00007400   00000080  00000000  00000080  RWIX
  ADCB                  00007480   00000080  00000000  00000080  RWIX
  ADCC                  00007500   00000080  00000000  00000080  RWIX
  INPUTXBAR             00007900   00000020  00000000  00000020  RWIX
  XBAR                  00007920   00000020  00000000  00000020  RWIX
  SYNCSOC               00007940   00000006  00000000  00000006  RWIX
  CLBINPUTXBAR          00007960   00000020  00000000  00000020  RWIX
  DMACLASRCSEL          00007980   0000001a  00000000  0000001a  RWIX
  EPWMXBAR              00007a00   00000040  00000000  00000040  RWIX
  CLBXBAR               00007a40   00000040  00000000  00000040  RWIX
  OUTPUTXBAR            00007a80   00000040  00000000  00000040  RWIX
  CLBOUTPUTXBAR         00007bc0   00000040  00000000  00000040  RWIX
  GPIOCTRL              00007c00   00000200  00000000  00000200  RWIX
  GPIODATA              00007f00   00000040  00000000  00000040  RWIX
  GPIODATAREAD          00007f80   00000010  00000000  00000010  RWIX
  LFU                   00007fe0   00000020  00000000  00000020  RWIX
  CANA                  00048000   00000200  00000000  00000200  RWIX
  MCANASS               0005c400   0000002c  00000000  0000002c  RWIX
  MCANA                 0005c600   00000100  00000000  00000100  RWIX
  MCANAERROR            0005c800   00000210  00000000  00000210  RWIX
  DEVCFG                0005d000   000001b0  00000000  000001b0  RWIX
  CLKCFG                0005d200   00000100  00000000  00000100  RWIX
  CPUSYS                0005d300   000000a0  00000000  000000a0  RWIX
  SYSSTATUS             0005d400   00000040  00000000  00000040  RWIX
  PERIPHAC              0005d500   00000200  00000000  00000200  RWIX
  ANALOGSUBSYS          0005d700   00000122  00000000  00000122  RWIX
  DCC0                  0005e700   00000038  00000000  00000038  RWIX
  DCC1                  0005e740   00000038  00000000  00000038  RWIX
  ERADGLOBAL            0005e800   00000014  00000000  00000014  RWIX
  ERADHWBP1             0005e900   00000008  00000000  00000008  RWIX
  ERADHWBP2             0005e908   00000008  00000000  00000008  RWIX
  ERADHWBP3             0005e910   00000008  00000000  00000008  RWIX
  ERADHWBP4             0005e918   00000008  00000000  00000008  RWIX
  ERADHWBP5             0005e920   00000008  00000000  00000008  RWIX
  ERADHWBP6             0005e928   00000008  00000000  00000008  RWIX
  ERADHWBP7             0005e930   00000008  00000000  00000008  RWIX
  ERADHWBP8             0005e938   00000008  00000000  00000008  RWIX
  ERADCOUNTER1          0005e980   00000010  00000000  00000010  RWIX
  ERADCOUNTER2          0005e990   00000010  00000000  00000010  RWIX
  ERADCOUNTER3          0005e9a0   00000010  00000000  00000010  RWIX
  ERADCOUNTER4          0005e9b0   00000010  00000000  00000010  RWIX
  ERADCRCGLOBAL         0005ea00   00000010  00000000  00000010  RWIX
  ERADCRC1              0005ea10   00000010  00000000  00000010  RWIX
  ERADCRC2              0005ea20   00000010  00000000  00000010  RWIX
  ERADCRC3              0005ea30   00000010  00000000  00000010  RWIX
  ERADCRC4              0005ea40   00000010  00000000  00000010  RWIX
  ERADCRC5              0005ea50   00000010  00000000  00000010  RWIX
  ERADCRC6              0005ea60   00000010  00000000  00000010  RWIX
  ERADCRC7              0005ea70   00000010  00000000  00000010  RWIX
  ERADCRC8              0005ea80   00000010  00000000  00000010  RWIX
  EPG1                  0005ec00   00000050  00000000  00000050  RWIX
  EPG1MUX               0005ecd0   00000010  00000000  00000010  RWIX
  DCSMZ1                0005f000   0000003e  00000000  0000003e  RWIX
  DCSMZ2                0005f080   0000003e  00000000  0000003e  RWIX
  DCSMCOMMON            0005f0c0   00000020  00000000  00000020  RWIX
  MEMCFG                0005f400   000000c0  00000000  000000c0  RWIX
  ACCESSPROTECTION      0005f500   00000040  00000000  00000040  RWIX
  MEMORYERROR           0005f540   00000040  00000000  00000040  RWIX
  TESTERROR             0005f590   00000010  00000000  00000010  RWIX
  FLASH0CTRL            0005f800   00000182  00000000  00000182  RWIX
  FLASH0ECC             0005fb00   00000028  00000000  00000028  RWIX
  UID                   00070200   00000010  00000000  00000010  RWIX
  DCSMZ1OTP             00078000   00000020  00000000  00000020  RWIX
  DCSMZ2OTP             00078200   00000020  00000000  00000020  RWIX


SECTION ALLOCATION MAP

 output                                  attributes/
section   page    origin      length       input sections
--------  ----  ----------  ----------   ----------------
codestart 
*          0    00080000    00000002     
                  00080000    00000002     f28003x_codestartbranch.obj (codestart)

.cinit     0    000810a8    0000008e     
                  000810a8    0000005e     (.cinit..data.2.load) [load image, compression = lzss]
                  00081106    00000011     (.cinit..data.1.load) [load image, compression = lzss]
                  00081117    00000001     --HOLE-- [fill = 0]
                  00081118    00000006     (__TI_handler_table)
                  0008111e    00000004     (.cinit..bss.1.load) [load image, compression = zero_init]
                  00081122    00000004     (.cinit..bss.2.load) [load image, compression = zero_init]
                  00081126    00000010     (__TI_cinit_table)

.reset     0    003fffc0    00000000     DSECT

.stack     0    00000400    00000200     UNINITIALIZED
                  00000400    00000200     --HOLE--

.init_array 
*          0    00083000    00000000     UNINITIALIZED

.sysmem    0    0000a800    00000400     UNINITIALIZED
                  0000a800    00000004     rts2800_fpu32_eabi.lib : memory.c.obj (.sysmem)
                  0000a804    000003fc     --HOLE--

Cla1Prog   0    00008000    00000000     UNINITIALIZED

.const_cla 
*          0    00008800    00000000     UNINITIALIZED

.TI.ramfunc 
*          0    00081000    000000a5     RUN ADDR = 00008000
                  00081000    000000a1     flash.obj (.TI.ramfunc:Flash_initModule)
                  000810a1    00000004     sysctl.obj (.TI.ramfunc)

.bss.1     0    0000ac00    00000400     UNINITIALIZED
                  0000ac00    00000400     user_main.obj (.bss:ram_range)

.bss.2     0    0000b000    000007ba     UNINITIALIZED
                  0000b000    00000442     user_main.obj (.bss)
                  0000b442    00000120     rts2800_fpu32_eabi.lib : trgmsg.c.obj (.bss:_CIOBUF_)
                  0000b562    000000a0                            : defs.c.obj (.bss:__TI_tmpnams)
                  0000b602    00000081     oled_driver.obj (.bss:blank_page$5)
                  0000b683    00000080     sysconfig_adapter.obj (.bss:str$1)
                  0000b703    00000001     --HOLE--
                  0000b704    00000024     iris_peripheral.obj (.bss)
                  0000b728    00000009     oled_driver.obj (.bss:tx_payload$6)
                  0000b731    00000008     rts2800_fpu32_eabi.lib : hostopen.c.obj (.bss:parmbuf)
                  0000b739    00000001     --HOLE--
                  0000b73a    00000006     sysconfig_adapter.obj (.bss)
                  0000b740    00000070     ctl_main.obj (.bss)
                  0000b7b0    00000004     oled_driver.obj (.bss:page_cmd$4)
                  0000b7b4    00000004     oled_driver.obj (.bss:pos_cmds$1)
                  0000b7b8    00000002     rts2800_fpu32_eabi.lib : memory.c.obj (.bss)

.data.1    0    0000b7ba    00000046     UNINITIALIZED
                  0000b7ba    00000028     rts2800_fpu32_eabi.lib : host_device.c.obj (.data:_stream)
                  0000b7e2    0000001d     iris_peripheral.obj (.data)
                  0000b7ff    00000001     rts2800_fpu32_eabi.lib : defs.c.obj (.data)

.data.2    0    0000b800    00000134     UNINITIALIZED
                  0000b800    00000078     rts2800_fpu32_eabi.lib : defs.c.obj (.data:_ftable)
                  0000b878    00000062     user_main.obj (.data:tasks)
                  0000b8da    00000048     rts2800_fpu32_eabi.lib : host_device.c.obj (.data:_device)
                  0000b922    00000006                            : exit.c.obj (.data)
                  0000b928    00000002                            : _lock.c.obj (.data:_lock)
                  0000b92a    00000002                            : _lock.c.obj (.data:_unlock)
                  0000b92c    00000002     sysconfig_adapter.obj (.data)
                  0000b92e    00000002     user_main.obj (.data)
                  0000b930    00000001     rts2800_fpu32_eabi.lib : errno.c.obj (.data)
                  0000b931    00000001                            : fopen.c.obj (.data)
                  0000b932    00000001                            : memory.c.obj (.data)
                  0000b933    00000001                            : open.c.obj (.data)

.const.1   0    00084000    00001000     
                  00084000    000008e7     gmp_std_port.obj (.const:.string)
                  000848e7    00000001     --HOLE-- [fill = 0]
                  000848e8    00000263     iris_peripheral.obj (.const:.string)
                  00084b4b    00000228     oled_driver.obj (.const:F6x8)
                  00084d73    00000001     --HOLE-- [fill = 0]
                  00084d74    0000000c     user_main.obj (.const:dict_m1)
                  00084d80    000001c0     f28003x_pievect.obj (.const)
                  00084f40    00000076     user_main.obj (.const:.string)
                  00084fb6    00000026     rts2800_fpu32_eabi.lib : _printfi.c.obj (.const:.string)
                  00084fdc    0000001c                            : _printfi.c.obj (.const)
                  00084ff8    00000008                            : s_frexp.c.obj (.const)

.const.2   0    00085000    0000037e     
                  00085000    00000164     gmp_process_mgr.obj (.const:.string)
                  00085164    00000101     rts2800_fpu32_eabi.lib : ctype.c.obj (.const:.string:_ctypes_)
                  00085265    00000100     crc16.obj (.const:crc16_ccitt_table)
                  00085365    00000017     iris_peripheral.obj (.const:.string:led_lut)
                  0008537c    00000002     rts2800_fpu32_eabi.lib : fputs.c.obj (.const:.string)

.const.3   0    00085380    00000054     
                  00085380    0000001c     rts2800_fpu32_eabi.lib : s_scalbn.c.obj (.const)
                  0008539c    00000015     oled_driver.obj (.const:.string)
                  000853b1    00000001     --HOLE-- [fill = 0]
                  000853b2    0000000f     xplt.peripheral.obj (.const:.string)
                  000853c1    00000006     board.obj (.const)
                  000853c7    00000001     --HOLE-- [fill = 0]
                  000853c8    00000006     user_main.obj (.const:mem_regions)
                  000853ce    00000006     user_main.obj (.const)

.text.1    0    00087000    00001000     
                  00087000    00000b75     board.obj (.text:EPWM_init)
                  00087b75    00000349     board.obj (.text:PinMux_init)
                  00087ebe    0000013b     sysctl.obj (.text:SysCtl_setClock)
                  00087ff9    00000007     board.obj (.text:ADC_init)

.text.2    0    00088000    00001000     
                  00088000    000006c2     rts2800_fpu32_eabi.lib : _printfi.c.obj (.text)
                  000886c2    00000614                            : _printfi.c.obj (.text:__TI_printfi)
                  00088cd6    00000298                            : memory.c.obj (.text)
                  00088f6e    00000091     gmp_datalink.obj (.text:gmp_dev_dl_tx_warp)
                  00088fff    00000001     ctl_main.obj (.text:ctl_mainloop)

.text.3    0    00090000    00004cd2     
                  00090000    000005f8     board.obj (.text:SYSCTL_init)
                  000905f8    00000284     device.obj (.text:Device_enableAllPeripherals)
                  0009087c    00000242     xplt.peripheral.obj (.text:MainISR)
                  00090abe    000001c7     gmp_mem_presp.obj (.text:gmp_mem_persp_rx_cb)
                  00090c85    000001b1     iris_peripheral.obj (.text:tsk_psu_display)
                  00090e36    000001aa     gmp_datalink.obj (.text:gmp_dev_dl_loop_cb)
                  00090fe0    00000191     ctl_main.obj (.text:ctl_init_psu)
                  00091171    0000015c     board.obj (.text:IRIS_ADCB_init)
                  000912cd    00000137     board.obj (.text:IRIS_ADCA_init)
                  00091404    00000131     gmp_tunable.obj (.text:gmp_param_tunable_rx_cb)
                  00091535    00000121     rts2800_fpu32_eabi.lib : fopen.c.obj (.text)
                  00091656    0000011f     board.obj (.text:IRIS_ADCC_init)
                  00091775    00000118     sysctl.obj (.text:SysCtl_isPLLValid)
                  0009188d    00000107     rts2800_fpu32_eabi.lib : ll_div28.asm.obj (.text)
                  00091994    000000f5     gmp_pil_core.obj (.text:sim_deserialize_inputs)
                  00091a89    000000ec     iris_peripheral.obj (.text:psu_ui_update_normal_led)
                  00091b75    000000e3     board.obj (.text:IRIS_CAN_init)
                  00091c58    000000e3     gmp_pil_core.obj (.text:gmp_pil_sim_rx_cb)
                  00091d3b    000000cd     peripheral_driver.obj (.text:gmp_hal_iic_read_mem)
                  00091e08    000000bb     peripheral_driver.obj (.text:gmp_hal_iic_write_mem)
                  00091ec3    000000b5     can.obj (.text:CAN_setupMessageObject)
                  00091f78    000000af     iris_peripheral.obj (.text:tsk_key_flush)
                  00092027    000000ad     gmp_std_port.obj (.text:gmp_base_show_label)
                  000920d4    000000a9     rts2800_fpu32_eabi.lib : s_scalbn.c.obj (.text)
                  0009217d    000000a8                            : fputs.c.obj (.text)
                  00092225    000000a3     oled_driver.obj (.text:oled_init)
                  000922c8    0000009c     rts2800_fpu32_eabi.lib : fd_add28.asm.obj (.text)
                  00092364    00000095                            : trgmsg.c.obj (.text)
                  000923f9    0000008b                            : fd_div28.asm.obj (.text)
                  00092484    00000083                            : fd_mpy28.asm.obj (.text)
                  00092507    00000082     board.obj (.text:IRIS_EQEP1_init)
                  00092589    00000082     board.obj (.text:IRIS_EQEP2_init)
                  0009260b    00000082     board.obj (.text:IRIS_UART_USB_init)
                  0009268d    0000007e     iris_peripheral.obj (.text:psu_ui_update_keypad_led)
                  0009270b    0000007d     ht16k33.obj (.text:ht16k33_read_keys)
                  00092788    0000007c     rts2800_fpu32_eabi.lib : setvbuf.c.obj (.text)
                  00092804    0000007b     board.obj (.text:IRIS_UART_RS232_init)
                  0009287f    0000007b     peripheral_driver.obj (.text:gmp_hal_iic_write_reg)
                  000928fa    00000074     interrupt.obj (.text:Interrupt_clearIFR)
                  0009296e    00000073     rts2800_fpu32_eabi.lib : fflush.c.obj (.text)
                  000929e1    00000072     peripheral_driver.obj (.text:gmp_hal_uart_write)
                  00092a53    00000071     rts2800_fpu32_eabi.lib : open.c.obj (.text)
                  00092ac4    0000006a     ht16k33.obj (.text:ht16k33_init)
                  00092b2e    00000066     peripheral_driver.obj (.text:gmp_hal_iic_write_cmd)
                  00092b94    00000065     rts2800_fpu32_eabi.lib : _io_perm.c.obj (.text)
                  00092bf9    00000061     xplt.peripheral.obj (.text:INT_IRIS_CAN_0_ISR)
                  00092c5a    00000061     rts2800_fpu32_eabi.lib : hostlseek.c.obj (.text)
                  00092cbb    0000005f     xplt.peripheral.obj (.text:setup_peripheral)
                  00092d1a    0000005e     gmp_pil_core.obj (.text:sim_serialize_outputs)
                  00092d78    0000005d     rts2800_fpu32_eabi.lib : fclose.c.obj (.text)
                  00092dd5    0000005c     device.obj (.text:Device_init)
                  00092e31    0000005c     board.obj (.text:IRIS_IIC_init)
                  00092e8d    0000005b     user_main.obj (.text:tsk_startup)
                  00092ee8    0000005a     rts2800_fpu32_eabi.lib : s_frexp.c.obj (.text)
                  00092f42    0000005a     iris_peripheral.obj (.text:tsk_psu_encoder)
                  00092f9c    00000059     gmp_process_mgr.obj (.text:gmp_scheduler_dispatch)
                  00092ff5    00000051     rts2800_fpu32_eabi.lib : getdevice.c.obj (.text)
                  00093046    0000004e     gmp_datalink.obj (.text:gmp_dev_dl_tx_append_u32)
                  00093094    0000004c     interrupt.obj (.text:Interrupt_disable)
                  000930e0    0000004c     oled_driver.obj (.text:oled_clear)
                  0009312c    0000004c     iris_peripheral.obj (.text:psu_keypad_parse_voltage)
                  00093178    00000049     iris_peripheral.obj (.text:psu_ui_handle_output_key)
                  000931c1    00000048     board.obj (.text:IRIS_SPI_OUT_init)
                  00093209    00000047     iris_peripheral.obj (.text:psu_ui_adjust_selected_setting)
                  00093250    00000045     can.obj (.text:CAN_readMessage)
                  00093295    00000045     sysctl.obj (.text:SysCtl_selectXTAL)
                  000932da    00000045     iris_peripheral.obj (.text:psu_keypad_commit)
                  0009331f    00000045     iris_peripheral.obj (.text:psu_keypad_get_digit)
                  00093364    00000044     gpio.obj (.text:GPIO_setAnalogMode)
                  000933a8    00000044     xplt.peripheral.obj (.text:INT_IRIS_UART_USB_RX_ISR)
                  000933ec    00000044     sysctl.obj (.text:SysCtl_pollX1Counter)
                  00093430    00000043     board.obj (.text:IRIS_SPI_FPGA_BRIDGE_init)
                  00093473    00000043     xplt.peripheral.obj (.text:initI2C)
                  000934b6    00000040     user_main.obj (.text:tsk_dl_debug_device)
                  000934f6    0000003f     gpio.obj (.text:GPIO_setPadConfig)
                  00093535    0000003e     i2c.obj (.text:I2C_initController)
                  00093573    0000003e     interrupt.obj (.text:Interrupt_initModule)
                  000935b1    0000003e     rts2800_fpu32_eabi.lib : hostrename.c.obj (.text)
                  000935ef    0000003d     board.obj (.text:INTERRUPT_init)
                  0009362c    0000003d     rts2800_fpu32_eabi.lib : fseek.c.obj (.text)
                  00093669    0000003c     user_main.obj (.text:init)
                  000936a5    0000003a     gmp_datalink.obj (.text:gmp_dev_dl_default_rx_handler)
                  000936df    0000003a     rts2800_fpu32_eabi.lib : hostopen.c.obj (.text)
                  00093719    00000039                            : hostwrite.c.obj (.text)
                  00093752    00000038     gmp_datalink.obj (.text:gmp_dev_dl_push_str)
                  0009378a    00000038     oled_driver.obj (.text:oled_show_char)
                  000937c2    00000038     rts2800_fpu32_eabi.lib : hostread.c.obj (.text)
                  000937fa    00000037     ctl_main.obj (.text:ctl_init)
                  00093831    00000035     eqep.obj (.text:EQEP_setInputPolarity)
                  00093866    00000035     interrupt.obj (.text:Interrupt_enable)
                  0009389b    00000035     iris_peripheral.obj (.text:psu_keypad_append_decimal)
                  000938d0    00000033     sysconfig_adapter.obj (.text:gmp_csp_startup)
                  00093903    00000033     rts2800_fpu32_eabi.lib : close.c.obj (.text)
                  00093936    00000033     iris_peripheral.obj (.text:tsk_psu_alarm)
                  00093969    00000032     rts2800_fpu32_eabi.lib : sprintf.c.obj (.text)
                  0009399b    00000031     can.obj (.text:CAN_setBitTiming)
                  000939cc    00000031     sysctl.obj (.text:SysCtl_selectOscSource)
                  000939fd    00000031     rts2800_fpu32_eabi.lib : atoi.c.obj (.text)
                  00093a2e    00000030     board.obj (.text:EPWM_setActionQualifierAction)
                  00093a5e    00000030     rts2800_fpu32_eabi.lib : copy_decompress_lzss.c.obj (.text:decompress:lzss)
                  00093a8e    00000030                            : _ltoa.c.obj (.text)
                  00093abe    00000030                            : vsprintf.c.obj (.text)
                  00093aee    0000002f     gpio.obj (.text:GPIO_setPinConfig)
                  00093b1d    0000002f     gmp_process_mgr.obj (.text:gmp_scheduler_add_task)
                  00093b4c    0000002e     gmp_datalink.obj (.text:gmp_dev_dl_tx_append_u16)
                  00093b7a    0000002e     peripheral_driver.obj (.text:gmp_hal_gpio_write)
                  00093ba8    0000002d     board.obj (.text:myBoardFSI0_FSITX_init)
                  00093bd5    0000002c     fsi.obj (.text:FSI_performTxInitialization)
                  00093c01    0000002b     rts2800_fpu32_eabi.lib : autoinit.c.obj (.text:__TI_auto_init_nobinit_nopinit)
                  00093c2c    0000002a     oled_driver.obj (.text:oled_set_position)
                  00093c56    0000002a     rts2800_fpu32_eabi.lib : fd_cmp28.asm.obj (.text)
                  00093c80    0000002a                            : l_div28.asm.obj (.text)
                  00093caa    00000029                            : exit.c.obj (.text)
                  00093cd3    00000029                            : hostclose.c.obj (.text)
                  00093cfc    00000028     sysconfig_adapter.obj (.text:gmp_base_print_c28xsyscfg)
                  00093d24    00000027     gmp_datalink.obj (.text:gmp_dev_dl_tx_append_payload)
                  00093d4b    00000027     peripheral_driver.obj (.text:wait_bus_idle)
                  00093d72    00000026     gpio.obj (.text:GPIO_setControllerCore)
                  00093d98    00000026     gpio.obj (.text:GPIO_setQualificationMode)
                  00093dbe    00000025     board.obj (.text:Board_init)
                  00093de3    00000025     gmp_mem_presp.obj (.text:check_sandbox_validity)
                  00093e08    00000024     gmp_process_mgr.obj (.text:gmp_scheduler_init)
                  00093e2c    00000024     iris_peripheral.obj (.text:psu_keypad_parse_current)
                  00093e50    00000024     rts2800_fpu32_eabi.lib : hostunlink.c.obj (.text)
                  00093e74    00000024                            : s_copysign.c.obj (.text)
                  00093e98    00000023     sci.obj (.text:SCI_setConfig)
                  00093ebb    00000023     spi.obj (.text:SPI_setConfig)
                  00093ede    00000023     board.obj (.text:myCPUTIMER0_init)
                  00093f01    00000022     sci.obj (.text:SCI_readCharArray)
                  00093f23    00000022     ht16k33.obj (.text:ht16k33_update_display)
                  00093f45    00000021     board.obj (.text:IRIS_DACA_init)
                  00093f66    00000021     board.obj (.text:IRIS_DACB_init)
                  00093f87    00000021     sysctl.obj (.text:SysCtl_selectXTALSingleEnded)
                  00093fa8    00000021     crc16.obj (.text:gmp_base_calculate_crc16)
                  00093fc9    00000021     iris_peripheral.obj (.text:psu_ui_scale_to_uint16)
                  00093fea    00000021     rts2800_fpu32_eabi.lib : fd_toi28.asm.obj (.text)
                  0009400b    0000001f     gpio.obj (.text:GPIO_setDirectionMode)
                  0009402a    0000001f     gmp_datalink.obj (.text:gmp_dev_dl_reply_nack)
                  00094049    0000001f     gmp_datalink.obj (.text:gmp_dev_dl_tx_append_u8)
                  00094068    0000001f     rts2800_fpu32_eabi.lib : fd_tol28.asm.obj (.text)
                  00094087    0000001e     adc.obj (.text:ADC_setOffsetTrimAll)
                  000940a5    0000001e     sci.obj (.text:SCI_clearInterruptStatus)
                  000940c3    0000001e     rts2800_fpu32_eabi.lib : ll_cmp28.asm.obj (.text)
                  000940e1    0000001d     board.obj (.text:SYNC_init)
                  000940fe    0000001d     xplt.peripheral.obj (.text:flush_dl_tx_buffer)
                  0009411b    0000001d     oled_driver.obj (.text:oled_show_str)
                  00094138    0000001d     iris_peripheral.obj (.text:psu_keypad_append_digit)
                  00094155    0000001d     rts2800_fpu32_eabi.lib : i_tofd28.asm.obj (.text)
                  00094172    0000001d                            : memcpy.c.obj (.text)
                  0009418f    0000001c     interrupt.obj (.text:Interrupt_initVectorTable)
                  000941ab    0000001c     iris_peripheral.obj (.text:psu_ui_toggle_step)
                  000941c7    0000001c     rts2800_fpu32_eabi.lib : l_tofd28.asm.obj (.text)
                  000941e3    0000001b     can.obj (.text:CAN_clearInterruptStatus)
                  000941fe    0000001b     device.obj (.text:Device_initGPIO)
                  00094219    0000001b     xplt.peripheral.obj (.text:flush_dl_rx_buffer)
                  00094234    0000001a     sci.obj (.text:SCI_enableInterrupt)
                  0009424e    00000019     adc.obj (.text:ADC_setVREF)
                  00094267    00000019     oled_driver.obj (.text:OLED_WR_Byte)
                  00094280    00000019     board.obj (.text:myBoardFSI0_FSIRX_init)
                  00094299    00000019     rts2800_fpu32_eabi.lib : unlink.c.obj (.text)
                  000942b2    00000019                            : write.c.obj (.text)
                  000942cb    00000018     board.obj (.text:SysCtl_setPeripheralAccessControl)
                  000942e3    00000018     ctl_main.obj (.text:ctl_init_psu_mode_detection)
                  000942fb    00000018     rts2800_fpu32_eabi.lib : ll_aox28.asm.obj (.text)
                  00094313    00000018                            : lseek.c.obj (.text)
                  0009432b    00000018     iris_peripheral.obj (.text:update_led_content_8byte)
                  00094343    00000017     fsi.obj (.text:FSI_clearRxModuleReset)
                  0009435a    00000017     xplt.peripheral.obj (.text:INT_IRIS_CAN_1_ISR)
                  00094371    00000017     sysconfig_adapter.obj (.text:gmp_step_system_tick)
                  00094388    00000017     rts2800_fpu32_eabi.lib : boot28.asm.obj (.text)
                  0009439f    00000016     fsi.obj (.text:FSI_clearTxModuleReset)
                  000943b5    00000016     ctl_main.obj (.text:ctl_init_psu_protection)
                  000943cb    00000015     can.obj (.text:CAN_initModule)
                  000943e0    00000015     sysctl.obj (.text:SysCtl_configureType)
                  000943f5    00000015     rts2800_fpu32_eabi.lib : strncpy.c.obj (.text)
                  0009440a    00000014     fsi.obj (.text:FSI_resetRxModule)
                  0009441e    00000014     board.obj (.text:IRIS_GPIO1_init)
                  00094432    00000014     board.obj (.text:IRIS_GPIO2_init)
                  00094446    00000014     board.obj (.text:IRIS_GPIO3_init)
                  0009445a    00000014     board.obj (.text:IRIS_GPIO4_init)
                  0009446e    00000014     board.obj (.text:IRIS_GPIO5_init)
                  00094482    00000014     board.obj (.text:IRIS_GPIO6_init)
                  00094496    00000014     board.obj (.text:IRIS_GPIO_SPI_RST_init)
                  000944aa    00000014     board.obj (.text:IRIS_LED1_init)
                  000944be    00000014     board.obj (.text:IRIS_LED2_init)
                  000944d2    00000014     gmp_datalink.obj (.text:gmp_dev_dl_tx_request_cmd)
                  000944e6    00000014     iris_peripheral.obj (.text:psu_ui_pad_oled_line)
                  000944fa    00000013     fsi.obj (.text:FSI_resetTxModule)
                  0009450d    00000013     board.obj (.text:GPIO_init)
                  00094520    00000013     i2c.obj (.text:I2C_enableInterrupt)
                  00094533    00000012     fsi.obj (.text:FSI_performRxInitialization)
                  00094545    00000012     iris_peripheral.obj (.text:psu_keypad_reset)
                  00094557    00000012     iris_peripheral.obj (.text:psu_ui_write_led_segments)
                  00094569    00000011     i2c.obj (.text:I2C_clearInterruptStatus)
                  0009457a    00000011     xplt.peripheral.obj (.text:INT_IRIS_UART_RS232_RX_ISR)
                  0009458b    00000011     sysconfig_adapter.obj (.text:gmp_base_entry)
                  0009459c    00000011     iris_peripheral.obj (.text:psu_keypad_start)
                  000945ad    00000011     iris_peripheral.obj (.text:tsk_LED_flush)
                  000945be    00000010     gmp_datalink.obj (.text:gmp_dev_dl_init)
                  000945ce    00000010     rts2800_fpu32_eabi.lib : memccpy.c.obj (.text)
                  000945de    0000000f     gmp_datalink.obj (.text:gmp_dev_dl_reply_ack_null)
                  000945ed    0000000f     gmp_datalink.obj (.text:gmp_dev_dl_tx_request)
                  000945fc    0000000e     iris_peripheral.obj (.text:psu_keypad_backspace)
                  0009460a    0000000e     xplt.peripheral.obj (.text:psu_write_output_switch)
                  00094618    0000000e     rts2800_fpu32_eabi.lib : fd_sub28.asm.obj (.text)
                  00094626    0000000d     f28003x_defaultisr.obj (.text:EMPTY_ISR)
                  00094633    0000000d     ctl_component_interface.obj (.text:ctl_init_adc_channel)
                  00094640    0000000d     rts2800_fpu32_eabi.lib : assert.c.obj (.text)
                  0009464d    0000000d                            : memchr.c.obj (.text)
                  0009465a    0000000c     interrupt.obj (.text:Interrupt_defaultHandler)
                  00094666    0000000c     gmp_pil_core.obj (.text:gmp_pil_sim_init)
                  00094672    0000000c     rts2800_fpu32_eabi.lib : args_main.c.obj (.text)
                  0009467e    0000000c                            : strchr.c.obj (.text)
                  0009468a    0000000b     board.obj (.text:ASYSCTL_init)
                  00094695    0000000b     rts2800_fpu32_eabi.lib : u_div28.asm.obj (.text)
                  000946a0    0000000b                            : wcslen.c.obj (.text)
                  000946ab    0000000a     f28003x_defaultisr.obj (.text:ADCA1_ISR)
                  000946b5    0000000a     f28003x_defaultisr.obj (.text:ADCA2_ISR)
                  000946bf    0000000a     f28003x_defaultisr.obj (.text:ADCA3_ISR)
                  000946c9    0000000a     f28003x_defaultisr.obj (.text:ADCA4_ISR)
                  000946d3    0000000a     f28003x_defaultisr.obj (.text:ADCA_EVT_ISR)
                  000946dd    0000000a     f28003x_defaultisr.obj (.text:ADCB1_ISR)
                  000946e7    0000000a     f28003x_defaultisr.obj (.text:ADCB2_ISR)
                  000946f1    0000000a     f28003x_defaultisr.obj (.text:ADCB3_ISR)
                  000946fb    0000000a     f28003x_defaultisr.obj (.text:ADCB4_ISR)
                  00094705    0000000a     f28003x_defaultisr.obj (.text:ADCB_EVT_ISR)
                  0009470f    0000000a     f28003x_defaultisr.obj (.text:ADCC1_ISR)
                  00094719    0000000a     f28003x_defaultisr.obj (.text:ADCC2_ISR)
                  00094723    0000000a     f28003x_defaultisr.obj (.text:ADCC3_ISR)
                  0009472d    0000000a     f28003x_defaultisr.obj (.text:ADCC4_ISR)
                  00094737    0000000a     f28003x_defaultisr.obj (.text:ADCC_EVT_ISR)
                  00094741    0000000a     f28003x_defaultisr.obj (.text:AES_SINTREQUEST_ISR)
                  0009474b    0000000a     f28003x_defaultisr.obj (.text:BGCRC_CLA1_ISR)
                  00094755    0000000a     f28003x_defaultisr.obj (.text:BGCRC_ISR)
                  0009475f    0000000a     f28003x_defaultisr.obj (.text:CANA0_ISR)
                  00094769    0000000a     f28003x_defaultisr.obj (.text:CANA1_ISR)
                  00094773    0000000a     f28003x_defaultisr.obj (.text:CLA1_1_ISR)
                  0009477d    0000000a     f28003x_defaultisr.obj (.text:CLA1_2_ISR)
                  00094787    0000000a     f28003x_defaultisr.obj (.text:CLA1_3_ISR)
                  00094791    0000000a     f28003x_defaultisr.obj (.text:CLA1_4_ISR)
                  0009479b    0000000a     f28003x_defaultisr.obj (.text:CLA1_5_ISR)
                  000947a5    0000000a     f28003x_defaultisr.obj (.text:CLA1_6_ISR)
                  000947af    0000000a     f28003x_defaultisr.obj (.text:CLA1_7_ISR)
                  000947b9    0000000a     f28003x_defaultisr.obj (.text:CLA1_8_ISR)
                  000947c3    0000000a     f28003x_defaultisr.obj (.text:CLA_OVERFLOW_ISR)
                  000947cd    0000000a     f28003x_defaultisr.obj (.text:CLA_UNDERFLOW_ISR)
                  000947d7    0000000a     f28003x_defaultisr.obj (.text:CLB1_ISR)
                  000947e1    0000000a     f28003x_defaultisr.obj (.text:CLB2_ISR)
                  000947eb    0000000a     f28003x_defaultisr.obj (.text:CLB3_ISR)
                  000947f5    0000000a     f28003x_defaultisr.obj (.text:CLB4_ISR)
                  000947ff    0000000a     f28003x_defaultisr.obj (.text:DATALOG_ISR)
                  00094809    0000000a     f28003x_defaultisr.obj (.text:DCC0_ISR)
                  00094813    0000000a     f28003x_defaultisr.obj (.text:DCC1_ISR)
                  0009481d    0000000a     f28003x_defaultisr.obj (.text:DMA_CH1_ISR)
                  00094827    0000000a     f28003x_defaultisr.obj (.text:DMA_CH2_ISR)
                  00094831    0000000a     f28003x_defaultisr.obj (.text:DMA_CH3_ISR)
                  0009483b    0000000a     f28003x_defaultisr.obj (.text:DMA_CH4_ISR)
                  00094845    0000000a     f28003x_defaultisr.obj (.text:DMA_CH5_ISR)
                  0009484f    0000000a     f28003x_defaultisr.obj (.text:DMA_CH6_ISR)
                  00094859    0000000a     f28003x_defaultisr.obj (.text:ECAP1_ISR)
                  00094863    0000000a     f28003x_defaultisr.obj (.text:ECAP2_ISR)
                  0009486d    0000000a     f28003x_defaultisr.obj (.text:ECAP3_2_ISR)
                  00094877    0000000a     f28003x_defaultisr.obj (.text:ECAP3_ISR)
                  00094881    0000000a     f28003x_defaultisr.obj (.text:EMU_ISR)
                  0009488b    0000000a     f28003x_defaultisr.obj (.text:EPWM1_ISR)
                  00094895    0000000a     f28003x_defaultisr.obj (.text:EPWM1_TZ_ISR)
                  0009489f    0000000a     f28003x_defaultisr.obj (.text:EPWM2_ISR)
                  000948a9    0000000a     f28003x_defaultisr.obj (.text:EPWM2_TZ_ISR)
                  000948b3    0000000a     f28003x_defaultisr.obj (.text:EPWM3_ISR)
                  000948bd    0000000a     f28003x_defaultisr.obj (.text:EPWM3_TZ_ISR)
                  000948c7    0000000a     f28003x_defaultisr.obj (.text:EPWM4_ISR)
                  000948d1    0000000a     f28003x_defaultisr.obj (.text:EPWM4_TZ_ISR)
                  000948db    0000000a     f28003x_defaultisr.obj (.text:EPWM5_ISR)
                  000948e5    0000000a     f28003x_defaultisr.obj (.text:EPWM5_TZ_ISR)
                  000948ef    0000000a     f28003x_defaultisr.obj (.text:EPWM6_ISR)
                  000948f9    0000000a     f28003x_defaultisr.obj (.text:EPWM6_TZ_ISR)
                  00094903    0000000a     f28003x_defaultisr.obj (.text:EPWM7_ISR)
                  0009490d    0000000a     f28003x_defaultisr.obj (.text:EPWM7_TZ_ISR)
                  00094917    0000000a     f28003x_defaultisr.obj (.text:EPWM8_ISR)
                  00094921    0000000a     f28003x_defaultisr.obj (.text:EPWM8_TZ_ISR)
                  0009492b    0000000a     f28003x_defaultisr.obj (.text:EQEP1_ISR)
                  00094935    0000000a     f28003x_defaultisr.obj (.text:EQEP2_ISR)
                  0009493f    0000000a     f28003x_defaultisr.obj (.text:FLASH_CORR_ERR_ISR)
                  00094949    0000000a     f28003x_defaultisr.obj (.text:FMC_ISR)
                  00094953    0000000a     f28003x_defaultisr.obj (.text:FPU_OVERFLOW_ISR)
                  0009495d    0000000a     f28003x_defaultisr.obj (.text:FPU_UNDERFLOW_ISR)
                  00094967    0000000a     f28003x_defaultisr.obj (.text:FSIRXA1_ISR)
                  00094971    0000000a     f28003x_defaultisr.obj (.text:FSIRXA2_ISR)
                  0009497b    0000000a     f28003x_defaultisr.obj (.text:FSITXA1_ISR)
                  00094985    0000000a     f28003x_defaultisr.obj (.text:FSITXA2_ISR)
                  0009498f    0000000a     f28003x_defaultisr.obj (.text:HICA_ISR)
                  00094999    0000000a     f28003x_defaultisr.obj (.text:I2CA_FIFO_ISR)
                  000949a3    0000000a     f28003x_defaultisr.obj (.text:I2CA_ISR)
                  000949ad    0000000a     f28003x_defaultisr.obj (.text:I2CB_FIFO_ISR)
                  000949b7    0000000a     f28003x_defaultisr.obj (.text:I2CB_ISR)
                  000949c1    0000000a     f28003x_defaultisr.obj (.text:ILLEGAL_ISR)
                  000949cb    0000000a     interrupt.obj (.text:Interrupt_illegalOperationHandler)
                  000949d5    0000000a     interrupt.obj (.text:Interrupt_nmiHandler)
                  000949df    0000000a     f28003x_defaultisr.obj (.text:LINA_0_ISR)
                  000949e9    0000000a     f28003x_defaultisr.obj (.text:LINA_1_ISR)
                  000949f3    0000000a     f28003x_defaultisr.obj (.text:LINB_0_ISR)
                  000949fd    0000000a     f28003x_defaultisr.obj (.text:LINB_1_ISR)
                  00094a07    0000000a     f28003x_defaultisr.obj (.text:MCANA_0_ISR)
                  00094a11    0000000a     f28003x_defaultisr.obj (.text:MCANA_1_ISR)
                  00094a1b    0000000a     f28003x_defaultisr.obj (.text:MCANA_ECC_ISR)
                  00094a25    0000000a     f28003x_defaultisr.obj (.text:MCANA_WAKE_ISR)
                  00094a2f    0000000a     f28003x_defaultisr.obj (.text:MPOST_ISR)
                  00094a39    0000000a     f28003x_defaultisr.obj (.text:NMI_ISR)
                  00094a43    0000000a     f28003x_defaultisr.obj (.text:NOTUSED_ISR)
                  00094a4d    0000000a     f28003x_defaultisr.obj (.text:PIE_RESERVED_ISR)
                  00094a57    0000000a     f28003x_defaultisr.obj (.text:PMBUSA_ISR)
                  00094a61    0000000a     f28003x_defaultisr.obj (.text:RAM_ACC_VIOL_ISR)
                  00094a6b    0000000a     f28003x_defaultisr.obj (.text:RAM_CORR_ERR_ISR)
                  00094a75    0000000a     f28003x_defaultisr.obj (.text:RTOS_ISR)
                  00094a7f    0000000a     f28003x_defaultisr.obj (.text:SCIA_RX_ISR)
                  00094a89    0000000a     f28003x_defaultisr.obj (.text:SCIA_TX_ISR)
                  00094a93    0000000a     f28003x_defaultisr.obj (.text:SCIB_RX_ISR)
                  00094a9d    0000000a     f28003x_defaultisr.obj (.text:SCIB_TX_ISR)
                  00094aa7    0000000a     f28003x_defaultisr.obj (.text:SDFM1DR1_ISR)
                  00094ab1    0000000a     f28003x_defaultisr.obj (.text:SDFM1DR2_ISR)
                  00094abb    0000000a     f28003x_defaultisr.obj (.text:SDFM1DR3_ISR)
                  00094ac5    0000000a     f28003x_defaultisr.obj (.text:SDFM1DR4_ISR)
                  00094acf    0000000a     f28003x_defaultisr.obj (.text:SDFM1_ISR)
                  00094ad9    0000000a     f28003x_defaultisr.obj (.text:SDFM2DR1_ISR)
                  00094ae3    0000000a     f28003x_defaultisr.obj (.text:SDFM2DR2_ISR)
                  00094aed    0000000a     f28003x_defaultisr.obj (.text:SDFM2DR3_ISR)
                  00094af7    0000000a     f28003x_defaultisr.obj (.text:SDFM2DR4_ISR)
                  00094b01    0000000a     f28003x_defaultisr.obj (.text:SDFM2_ISR)
                  00094b0b    0000000a     f28003x_defaultisr.obj (.text:SPIA_RX_ISR)
                  00094b15    0000000a     f28003x_defaultisr.obj (.text:SPIA_TX_ISR)
                  00094b1f    0000000a     f28003x_defaultisr.obj (.text:SPIB_RX_ISR)
                  00094b29    0000000a     f28003x_defaultisr.obj (.text:SPIB_TX_ISR)
                  00094b33    0000000a     f28003x_defaultisr.obj (.text:SYS_ERR_ISR)
                  00094b3d    0000000a     f28003x_defaultisr.obj (.text:TIMER0_ISR)
                  00094b47    0000000a     f28003x_defaultisr.obj (.text:TIMER1_ISR)
                  00094b51    0000000a     f28003x_defaultisr.obj (.text:TIMER2_ISR)
                  00094b5b    0000000a     f28003x_defaultisr.obj (.text:USER10_ISR)
                  00094b65    0000000a     f28003x_defaultisr.obj (.text:USER11_ISR)
                  00094b6f    0000000a     f28003x_defaultisr.obj (.text:USER12_ISR)
                  00094b79    0000000a     f28003x_defaultisr.obj (.text:USER1_ISR)
                  00094b83    0000000a     f28003x_defaultisr.obj (.text:USER2_ISR)
                  00094b8d    0000000a     f28003x_defaultisr.obj (.text:USER3_ISR)
                  00094b97    0000000a     f28003x_defaultisr.obj (.text:USER4_ISR)
                  00094ba1    0000000a     f28003x_defaultisr.obj (.text:USER5_ISR)
                  00094bab    0000000a     f28003x_defaultisr.obj (.text:USER6_ISR)
                  00094bb5    0000000a     f28003x_defaultisr.obj (.text:USER7_ISR)
                  00094bbf    0000000a     f28003x_defaultisr.obj (.text:USER8_ISR)
                  00094bc9    0000000a     f28003x_defaultisr.obj (.text:USER9_ISR)
                  00094bd3    0000000a     f28003x_defaultisr.obj (.text:WAKE_ISR)
                  00094bdd    0000000a     f28003x_defaultisr.obj (.text:XINT1_ISR)
                  00094be7    0000000a     f28003x_defaultisr.obj (.text:XINT2_ISR)
                  00094bf1    0000000a     f28003x_defaultisr.obj (.text:XINT3_ISR)
                  00094bfb    0000000a     f28003x_defaultisr.obj (.text:XINT4_ISR)
                  00094c05    0000000a     f28003x_defaultisr.obj (.text:XINT5_ISR)
                  00094c0f    0000000a     rts2800_fpu32_eabi.lib : strcmp.c.obj (.text)
                  00094c19    00000009     gmp_tunable.obj (.text:gmp_param_tunable_init)
                  00094c22    00000009     rts2800_fpu32_eabi.lib : _lock.c.obj (.text)
                  00094c2b    00000009                            : fd_neg28.asm.obj (.text)
                  00094c34    00000008                            : copy_decompress_none.c.obj (.text:decompress:none)
                  00094c3c    00000008     f28003x_codestartbranch.obj (.text)
                  00094c44    00000008     gmp_datalink.obj (.text:gmp_dev_dl_tx_ready)
                  00094c4c    00000008     rts2800_fpu32_eabi.lib : strlen.c.obj (.text)
                  00094c54    00000007     iris_peripheral.obj (.text:alarm_led_off)
                  00094c5b    00000007     iris_peripheral.obj (.text:alarm_led_on)
                  00094c62    00000007     iris_peripheral.obj (.text:beep_off)
                  00094c69    00000007     iris_peripheral.obj (.text:beep_on)
                  00094c70    00000007     iris_peripheral.obj (.text:output_led_off)
                  00094c77    00000007     iris_peripheral.obj (.text:output_led_on)
                  00094c7e    00000007     rts2800_fpu32_eabi.lib : memset.c.obj (.text)
                  00094c85    00000006     cputimer.obj (.text:CPUTimer_setEmulationMode)
                  00094c8b    00000006     rts2800_fpu32_eabi.lib : copy_zero_init.c.obj (.text:decompress:ZI)
                  00094c91    00000006     gmp_mem_presp.obj (.text:gmp_mem_persp_init)
                  00094c97    00000005     board.obj (.text:DAC_init)
                  00094c9c    00000005     board.obj (.text:EQEP_init)
                  00094ca1    00000005     board.obj (.text:SCI_init)
                  00094ca6    00000005     board.obj (.text:SPI_init)
                  00094cab    00000005     gmp_datalink.obj (.text:gmp_dev_dl_msg_handled)
                  00094cb0    00000005     user_main.obj (.text:mainloop)
                  00094cb5    00000005     rts2800_fpu32_eabi.lib : strcpy.c.obj (.text)
                  00094cba    00000004     ctl_divider.obj (.text:ctl_init_divider)
                  00094cbe    00000004     sysconfig_adapter.obj (.text:gmp_base_get_system_tick)
                  00094cc2    00000004     sysconfig_adapter.obj (.text:gmp_csp_post_process)
                  00094cc6    00000004     gmp_datalink.obj (.text:gmp_dev_dl_tx_state_done)
                  00094cca    00000004     peripheral_driver.obj (.text:reset_bus_status)
                  00094cce    00000002     rts2800_fpu32_eabi.lib : pre_init.c.obj (.text)
                  00094cd0    00000001     ctl_main.obj (.text:gmp_pil_sim_step)
                  00094cd1    00000001     rts2800_fpu32_eabi.lib : startup.c.obj (.text)

MODULE SUMMARY

       Module                        code    ro data   rw data
       ------                        ----    -------   -------
    .\
       f28003x_codestartbranch.obj   10      0         0      
    +--+-----------------------------+-------+---------+---------+
       Total:                        10      0         0      
                                                              
    .\device_support\
       f28003x_defaultisr.obj        1373    0         0      
       f28003x_pievect.obj           0       448       0      
    +--+-----------------------------+-------+---------+---------+
       Total:                        1373    448       0      
                                                              
    .\driverlib\
       sysctl.obj                    843     0         0      
       interrupt.obj                 367     0         0      
       can.obj                       347     0         0      
       flash.obj                     322     0         0      
       gpio.obj                      285     0         0      
       fsi.obj                       146     0         0      
       sci.obj                       125     0         0      
       i2c.obj                       98      0         0      
       adc.obj                       55      0         0      
       eqep.obj                      53      0         0      
       spi.obj                       35      0         0      
       cputimer.obj                  6       0         0      
    +--+-----------------------------+-------+---------+---------+
       Total:                        2682    0         0      
                                                              
    .\gmp_src_mgr\gmp_src\
       gmp_std_port.obj              173     2279      0      
       gmp_datalink.obj              993     0         0      
       peripheral_driver.obj         820     0         0      
       gmp_pil_core.obj              578     0         0      
       gmp_process_mgr.obj           172     356       0      
       gmp_mem_presp.obj             498     0         0      
       gmp_tunable.obj               314     0         0      
       crc16.obj                     33      256       0      
       sysconfig_adapter.obj         139     0         136    
       ht16k33.obj                   265     0         0      
       ctl_component_interface.obj   13      0         0      
       ctl_divider.obj               4       0         0      
    +--+-----------------------------+-------+---------+---------+
       Total:                        4002    2891      136    
                                                              
    .\oled_driver\
       oled_driver.obj               391     573       146    
    +--+-----------------------------+-------+---------+---------+
       Total:                        391     573       146    
                                                              
    .\syscfg\
       board.obj                     7826    6         0      
       device.obj                    763     0         0      
    +--+-----------------------------+-------+---------+---------+
       Total:                        8589    6         0      
                                                              
    .\user\
       user_main.obj                 220     142       2214   
       iris_peripheral.obj           1818    634       65     
       ctl_main.obj                  504     0         112    
    +--+-----------------------------+-------+---------+---------+
       Total:                        2542    776       2391   
                                                              
    .\xplt\
       xplt.peripheral.obj           1015    15        0      
    +--+-----------------------------+-------+---------+---------+
       Total:                        1015    15        0      
                                                              
    D:\software\ti\ccs1281\ccs\tools\compiler\ti-cgt-c2000_22.6.1.LTS\lib\rts2800_fpu32_eabi.lib
       _printfi.c.obj                3286    66        0      
       memory.c.obj                  664     0         3      
       trgmsg.c.obj                  149     0         288    
       fopen.c.obj                   289     0         1      
       defs.c.obj                    0       0         281    
       ll_div28.asm.obj              263     0         0      
       ctype.c.obj                   0       257       0      
       s_scalbn.c.obj                169     28        0      
       fputs.c.obj                   168     2         0      
       fd_add28.asm.obj              156     0         0      
       fd_div28.asm.obj              139     0         0      
       fd_mpy28.asm.obj              131     0         0      
       setvbuf.c.obj                 124     0         0      
       fflush.c.obj                  115     0         0      
       open.c.obj                    113     0         1      
       host_device.c.obj             0       0         112    
       _io_perm.c.obj                101     0         0      
       s_frexp.c.obj                 90      8         0      
       hostlseek.c.obj               97      0         0      
       fclose.c.obj                  93      0         0      
       getdevice.c.obj               81      0         0      
       hostopen.c.obj                58      0         8      
       hostrename.c.obj              62      0         0      
       fseek.c.obj                   61      0         0      
       hostwrite.c.obj               57      0         0      
       hostread.c.obj                56      0         0      
       close.c.obj                   51      0         0      
       sprintf.c.obj                 50      0         0      
       atoi.c.obj                    49      0         0      
       _ltoa.c.obj                   48      0         0      
       copy_decompress_lzss.c.obj    48      0         0      
       vsprintf.c.obj                48      0         0      
       exit.c.obj                    41      0         6      
       autoinit.c.obj                43      0         0      
       fd_cmp28.asm.obj              42      0         0      
       l_div28.asm.obj               42      0         0      
       hostclose.c.obj               41      0         0      
       hostunlink.c.obj              36      0         0      
       s_copysign.c.obj              36      0         0      
       fd_toi28.asm.obj              33      0         0      
       fd_tol28.asm.obj              31      0         0      
       ll_cmp28.asm.obj              30      0         0      
       i_tofd28.asm.obj              29      0         0      
       memcpy.c.obj                  29      0         0      
       l_tofd28.asm.obj              28      0         0      
       unlink.c.obj                  25      0         0      
       write.c.obj                   25      0         0      
       ll_aox28.asm.obj              24      0         0      
       lseek.c.obj                   24      0         0      
       boot28.asm.obj                23      0         0      
       strncpy.c.obj                 21      0         0      
       memccpy.c.obj                 16      0         0      
       fd_sub28.asm.obj              14      0         0      
       _lock.c.obj                   9       0         4      
       assert.c.obj                  13      0         0      
       memchr.c.obj                  13      0         0      
       args_main.c.obj               12      0         0      
       strchr.c.obj                  12      0         0      
       u_div28.asm.obj               11      0         0      
       wcslen.c.obj                  11      0         0      
       strcmp.c.obj                  10      0         0      
       fd_neg28.asm.obj              9       0         0      
       copy_decompress_none.c.obj    8       0         0      
       strlen.c.obj                  8       0         0      
       memset.c.obj                  7       0         0      
       copy_zero_init.c.obj          6       0         0      
       strcpy.c.obj                  5       0         0      
       pre_init.c.obj                2       0         0      
       errno.c.obj                   0       0         1      
       startup.c.obj                 1       0         0      
    +--+-----------------------------+-------+---------+---------+
       Total:                        7586    361       705    
                                                              
       Heap:                         0       0         1024   
       Stack:                        0       0         512    
       Linker Generated:             0       141       0      
    +--+-----------------------------+-------+---------+---------+
       Grand Total:                  28190   5211      4914   


LINKER GENERATED COPY TABLES

__TI_cinit_table @ 00081126 records: 4, size/record: 4, table size: 16
	.data.2: load addr=000810a8, load size=0000005e bytes, run addr=0000b800, run size=00000134 bytes, compression=lzss
	.data.1: load addr=00081106, load size=00000011 bytes, run addr=0000b7ba, run size=00000046 bytes, compression=lzss
	.bss.1: load addr=0008111e, load size=00000004 bytes, run addr=0000ac00, run size=00000400 bytes, compression=zero_init
	.bss.2: load addr=00081122, load size=00000004 bytes, run addr=0000b000, run size=000007ba bytes, compression=zero_init


LINKER GENERATED HANDLER TABLE

__TI_handler_table @ 00081118 records: 3, size/record: 2, table size: 6
	index: 0, handler: __TI_zero_init
	index: 1, handler: __TI_decompress_lzss
	index: 2, handler: __TI_decompress_none


GLOBAL DATA SYMBOLS: SORTED BY DATA PAGE

address     data page           name
--------    ----------------    ----
00000400      10 (00000400)     __stack

0000a800     2a0 (0000a800)     _sys_memory

0000ac00     2b0 (0000ac00)     ram_range

0000b000     2c0 (0000b000)     kp
0000b002     2c0 (0000b000)     ki
0000b004     2c0 (0000b000)     kd
0000b006     2c0 (0000b000)     user_led
0000b008     2c0 (0000b000)     tunable
0000b010     2c0 (0000b000)     mem_persp_server

0000b040     2c1 (0000b040)     sched

0000b080     2c2 (0000b080)     pil

0000b100     2c4 (0000b100)     dl

0000b442     2d1 (0000b440)     __CIOBUF_

0000b562     2d5 (0000b540)     __TI_tmpnams

0000b704     2dc (0000b700)     gpio_beep
0000b706     2dc (0000b700)     gpio_alarm_led
0000b708     2dc (0000b700)     gpio_output_led
0000b70a     2dc (0000b700)     iic_bus
0000b70c     2dc (0000b700)     hdc1080
0000b710     2dc (0000b700)     ht16k33
0000b731     2dc (0000b700)     parmbuf
0000b73a     2dc (0000b700)     debug_uart
0000b73c     2dc (0000b700)     sys_tick_div

0000b740     2dd (0000b740)     psu_voltage_fb_adc
0000b74a     2dd (0000b740)     psu_current_fb_adc

0000b780     2de (0000b780)     psu_ctrl
0000b7ba     2de (0000b780)     _stream

0000b7ff     2df (0000b7c0)     __TI_ft_end

0000b800     2e0 (0000b800)     _ftable

0000b878     2e1 (0000b840)     tasks

0000b8da     2e3 (0000b8c0)     _device

0000b922     2e4 (0000b900)     __TI_enable_exit_profile_output
0000b924     2e4 (0000b900)     __TI_cleanup_ptr
0000b926     2e4 (0000b900)     __TI_dtors_ptr
0000b928     2e4 (0000b900)     _lock
0000b92a     2e4 (0000b900)     _unlock
0000b92c     2e4 (0000b900)     DSPC2000_SystemTick
0000b92e     2e4 (0000b900)     flag_init_cmpt
0000b930     2e4 (0000b900)     errno

00084b4b    212d (00084b40)     F6x8

00084d74    2135 (00084d40)     dict_m1

00084d80    2136 (00084d80)     PieVectTableInit

00085164    2145 (00085140)     _ctypes_

00085365    214d (00085340)     led_lut

000853c8    214f (000853c0)     mem_regions
000853ce    214f (000853c0)     var_tunable_count
000853cf    214f (000853c0)     mem_regions_count


GLOBAL SYMBOLS: SORTED ALPHABETICALLY BY Name 

page  address   name                             
----  -------   ----                             
0     000946ab  ADCA1_ISR                        
0     000946b5  ADCA2_ISR                        
0     000946bf  ADCA3_ISR                        
0     000946c9  ADCA4_ISR                        
0     000946d3  ADCA_EVT_ISR                     
0     000946dd  ADCB1_ISR                        
0     000946e7  ADCB2_ISR                        
0     000946f1  ADCB3_ISR                        
0     000946fb  ADCB4_ISR                        
0     00094705  ADCB_EVT_ISR                     
0     0009470f  ADCC1_ISR                        
0     00094719  ADCC2_ISR                        
0     00094723  ADCC3_ISR                        
0     0009472d  ADCC4_ISR                        
0     00094737  ADCC_EVT_ISR                     
0     00087ff9  ADC_init                         
0     00094087  ADC_setOffsetTrimAll             
0     0009424e  ADC_setVREF                      
0     00094741  AES_SINTREQUEST_ISR              
0     0009468a  ASYSCTL_init                     
0     0009474b  BGCRC_CLA1_ISR                   
0     00094755  BGCRC_ISR                        
0     00093dbe  Board_init                       
0     00093caa  C$$EXIT                          
0     000923b7  C$$IO$$                          
0     0009475f  CANA0_ISR                        
0     00094769  CANA1_ISR                        
0     000941e3  CAN_clearInterruptStatus         
0     00091b75  CAN_init                         
0     000943cb  CAN_initModule                   
0     00093250  CAN_readMessage                  
0     0009399b  CAN_setBitTiming                 
0     00091ec3  CAN_setupMessageObject           
0     00094773  CLA1_1_ISR                       
0     0009477d  CLA1_2_ISR                       
0     00094787  CLA1_3_ISR                       
0     00094791  CLA1_4_ISR                       
0     0009479b  CLA1_5_ISR                       
0     000947a5  CLA1_6_ISR                       
0     000947af  CLA1_7_ISR                       
0     000947b9  CLA1_8_ISR                       
0     000947c3  CLA_OVERFLOW_ISR                 
0     000947cd  CLA_UNDERFLOW_ISR                
0     000947d7  CLB1_ISR                         
0     000947e1  CLB2_ISR                         
0     000947eb  CLB3_ISR                         
0     000947f5  CLB4_ISR                         
0     00093ede  CPUTIMER_init                    
0     00094c85  CPUTimer_setEmulationMode        
abs   00000000  Cla1ConstLoadSize                
0     00008800  Cla1ConstLoadStart               
0     00008800  Cla1ConstRunStart                
abs   00000000  Cla1ProgLoadSize                 
0     00008000  Cla1ProgLoadStart                
0     00008000  Cla1ProgRunStart                 
0     00094c97  DAC_init                         
0     000947ff  DATALOG_ISR                      
0     00094809  DCC0_ISR                         
0     00094813  DCC1_ISR                         
0     0009481d  DMA_CH1_ISR                      
0     00094827  DMA_CH2_ISR                      
0     00094831  DMA_CH3_ISR                      
0     0009483b  DMA_CH4_ISR                      
0     00094845  DMA_CH5_ISR                      
0     0009484f  DMA_CH6_ISR                      
0     0000b92c  DSPC2000_SystemTick              
0     000905f8  Device_enableAllPeripherals      
0     00092dd5  Device_init                      
0     000941fe  Device_initGPIO                  
0     00094859  ECAP1_ISR                        
0     00094863  ECAP2_ISR                        
0     0009486d  ECAP3_2_ISR                      
0     00094877  ECAP3_ISR                        
0     00094626  EMPTY_ISR                        
0     00094881  EMU_ISR                          
0     0009488b  EPWM1_ISR                        
0     00094895  EPWM1_TZ_ISR                     
0     0009489f  EPWM2_ISR                        
0     000948a9  EPWM2_TZ_ISR                     
0     000948b3  EPWM3_ISR                        
0     000948bd  EPWM3_TZ_ISR                     
0     000948c7  EPWM4_ISR                        
0     000948d1  EPWM4_TZ_ISR                     
0     000948db  EPWM5_ISR                        
0     000948e5  EPWM5_TZ_ISR                     
0     000948ef  EPWM6_ISR                        
0     000948f9  EPWM6_TZ_ISR                     
0     00094903  EPWM7_ISR                        
0     0009490d  EPWM7_TZ_ISR                     
0     00094917  EPWM8_ISR                        
0     00094921  EPWM8_TZ_ISR                     
0     00087000  EPWM_init                        
0     0009492b  EQEP1_ISR                        
0     00094935  EQEP2_ISR                        
0     00094c9c  EQEP_init                        
0     00093831  EQEP_setInputPolarity            
0     00084b4b  F6x8                             
0     0009493f  FLASH_CORR_ERR_ISR               
0     00094949  FMC_ISR                          
0     00094953  FPU_OVERFLOW_ISR                 
0     0009495d  FPU_UNDERFLOW_ISR                
0     00094967  FSIRXA1_ISR                      
0     00094971  FSIRXA2_ISR                      
0     00094280  FSIRX_init                       
0     0009497b  FSITXA1_ISR                      
0     00094985  FSITXA2_ISR                      
0     00093ba8  FSITX_init                       
0     00094343  FSI_clearRxModuleReset           
0     0009439f  FSI_clearTxModuleReset           
0     00094533  FSI_performRxInitialization      
0     00093bd5  FSI_performTxInitialization      
0     0009440a  FSI_resetRxModule                
0     000944fa  FSI_resetTxModule                
0     00008000  Flash_initModule                 
0     0009450d  GPIO_init                        
0     00093364  GPIO_setAnalogMode               
0     00093d72  GPIO_setControllerCore           
0     0009400b  GPIO_setDirectionMode            
0     000934f6  GPIO_setPadConfig                
0     00093aee  GPIO_setPinConfig                
0     00093d98  GPIO_setQualificationMode        
0     0009498f  HICA_ISR                         
0     00093cd3  HOSTclose                        
0     00092c5a  HOSTlseek                        
0     000936df  HOSTopen                         
0     000937c2  HOSTread                         
0     000935b1  HOSTrename                       
0     00093e50  HOSTunlink                       
0     00093719  HOSTwrite                        
0     00094999  I2CA_FIFO_ISR                    
0     000949a3  I2CA_ISR                         
0     000949ad  I2CB_FIFO_ISR                    
0     000949b7  I2CB_ISR                         
0     00094569  I2C_clearInterruptStatus         
0     00094520  I2C_enableInterrupt              
0     00092e31  I2C_init                         
0     00093535  I2C_initController               
0     000949c1  ILLEGAL_ISR                      
0     000935ef  INTERRUPT_init                   
0     00092bf9  INT_IRIS_CAN_0_ISR               
0     0009435a  INT_IRIS_CAN_1_ISR               
0     0009457a  INT_IRIS_UART_RS232_RX_ISR       
0     000933a8  INT_IRIS_UART_USB_RX_ISR         
0     000912cd  IRIS_ADCA_init                   
0     00091171  IRIS_ADCB_init                   
0     00091656  IRIS_ADCC_init                   
0     00091b75  IRIS_CAN_init                    
0     00093f45  IRIS_DACA_init                   
0     00093f66  IRIS_DACB_init                   
0     00092507  IRIS_EQEP1_init                  
0     00092589  IRIS_EQEP2_init                  
0     0009441e  IRIS_GPIO1_init                  
0     00094432  IRIS_GPIO2_init                  
0     00094446  IRIS_GPIO3_init                  
0     0009445a  IRIS_GPIO4_init                  
0     0009446e  IRIS_GPIO5_init                  
0     00094482  IRIS_GPIO6_init                  
0     00094496  IRIS_GPIO_SPI_RST_init           
0     00092e31  IRIS_IIC_init                    
0     000944aa  IRIS_LED1_init                   
0     000944be  IRIS_LED2_init                   
0     00093430  IRIS_SPI_FPGA_BRIDGE_init        
0     000931c1  IRIS_SPI_OUT_init                
0     00092804  IRIS_UART_RS232_init             
0     0009260b  IRIS_UART_USB_init               
0     0009465a  Interrupt_defaultHandler         
0     00093094  Interrupt_disable                
0     00093866  Interrupt_enable                 
0     000949cb  Interrupt_illegalOperationHandler
0     00093573  Interrupt_initModule             
0     0009418f  Interrupt_initVectorTable        
0     000949d5  Interrupt_nmiHandler             
0     000949df  LINA_0_ISR                       
0     000949e9  LINA_1_ISR                       
0     000949f3  LINB_0_ISR                       
0     000949fd  LINB_1_ISR                       
0     00094a07  MCANA_0_ISR                      
0     00094a11  MCANA_1_ISR                      
0     00094a1b  MCANA_ECC_ISR                    
0     00094a25  MCANA_WAKE_ISR                   
0     00094a2f  MPOST_ISR                        
0     0009087c  MainISR                          
0     00094a39  NMI_ISR                          
0     00094a43  NOTUSED_ISR                      
0     00094267  OLED_WR_Byte                     
0     00094a4d  PIE_RESERVED_ISR                 
0     00094a57  PMBUSA_ISR                       
0     00084d80  PieVectTableInit                 
0     00087b75  PinMux_init                      
0     00094a61  RAM_ACC_VIOL_ISR                 
0     00094a6b  RAM_CORR_ERR_ISR                 
0     00094a75  RTOS_ISR                         
0     000810a5  RamfuncsLoadEnd                  
abs   000000a5  RamfuncsLoadSize                 
0     00081000  RamfuncsLoadStart                
0     000080a5  RamfuncsRunEnd                   
abs   000000a5  RamfuncsRunSize                  
0     00008000  RamfuncsRunStart                 
0     00094a7f  SCIA_RX_ISR                      
0     00094a89  SCIA_TX_ISR                      
0     00094a93  SCIB_RX_ISR                      
0     00094a9d  SCIB_TX_ISR                      
0     000940a5  SCI_clearInterruptStatus         
0     00094234  SCI_enableInterrupt              
0     00094ca1  SCI_init                         
0     00093f01  SCI_readCharArray                
0     00093e98  SCI_setConfig                    
0     00094aa7  SDFM1DR1_ISR                     
0     00094ab1  SDFM1DR2_ISR                     
0     00094abb  SDFM1DR3_ISR                     
0     00094ac5  SDFM1DR4_ISR                     
0     00094acf  SDFM1_ISR                        
0     00094ad9  SDFM2DR1_ISR                     
0     00094ae3  SDFM2DR2_ISR                     
0     00094aed  SDFM2DR3_ISR                     
0     00094af7  SDFM2DR4_ISR                     
0     00094b01  SDFM2_ISR                        
0     00094b0b  SPIA_RX_ISR                      
0     00094b15  SPIA_TX_ISR                      
0     00094b1f  SPIB_RX_ISR                      
0     00094b29  SPIB_TX_ISR                      
0     00094ca6  SPI_init                         
0     00093ebb  SPI_setConfig                    
0     000940e1  SYNC_init                        
0     00090000  SYSCTL_init                      
0     00094b33  SYS_ERR_ISR                      
0     000943e0  SysCtl_configureType             
0     000080a1  SysCtl_delay                     
0     00091775  SysCtl_isPLLValid                
0     000939cc  SysCtl_selectOscSource           
0     00093295  SysCtl_selectXTAL                
0     00093f87  SysCtl_selectXTALSingleEnded     
0     00087ebe  SysCtl_setClock                  
0     00094b3d  TIMER0_ISR                       
0     00094b47  TIMER1_ISR                       
0     00094b51  TIMER2_ISR                       
0     00094b5b  USER10_ISR                       
0     00094b65  USER11_ISR                       
0     00094b6f  USER12_ISR                       
0     00094b79  USER1_ISR                        
0     00094b83  USER2_ISR                        
0     00094b8d  USER3_ISR                        
0     00094b97  USER4_ISR                        
0     00094ba1  USER5_ISR                        
0     00094bab  USER6_ISR                        
0     00094bb5  USER7_ISR                        
0     00094bbf  USER8_ISR                        
0     00094bc9  USER9_ISR                        
0     00094bd3  WAKE_ISR                         
0     00094bdd  XINT1_ISR                        
0     00094be7  XINT2_ISR                        
0     00094bf1  XINT3_ISR                        
0     00094bfb  XINT4_ISR                        
0     00094c05  XINT5_ISR                        
0     0000b442  __CIOBUF_                        
0     00081126  __TI_CINIT_Base                  
0     00081136  __TI_CINIT_Limit                 
0     00081136  __TI_CINIT_Warm                  
0     00081118  __TI_Handler_Table_Base          
0     0008111e  __TI_Handler_Table_Limit         
0     00000600  __TI_STACK_END                   
abs   00000200  __TI_STACK_SIZE                  
abs   00000400  __TI_SYSMEM_SIZE                 
0     00093c01  __TI_auto_init_nobinit_nopinit   
0     000915d4  __TI_cleanup                     
0     0000b924  __TI_cleanup_ptr                 
0     00092d78  __TI_closefile                   
0     00093a5e  __TI_decompress_lzss             
0     00094c34  __TI_decompress_none             
0     0009296e  __TI_doflush                     
0     0000b926  __TI_dtors_ptr                   
0     0000b922  __TI_enable_exit_profile_output  
0     0000b7ff  __TI_ft_end                      
0     00088f6c  __TI_heap_check                  
0     00088f4d  __TI_heap_largest_available      
0     00088f2e  __TI_heap_total_available        
0     00093a8e  __TI_ltoa                        
abs   ffffffff  __TI_pprof_out_hndl              
0     00088b51  __TI_printfi                     
abs   ffffffff  __TI_prof_data_size              
abs   ffffffff  __TI_prof_data_start             
0     00092bce  __TI_rd_ok                       
0     000923bc  __TI_readmsg                     
0     0000b562  __TI_tmpnams                     
0     00092364  __TI_writemsg                    
0     00092b94  __TI_wrt_ok                      
0     00094c8b  __TI_zero_init                   
0     000922c8  __c28xabi_addd                   
0     000942fb  __c28xabi_andll                  
0     00093c56  __c28xabi_cmpd                   
0     000940c3  __c28xabi_cmpll                  
0     000940d5  __c28xabi_cmpull                 
0     000923f9  __c28xabi_divd                   
0     00093c80  __c28xabi_divl                   
0     0009188d  __c28xabi_divll                  
0     00094695  __c28xabi_divu                   
0     00093c9d  __c28xabi_divul                  
0     00091903  __c28xabi_divull                 
0     00093fea  __c28xabi_dtoi                   
0     00094068  __c28xabi_dtol                   
0     00094155  __c28xabi_itod                   
0     000941c7  __c28xabi_ltod                   
[...]
0     00090fe0  ctl_init_psu                     
0     00091171  IRIS_ADCB_init                   
0     000912cd  IRIS_ADCA_init                   
0     00091404  gmp_param_tunable_rx_cb          
0     000915d4  __TI_cleanup                     
0     000915f1  freopen                          
0     0009160f  fopen                            
0     00091656  IRIS_ADCC_init                   
0     00091775  SysCtl_isPLLValid                
0     0009188d  __c28xabi_divll                  
0     000918c9  __c28xabi_modll                  
0     00091903  __c28xabi_divull                 
0     00091932  __c28xabi_modull                 
0     00091b75  CAN_init                         
0     00091b75  IRIS_CAN_init                    
0     00091c58  gmp_pil_sim_rx_cb                
0     00091d3b  gmp_hal_iic_read_mem             
0     00091e08  gmp_hal_iic_write_mem            
0     00091ec3  CAN_setupMessageObject           
0     00091f78  tsk_key_flush                    
0     00092027  gmp_base_show_label              
0     000920d4  ldexp                            
0     000920d4  ldexpl                           
0     000920d4  scalbn                           
0     000920d4  scalbnl                          
0     0009217d  fputs                            
0     00092212  puts                             
0     00092225  oled_init                        
0     000922c8  __c28xabi_addd                   
0     00092364  __TI_writemsg                    
0     000923b7  C$$IO$$                          
0     000923bc  __TI_readmsg                     
0     000923f9  __c28xabi_divd                   
0     00092484  __c28xabi_mpyd                   
0     00092507  IRIS_EQEP1_init                  
0     00092589  IRIS_EQEP2_init                  
0     0009260b  IRIS_UART_USB_init               
0     0009270b  ht16k33_read_keys                
0     00092788  setvbuf                          
0     00092804  IRIS_UART_RS232_init             
0     0009287f  gmp_hal_iic_write_reg            
0     0009296e  __TI_doflush                     
0     0009299d  fflush                           
0     000929e1  gmp_hal_uart_write               
0     00092a53  open                             
0     00092ac4  ht16k33_init                     
0     00092b2e  gmp_hal_iic_write_cmd            
0     00092b94  __TI_wrt_ok                      
0     00092bce  __TI_rd_ok                       
0     00092bf9  INT_IRIS_CAN_0_ISR               
0     00092c5a  HOSTlseek                        
0     00092cbb  setup_peripheral                 
0     00092d78  __TI_closefile                   
0     00092dbc  fclose                           
0     00092dd5  Device_init                      
0     00092e31  I2C_init                         
0     00092e31  IRIS_IIC_init                    
0     00092e8d  tsk_startup                      
0     00092ee8  frexp                            
0     00092ee8  frexpl                           
0     00092f42  tsk_psu_encoder                  
0     00092f9c  gmp_scheduler_dispatch           
0     00092ff5  finddevice                       
0     00093010  getdevice                        
0     00093046  gmp_dev_dl_tx_append_u32         
0     00093094  Interrupt_disable                
0     000930e0  oled_clear                       
0     000931c1  IRIS_SPI_OUT_init                
0     00093250  CAN_readMessage                  
0     00093295  SysCtl_selectXTAL                
0     00093364  GPIO_setAnalogMode               
0     000933a8  INT_IRIS_UART_USB_RX_ISR         
0     00093430  IRIS_SPI_FPGA_BRIDGE_init        
0     00093473  initI2C                          
0     000934b6  tsk_dl_debug_device              
0     000934f6  GPIO_setPadConfig                
0     00093535  I2C_initController               
0     00093573  Interrupt_initModule             
0     000935b1  HOSTrename                       
0     000935ef  INTERRUPT_init                   
0     0009362c  fseek                            
0     0009362c  fseeko                           
0     00093669  init                             
0     000936a5  gmp_dev_dl_default_rx_handler    
0     000936df  HOSTopen                         
0     00093719  HOSTwrite                        
0     00093752  gmp_dev_dl_push_str              
0     0009378a  oled_show_char                   
0     000937c2  HOSTread                         
0     000937fa  ctl_init                         
0     00093831  EQEP_setInputPolarity            
0     00093866  Interrupt_enable                 
0     000938d0  gmp_csp_startup                  
0     00093903  close                            
0     00093936  tsk_psu_alarm                    
0     00093969  sprintf                          
0     0009399b  CAN_setBitTiming                 
0     000939cc  SysCtl_selectOscSource           
0     000939fd  atoi                             
0     00093a5e  __TI_decompress_lzss             
0     00093a8e  __TI_ltoa                        
0     00093abe  vsprintf                         
0     00093aee  GPIO_setPinConfig                
0     00093b1d  gmp_scheduler_add_task           
0     00093b4c  gmp_dev_dl_tx_append_u16         
0     00093b7a  gmp_hal_gpio_write               
0     00093ba8  FSITX_init                       
0     00093ba8  myBoardFSI0_FSITX_init           
0     00093bd5  FSI_performTxInitialization      
0     00093c01  __TI_auto_init_nobinit_nopinit   
0     00093c2c  oled_set_position                
0     00093c56  __c28xabi_cmpd                   
0     00093c80  __c28xabi_divl                   
0     00093c8f  __c28xabi_modl                   
0     00093c9d  __c28xabi_divul                  
0     00093ca4  __c28xabi_modul                  
0     00093caa  C$$EXIT                          
0     00093caa  abort                            
0     00093cac  exit                             
0     00093cd3  HOSTclose                        
0     00093cfc  gmp_base_print_c28xsyscfg        
0     00093d24  gmp_dev_dl_tx_append_payload     
0     00093d72  GPIO_setControllerCore           
0     00093d98  GPIO_setQualificationMode        
0     00093dbe  Board_init                       
0     00093e08  gmp_scheduler_init               
0     00093e50  HOSTunlink                       
0     00093e74  copysign                         
0     00093e74  copysignl                        
0     00093e98  SCI_setConfig                    
0     00093ebb  SPI_setConfig                    
0     00093ede  CPUTIMER_init                    
0     00093ede  myCPUTIMER0_init                 
0     00093f01  SCI_readCharArray                
0     00093f23  ht16k33_update_display           
0     00093f45  IRIS_DACA_init                   
0     00093f66  IRIS_DACB_init                   
0     00093f87  SysCtl_selectXTALSingleEnded     
0     00093fa8  gmp_base_calculate_crc16         
0     00093fea  __c28xabi_dtoi                   
0     0009400b  GPIO_setDirectionMode            
0     0009402a  gmp_dev_dl_reply_nack            
0     00094049  gmp_dev_dl_tx_append_u8          
0     00094068  __c28xabi_dtol                   
0     00094087  ADC_setOffsetTrimAll             
0     000940a5  SCI_clearInterruptStatus         
0     000940c3  __c28xabi_cmpll                  
0     000940d5  __c28xabi_cmpull                 
0     000940e1  SYNC_init                        
0     000940fe  flush_dl_tx_buffer               
0     0009411b  oled_show_str                    
0     00094155  __c28xabi_itod                   
0     00094172  memcpy                           
0     0009418f  Interrupt_initVectorTable        
0     000941c7  __c28xabi_ltod                   
0     000941e3  CAN_clearInterruptStatus         
0     000941fe  Device_initGPIO                  
0     00094219  flush_dl_rx_buffer               
0     00094234  SCI_enableInterrupt              
0     0009424e  ADC_setVREF                      
0     00094267  OLED_WR_Byte                     
0     00094280  FSIRX_init                       
0     00094280  myBoardFSI0_FSIRX_init           
0     00094299  remove                           
0     00094299  unlink                           
0     000942b2  write                            
0     000942e3  ctl_init_psu_mode_detection      
0     000942fb  __c28xabi_andll                  
0     00094303  __c28xabi_orll                   
0     0009430b  __c28xabi_xorll                  
0     00094313  lseek                            
0     0009432b  update_led_content_8byte         
0     00094343  FSI_clearRxModuleReset           
0     0009435a  INT_IRIS_CAN_1_ISR               
0     00094371  gmp_step_system_tick             
0     00094388  _c_int00                         
0     0009439f  FSI_clearTxModuleReset           
0     000943b5  ctl_init_psu_protection          
0     000943cb  CAN_initModule                   
0     000943e0  SysCtl_configureType             
0     000943f5  strncpy                          
0     0009440a  FSI_resetRxModule                
0     0009441e  IRIS_GPIO1_init                  
0     00094432  IRIS_GPIO2_init                  
0     00094446  IRIS_GPIO3_init                  
0     0009445a  IRIS_GPIO4_init                  
0     0009446e  IRIS_GPIO5_init                  
0     00094482  IRIS_GPIO6_init                  
0     00094496  IRIS_GPIO_SPI_RST_init           
0     000944aa  IRIS_LED1_init                   
0     000944be  IRIS_LED2_init                   
0     000944d2  gmp_dev_dl_tx_request_cmd        
0     000944fa  FSI_resetTxModule                
0     0009450d  GPIO_init                        
0     00094520  I2C_enableInterrupt              
0     00094533  FSI_performRxInitialization      
0     00094569  I2C_clearInterruptStatus         
0     0009457a  INT_IRIS_UART_RS232_RX_ISR       
0     0009458b  main                             
0     000945ad  tsk_LED_flush                    
0     000945be  gmp_dev_dl_init                  
0     000945ce  memccpy                          
0     000945de  gmp_dev_dl_reply_ack_null        
0     000945ed  gmp_dev_dl_tx_request            
0     0009460a  psu_write_output_switch          
0     00094618  __c28xabi_subd                   
0     00094626  EMPTY_ISR                        
0     00094633  ctl_init_adc_channel             
0     00094640  _abort_msg                       
0     0009464d  memchr                           
0     0009465a  Interrupt_defaultHandler         
0     00094666  gmp_pil_sim_init                 
0     00094672  _args_main                       
0     0009467e  strchr                           
0     0009468a  ASYSCTL_init                     
0     00094695  __c28xabi_divu                   
0     0009469a  __c28xabi_modu                   
0     000946a0  wcslen                           
0     000946ab  ADCA1_ISR                        
0     000946b5  ADCA2_ISR                        
0     000946bf  ADCA3_ISR                        
0     000946c9  ADCA4_ISR                        
0     000946d3  ADCA_EVT_ISR                     
0     000946dd  ADCB1_ISR                        
0     000946e7  ADCB2_ISR                        
0     000946f1  ADCB3_ISR                        
0     000946fb  ADCB4_ISR                        
0     00094705  ADCB_EVT_ISR                     
0     0009470f  ADCC1_ISR                        
0     00094719  ADCC2_ISR                        
0     00094723  ADCC3_ISR                        
0     0009472d  ADCC4_ISR                        
0     00094737  ADCC_EVT_ISR                     
0     00094741  AES_SINTREQUEST_ISR              
0     0009474b  BGCRC_CLA1_ISR                   
0     00094755  BGCRC_ISR                        
0     0009475f  CANA0_ISR                        
0     00094769  CANA1_ISR                        
0     00094773  CLA1_1_ISR                       
0     0009477d  CLA1_2_ISR                       
0     00094787  CLA1_3_ISR                       
0     00094791  CLA1_4_ISR                       
0     0009479b  CLA1_5_ISR                       
0     000947a5  CLA1_6_ISR                       
0     000947af  CLA1_7_ISR                       
0     000947b9  CLA1_8_ISR                       
0     000947c3  CLA_OVERFLOW_ISR                 
0     000947cd  CLA_UNDERFLOW_ISR                
0     000947d7  CLB1_ISR                         
0     000947e1  CLB2_ISR                         
0     000947eb  CLB3_ISR                         
0     000947f5  CLB4_ISR                         
0     000947ff  DATALOG_ISR                      
0     00094809  DCC0_ISR                         
0     00094813  DCC1_ISR                         
0     0009481d  DMA_CH1_ISR                      
0     00094827  DMA_CH2_ISR                      
0     00094831  DMA_CH3_ISR                      
0     0009483b  DMA_CH4_ISR                      
0     00094845  DMA_CH5_ISR                      
0     0009484f  DMA_CH6_ISR                      
0     00094859  ECAP1_ISR                        
0     00094863  ECAP2_ISR                        
0     0009486d  ECAP3_2_ISR                      
0     00094877  ECAP3_ISR                        
0     00094881  EMU_ISR                          
0     0009488b  EPWM1_ISR                        
0     00094895  EPWM1_TZ_ISR                     
0     0009489f  EPWM2_ISR                        
0     000948a9  EPWM2_TZ_ISR                     
0     000948b3  EPWM3_ISR                        
0     000948bd  EPWM3_TZ_ISR                     
0     000948c7  EPWM4_ISR                        
0     000948d1  EPWM4_TZ_ISR                     
0     000948db  EPWM5_ISR                        
0     000948e5  EPWM5_TZ_ISR                     
0     000948ef  EPWM6_ISR                        
0     000948f9  EPWM6_TZ_ISR                     
0     00094903  EPWM7_ISR                        
0     0009490d  EPWM7_TZ_ISR                     
0     00094917  EPWM8_ISR                        
0     00094921  EPWM8_TZ_ISR                     
0     0009492b  EQEP1_ISR                        
0     00094935  EQEP2_ISR                        
0     0009493f  FLASH_CORR_ERR_ISR               
0     00094949  FMC_ISR                          
0     00094953  FPU_OVERFLOW_ISR                 
0     0009495d  FPU_UNDERFLOW_ISR                
0     00094967  FSIRXA1_ISR                      
0     00094971  FSIRXA2_ISR                      
0     0009497b  FSITXA1_ISR                      
0     00094985  FSITXA2_ISR                      
0     0009498f  HICA_ISR                         
0     00094999  I2CA_FIFO_ISR                    
0     000949a3  I2CA_ISR                         
0     000949ad  I2CB_FIFO_ISR                    
0     000949b7  I2CB_ISR                         
0     000949c1  ILLEGAL_ISR                      
0     000949cb  Interrupt_illegalOperationHandler
0     000949d5  Interrupt_nmiHandler             
0     000949df  LINA_0_ISR                       
0     000949e9  LINA_1_ISR                       
0     000949f3  LINB_0_ISR                       
0     000949fd  LINB_1_ISR                       
0     00094a07  MCANA_0_ISR                      
0     00094a11  MCANA_1_ISR                      
0     00094a1b  MCANA_ECC_ISR                    
0     00094a25  MCANA_WAKE_ISR                   
0     00094a2f  MPOST_ISR                        
0     00094a39  NMI_ISR                          
0     00094a43  NOTUSED_ISR                      
0     00094a4d  PIE_RESERVED_ISR                 
0     00094a57  PMBUSA_ISR                       
0     00094a61  RAM_ACC_VIOL_ISR                 
0     00094a6b  RAM_CORR_ERR_ISR                 
0     00094a75  RTOS_ISR                         
0     00094a7f  SCIA_RX_ISR                      
0     00094a89  SCIA_TX_ISR                      
0     00094a93  SCIB_RX_ISR                      
0     00094a9d  SCIB_TX_ISR                      
0     00094aa7  SDFM1DR1_ISR                     
0     00094ab1  SDFM1DR2_ISR                     
0     00094abb  SDFM1DR3_ISR                     
0     00094ac5  SDFM1DR4_ISR                     
0     00094acf  SDFM1_ISR                        
0     00094ad9  SDFM2DR1_ISR                     
0     00094ae3  SDFM2DR2_ISR                     
0     00094aed  SDFM2DR3_ISR                     
0     00094af7  SDFM2DR4_ISR                     
0     00094b01  SDFM2_ISR                        
0     00094b0b  SPIA_RX_ISR                      
0     00094b15  SPIA_TX_ISR                      
0     00094b1f  SPIB_RX_ISR                      
0     00094b29  SPIB_TX_ISR                      
0     00094b33  SYS_ERR_ISR                      
0     00094b3d  TIMER0_ISR                       
0     00094b47  TIMER1_ISR                       
0     00094b51  TIMER2_ISR                       
0     00094b5b  USER10_ISR                       
0     00094b65  USER11_ISR                       
0     00094b6f  USER12_ISR                       
0     00094b79  USER1_ISR                        
0     00094b83  USER2_ISR                        
0     00094b8d  USER3_ISR                        
0     00094b97  USER4_ISR                        
0     00094ba1  USER5_ISR                        
0     00094bab  USER6_ISR                        
0     00094bb5  USER7_ISR                        
0     00094bbf  USER8_ISR                        
0     00094bc9  USER9_ISR                        
0     00094bd3  WAKE_ISR                         
0     00094bdd  XINT1_ISR                        
0     00094be7  XINT2_ISR                        
0     00094bf1  XINT3_ISR                        
0     00094bfb  XINT4_ISR                        
0     00094c05  XINT5_ISR                        
0     00094c0f  strcmp                           
0     00094c19  gmp_param_tunable_init           
0     00094c22  _register_unlock                 
0     00094c26  _register_lock                   
0     00094c2a  _nop                             
0     00094c2b  __c28xabi_negd                   
0     00094c34  __TI_decompress_none             
0     00094c44  gmp_dev_dl_tx_ready              
0     00094c4c  strlen                           
0     00094c54  alarm_led_off                    
0     00094c5b  alarm_led_on                     
0     00094c62  beep_off                         
0     00094c69  beep_on                          
0     00094c70  output_led_off                   
0     00094c77  output_led_on                    
0     00094c7e  memset                           
0     00094c85  CPUTimer_setEmulationMode        
0     00094c8b  __TI_zero_init                   
0     00094c91  gmp_mem_persp_init               
0     00094c97  DAC_init                         
0     00094c9c  EQEP_init                        
0     00094ca1  SCI_init                         
0     00094ca6  SPI_init                         
0     00094cab  gmp_dev_dl_msg_handled           
0     00094cb0  mainloop                         
0     00094cb5  strcpy                           
0     00094cba  ctl_init_divider                 
0     00094cbe  gmp_base_get_system_tick         
0     00094cc2  gmp_csp_post_process             
0     00094cc6  gmp_dev_dl_tx_state_done         
0     00094cce  _system_pre_init                 
0     00094cd0  gmp_pil_sim_step                 
0     00094cd1  _system_post_cinit               
abs   00000000  Cla1ConstLoadSize                
abs   00000000  Cla1ProgLoadSize                 
abs   000000a5  RamfuncsLoadSize                 
abs   000000a5  RamfuncsRunSize                  
abs   00000200  __TI_STACK_SIZE                  
abs   00000400  __TI_SYSMEM_SIZE                 
abs   ffffffff  __TI_pprof_out_hndl              
abs   ffffffff  __TI_prof_data_size              
abs   ffffffff  __TI_prof_data_start             
n/a   UNDEFED   __c_args__                       

[487 symbols]
