******************************************************************************
             TMS320C2000 Linker PC v22.6.1                     
******************************************************************************
>> Linked Mon Jul 13 23:50:40 2026

OUTPUT FILE NAME:   <Iris_Node_Env.out>
ENTRY POINT SYMBOL: "_c_int00"  address: 0009507b


MEMORY CONFIGURATION

         name            origin    length      used     unused   attr    fill
----------------------  --------  ---------  --------  --------  ----  --------
PAGE 0:
  BOOT_RSVD             00000002   00000126  00000000  00000126  RWIX
  RAMM0                 00000128   000002d8  00000000  000002d8  RWIX
  RAMM1                 00000400   000003f8  00000200  000001f8  RWIX
  CLA1_MSGRAMLOW        00001480   00000080  00000000  00000080  RWIX
  CLA1_MSGRAMHIGH       00001500   00000080  00000000  00000080  RWIX
  RAMLS0                00008000   00000800  000000fe  00000702  RWIX
  RAMLS1                00008800   00000800  00000000  00000800  RWIX
  RAMLS2                00009000   00000800  00000000  00000800  RWIX
  RAMLS3                00009800   00000800  00000000  00000800  RWIX
  RAMLS4                0000a000   00000800  00000000  00000800  RWIX
  RAMLS5                0000a800   00000800  00000800  00000000  RWIX
  RAMLS6                0000b000   00000800  00000800  00000000  RWIX
  RAMLS7                0000b800   00000800  00000126  000006da  RWIX
  RAMGS0                0000c000   00001000  00000000  00001000  RWIX
  RAMGS1                0000d000   00001000  00000000  00001000  RWIX
  RAMGS2                0000e000   00001000  00000000  00001000  RWIX
  RAMGS3                0000f000   00000ff8  00000000  00000ff8  RWIX
  BEGIN                 00080000   00000002  00000002  00000000  RWIX
  FLASH_BANK0_SEC0      00080002   00000ffe  00000000  00000ffe  RWIX
  FLASH_BANK0_SEC1      00081000   00001000  00000196  00000e6a  RWIX
  FLASH_BANK0_SEC2      00082000   00001000  00000000  00001000  RWIX
  FLASH_BANK0_SEC3      00083000   00001000  00000000  00001000  RWIX
  FLASH_BANK0_SEC4      00084000   00001000  00001000  00000000  RWIX
  FLASH_BANK0_SEC5      00085000   00001000  000004d0  00000b30  RWIX
  FLASH_BANK0_SEC6      00086000   00001000  00000000  00001000  RWIX
  FLASH_BANK0_SEC7      00087000   00001000  00001000  00000000  RWIX
  FLASH_BANK0_SEC8      00088000   00001000  00001000  00000000  RWIX
  FLASH_BANK0_SEC9      00089000   00001000  00000000  00001000  RWIX
  FLASH_BANK0_SEC10     0008a000   00001000  00000000  00001000  RWIX
  FLASH_BANK0_SEC11     0008b000   00001000  00000000  00001000  RWIX
  FLASH_BANK0_SEC12     0008c000   00001000  00000000  00001000  RWIX
  FLASH_BANK0_SEC13     0008d000   00001000  00000000  00001000  RWIX
  FLASH_BANK0_SEC14     0008e000   00001000  00000000  00001000  RWIX
  FLASH_BANK0_SEC15     0008f000   00001000  00000000  00001000  RWIX
  FLASH_BANK1           00090000   0000fff0  00005a63  0000a58d  RWIX
  FLASH_BANK2           000a0000   0000e000  00000000  0000e000  RWIX
  FLASH_SETTINGS_A      000ae000   00001000  00000000  00001000  RWIX
  FLASH_SETTINGS_B      000af000   00000ff0  00000000  00000ff0  RWIX
  FLASH_BANK2_RSVD      000afff0   00000010  00000000  00000010  RWIX
  SECURE_ROM            003f2000   00006000  00000000  00006000  RWIX
  BOOTROM               003f8000   00007fc0  00000000  00007fc0  RWIX
  RESET                 003fffc0   00000002  00000000  00000002  RWIX

PAGE 1:
  ADCARESULT            00000b00   00000018  00000000  00000018  RWIX
  ADCBRESULT            00000b20   00000018  00000000  00000018  RWIX
  ADCCRESULT            00000b40   00000018  00000000  00000018  RWIX
  CPUTIMER0             00000c00   00000008  00000000  00000008  RWIX
  CPUTIMER1             00000c08   00000008  00000000  00000008  RWIX
  CPUTIMER2             00000c10   00000008  00000000  00000008  RWIX
  PIECTRL               00000ce0   0000001a  00000000  0000001a  RWIX
  PIEVECTTABLE          00000d00   00000200  00000000  00000200  RWIX
  DMA                   00001000   00000200  00000000  00000200  RWIX
  CLA1                  00001400   00000080  00000000  00000080  RWIX
  CLB1LOGICCFG          00003000   00000052  00000000  00000052  RWIX
  CLB1LOGICCTRL         00003100   00000040  00000000  00000040  RWIX
  CLB1DATAEXCH          00003180   00000080  00000000  00000080  RWIX
  CLB2LOGICCFG          00003400   00000052  00000000  00000052  RWIX
  CLB2LOGICCTRL         00003500   00000040  00000000  00000040  RWIX
  CLB2DATAEXCH          00003580   00000080  00000000  00000080  RWIX
  CLB3LOGICCFG          00003800   00000052  00000000  00000052  RWIX
  CLB3LOGICCTRL         00003900   00000040  00000000  00000040  RWIX
  CLB3DATAEXCH          00003980   00000080  00000000  00000080  RWIX
  CLB4LOGICCFG          00003c00   00000052  00000000  00000052  RWIX
  CLB4LOGICCTRL         00003d00   00000040  00000000  00000040  RWIX
  CLB4DATAEXCH          00003d80   00000080  00000000  00000080  RWIX
  EPWM1                 00004000   00000100  00000000  00000100  RWIX
  EPWM2                 00004100   00000100  00000000  00000100  RWIX
  EPWM3                 00004200   00000100  00000000  00000100  RWIX
  EPWM4                 00004300   00000100  00000000  00000100  RWIX
  EPWM5                 00004400   00000100  00000000  00000100  RWIX
  EPWM6                 00004500   00000100  00000000  00000100  RWIX
  EPWM7                 00004600   00000100  00000000  00000100  RWIX
  EPWM8                 00004700   00000100  00000000  00000100  RWIX
  EQEP1                 00005100   00000040  00000000  00000040  RWIX
  EQEP2                 00005140   00000040  00000000  00000040  RWIX
  ECAP1                 00005200   00000020  00000000  00000020  RWIX
  ECAP2                 00005240   00000020  00000000  00000020  RWIX
  ECAP3                 00005280   00000020  00000000  00000020  RWIX
  HRCAP3                000052a0   00000020  00000000  00000020  RWIX
  DACA                  00005c00   00000008  00000000  00000008  RWIX
  DACB                  00005c10   00000008  00000000  00000008  RWIX
  CMPSS1                00005c80   00000020  00000000  00000020  RWIX
  CMPSS2                00005ca0   00000020  00000000  00000020  RWIX
  CMPSS3                00005cc0   00000020  00000000  00000020  RWIX
  CMPSS4                00005ce0   00000020  00000000  00000020  RWIX
  SDFM1                 00005e00   00000080  00000000  00000080  RWIX
  SDFM2                 00005e80   00000080  00000000  00000080  RWIX
  SPIA                  00006100   00000010  00000000  00000010  RWIX
  SPIB                  00006110   00000010  00000000  00000010  RWIX
  BGCRCCPU              00006340   00000040  00000000  00000040  RWIX
  BGCRCCLA1             00006380   00000040  00000000  00000040  RWIX
  PMBUSA                00006400   00000020  00000000  00000020  RWIX
  HIC                   00006500   00000080  00000000  00000080  RWIX
  FSITXA                00006600   00000050  00000000  00000050  RWIX
  FSIRXA                00006680   00000050  00000000  00000050  RWIX
  LINA                  00006a00   000000ec  00000000  000000ec  RWIX
  LINB                  00006b00   000000ec  00000000  000000ec  RWIX
  WD                    00007000   0000002c  00000000  0000002c  RWIX
  NMIINTRUPT            00007060   00000010  00000000  00000010  RWIX
  XINT                  00007070   0000000c  00000000  0000000c  RWIX
  SCIA                  00007200   00000010  00000000  00000010  RWIX
  SCIB                  00007210   00000010  00000000  00000010  RWIX
  I2CA                  00007300   00000022  00000000  00000022  RWIX
  I2CB                  00007340   00000022  00000000  00000022  RWIX
  ADCA                  00007400   00000080  00000000  00000080  RWIX
  ADCB                  00007480   00000080  00000000  00000080  RWIX
  ADCC                  00007500   00000080  00000000  00000080  RWIX
  INPUTXBAR             00007900   00000020  00000000  00000020  RWIX
  XBAR                  00007920   00000020  00000000  00000020  RWIX
  SYNCSOC               00007940   00000006  00000000  00000006  RWIX
  CLBINPUTXBAR          00007960   00000020  00000000  00000020  RWIX
  DMACLASRCSEL          00007980   0000001a  00000000  0000001a  RWIX
  EPWMXBAR              00007a00   00000040  00000000  00000040  RWIX
  CLBXBAR               00007a40   00000040  00000000  00000040  RWIX
  OUTPUTXBAR            00007a80   00000040  00000000  00000040  RWIX
  CLBOUTPUTXBAR         00007bc0   00000040  00000000  00000040  RWIX
  GPIOCTRL              00007c00   00000200  00000000  00000200  RWIX
  GPIODATA              00007f00   00000040  00000000  00000040  RWIX
  GPIODATAREAD          00007f80   00000010  00000000  00000010  RWIX
  LFU                   00007fe0   00000020  00000000  00000020  RWIX
  CANA                  00048000   00000200  00000000  00000200  RWIX
  MCANASS               0005c400   0000002c  00000000  0000002c  RWIX
  MCANA                 0005c600   00000100  00000000  00000100  RWIX
  MCANAERROR            0005c800   00000210  00000000  00000210  RWIX
  DEVCFG                0005d000   000001b0  00000000  000001b0  RWIX
  CLKCFG                0005d200   00000100  00000000  00000100  RWIX
  CPUSYS                0005d300   000000a0  00000000  000000a0  RWIX
  SYSSTATUS             0005d400   00000040  00000000  00000040  RWIX
  PERIPHAC              0005d500   00000200  00000000  00000200  RWIX
  ANALOGSUBSYS          0005d700   00000122  00000000  00000122  RWIX
  DCC0                  0005e700   00000038  00000000  00000038  RWIX
  DCC1                  0005e740   00000038  00000000  00000038  RWIX
  ERADGLOBAL            0005e800   00000014  00000000  00000014  RWIX
  ERADHWBP1             0005e900   00000008  00000000  00000008  RWIX
  ERADHWBP2             0005e908   00000008  00000000  00000008  RWIX
  ERADHWBP3             0005e910   00000008  00000000  00000008  RWIX
  ERADHWBP4             0005e918   00000008  00000000  00000008  RWIX
  ERADHWBP5             0005e920   00000008  00000000  00000008  RWIX
  ERADHWBP6             0005e928   00000008  00000000  00000008  RWIX
  ERADHWBP7             0005e930   00000008  00000000  00000008  RWIX
  ERADHWBP8             0005e938   00000008  00000000  00000008  RWIX
  ERADCOUNTER1          0005e980   00000010  00000000  00000010  RWIX
  ERADCOUNTER2          0005e990   00000010  00000000  00000010  RWIX
  ERADCOUNTER3          0005e9a0   00000010  00000000  00000010  RWIX
  ERADCOUNTER4          0005e9b0   00000010  00000000  00000010  RWIX
  ERADCRCGLOBAL         0005ea00   00000010  00000000  00000010  RWIX
  ERADCRC1              0005ea10   00000010  00000000  00000010  RWIX
  ERADCRC2              0005ea20   00000010  00000000  00000010  RWIX
  ERADCRC3              0005ea30   00000010  00000000  00000010  RWIX
  ERADCRC4              0005ea40   00000010  00000000  00000010  RWIX
  ERADCRC5              0005ea50   00000010  00000000  00000010  RWIX
  ERADCRC6              0005ea60   00000010  00000000  00000010  RWIX
  ERADCRC7              0005ea70   00000010  00000000  00000010  RWIX
  ERADCRC8              0005ea80   00000010  00000000  00000010  RWIX
  EPG1                  0005ec00   00000050  00000000  00000050  RWIX
  EPG1MUX               0005ecd0   00000010  00000000  00000010  RWIX
  DCSMZ1                0005f000   0000003e  00000000  0000003e  RWIX
  DCSMZ2                0005f080   0000003e  00000000  0000003e  RWIX
  DCSMCOMMON            0005f0c0   00000020  00000000  00000020  RWIX
  MEMCFG                0005f400   000000c0  00000000  000000c0  RWIX
  ACCESSPROTECTION      0005f500   00000040  00000000  00000040  RWIX
  MEMORYERROR           0005f540   00000040  00000000  00000040  RWIX
  TESTERROR             0005f590   00000010  00000000  00000010  RWIX
  FLASH0CTRL            0005f800   00000182  00000000  00000182  RWIX
  FLASH0ECC             0005fb00   00000028  00000000  00000028  RWIX
  UID                   00070200   00000010  00000000  00000010  RWIX
  DCSMZ1OTP             00078000   00000020  00000000  00000020  RWIX
  DCSMZ2OTP             00078200   00000020  00000000  00000020  RWIX


SECTION ALLOCATION MAP

 output                                  attributes/
section   page    origin      length       input sections
--------  ----  ----------  ----------   ----------------
codestart 
*          0    00080000    00000002     
                  00080000    00000002     f28003x_codestartbranch.obj (codestart)

.cinit     0    00081100    00000098     
                  00081100    0000005c     (.cinit..data.2.load) [load image, compression = lzss]
                  0008115c    0000001e     (.cinit..data.1.load) [load image, compression = lzss]
                  0008117a    00000006     (__TI_handler_table)
                  00081180    00000004     (.cinit..bss.1.load) [load image, compression = zero_init]
                  00081184    00000004     (.cinit..bss.2.load) [load image, compression = zero_init]
                  00081188    00000010     (__TI_cinit_table)

.reset     0    003fffc0    00000000     DSECT

.stack     0    00000400    00000200     UNINITIALIZED
                  00000400    00000200     --HOLE--

.init_array 
*          0    00083000    00000000     UNINITIALIZED

.sysmem    0    0000a800    00000400     UNINITIALIZED
                  0000a800    00000004     rts2800_fpu32_eabi.lib : memory.c.obj (.sysmem)
                  0000a804    000003fc     --HOLE--

Cla1Prog   0    00008000    00000000     UNINITIALIZED

.const_cla 
*          0    00008800    00000000     UNINITIALIZED

.TI.ramfunc 
*          0    00081000    000000fe     RUN ADDR = 00008000
                  00081000    000000a1     flash.obj (.TI.ramfunc:Flash_initModule)
                  000810a1    00000034     psu_persistence.obj (.TI.ramfunc:psu_flash_program_record)
                  000810d5    00000025     psu_persistence.obj (.TI.ramfunc:psu_flash_erase_sector)
                  000810fa    00000004     sysctl.obj (.TI.ramfunc)

.bss.1     0    0000ac00    00000400     UNINITIALIZED
                  0000ac00    00000400     user_main.obj (.bss:ram_range)

.bss.2     0    0000b000    00000792     UNINITIALIZED
                  0000b000    00000402     user_main.obj (.bss)
                  0000b402    00000120     rts2800_fpu32_eabi.lib : trgmsg.c.obj (.bss:_CIOBUF_)
                  0000b522    000000a0                            : defs.c.obj (.bss:__TI_tmpnams)
                  0000b5c2    00000081     oled_driver.obj (.bss:blank_page$5)
                  0000b643    00000080     sysconfig_adapter.obj (.bss:str$1)
                  0000b6c3    00000001     --HOLE--
                  0000b6c4    00000024     iris_peripheral.obj (.bss)
                  0000b6e8    00000009     oled_driver.obj (.bss:tx_payload$6)
                  0000b6f1    00000001     --HOLE--
                  0000b6f2    00000006     FAPI_F28003x_EABI_v1.58.10.lib : Init.obj (.bss)
                  0000b6f8    00000008     psu_persistence.obj (.bss:flash_write_buffer)
                  0000b700    00000072     ctl_main.obj (.bss)
                  0000b772    00000008     rts2800_fpu32_eabi.lib : hostopen.c.obj (.bss:parmbuf)
                  0000b77a    00000006     sysconfig_adapter.obj (.bss)
                  0000b780    00000008     psu_persistence.obj (.bss)
                  0000b788    00000004     oled_driver.obj (.bss:page_cmd$4)
                  0000b78c    00000004     oled_driver.obj (.bss:pos_cmds$1)
                  0000b790    00000002     rts2800_fpu32_eabi.lib : memory.c.obj (.bss)

.data.1    0    0000b792    0000006e     UNINITIALIZED
                  0000b792    00000048     rts2800_fpu32_eabi.lib : host_device.c.obj (.data:_device)
                  0000b7da    0000001f     iris_peripheral.obj (.data)
                  0000b7f9    00000001     rts2800_fpu32_eabi.lib : defs.c.obj (.data)
                  0000b7fa    00000006                            : exit.c.obj (.data)

.data.2    0    0000b800    00000126     UNINITIALIZED
                  0000b800    00000078     rts2800_fpu32_eabi.lib : defs.c.obj (.data:_ftable)
                  0000b878    00000070     user_main.obj (.data:tasks)
                  0000b8e8    00000028     rts2800_fpu32_eabi.lib : host_device.c.obj (.data:_stream)
                  0000b910    0000000a     psu_persistence.obj (.data)
                  0000b91a    00000002     rts2800_fpu32_eabi.lib : _lock.c.obj (.data:_lock)
                  0000b91c    00000002                            : _lock.c.obj (.data:_unlock)
                  0000b91e    00000002     sysconfig_adapter.obj (.data)
                  0000b920    00000002     user_main.obj (.data)
                  0000b922    00000001     rts2800_fpu32_eabi.lib : errno.c.obj (.data)
                  0000b923    00000001                            : fopen.c.obj (.data)
                  0000b924    00000001                            : memory.c.obj (.data)
                  0000b925    00000001                            : open.c.obj (.data)

.const.1   0    00084000    00001000     
                  00084000    000008e7     gmp_std_port.obj (.const:.string)
                  000848e7    00000001     --HOLE-- [fill = 0]
                  000848e8    000002d8     iris_peripheral.obj (.const:.string)
                  00084bc0    00000228     oled_driver.obj (.const:F6x8)
                  00084de8    00000017     iris_peripheral.obj (.const:.string:led_lut)
                  00084dff    00000001     --HOLE-- [fill = 0]
                  00084e00    000001c0     f28003x_pievect.obj (.const)
                  00084fc0    00000026     rts2800_fpu32_eabi.lib : _printfi.c.obj (.const:.string)
                  00084fe6    0000000f     xplt.peripheral.obj (.const:.string)
                  00084ff5    00000001     --HOLE-- [fill = 0]
                  00084ff6    00000008     rts2800_fpu32_eabi.lib : s_frexp.c.obj (.const)
                  00084ffe    00000002                            : fputs.c.obj (.const:.string)

.const.2   0    00085000    000004be     
                  00085000    00000164     gmp_process_mgr.obj (.const:.string)
                  00085164    00000101     rts2800_fpu32_eabi.lib : ctype.c.obj (.const:.string:_ctypes_)
                  00085265    00000100     crc16.obj (.const:crc16_ccitt_table)
                  00085365    00000001     --HOLE-- [fill = 0]
                  00085366    00000094     psu_persistence.obj (.const:.string)
                  000853fa    00000080     user_main.obj (.const:.string)
                  0008547a    0000001c     rts2800_fpu32_eabi.lib : _printfi.c.obj (.const)
                  00085496    0000001c                            : s_scalbn.c.obj (.const)
                  000854b2    0000000c     user_main.obj (.const:dict_m1)

.const.3   0    000854c0    00000012     
                  000854c0    00000006     board.obj (.const)
                  000854c6    00000006     user_main.obj (.const:mem_regions)
                  000854cc    00000006     user_main.obj (.const)

.text.1    0    00087000    00001000     
                  00087000    00000b75     board.obj (.text:EPWM_init)
                  00087b75    0000037b     FAPI_F28003x_EABI_v1.58.10.lib : FlashStateMachine.obj (.text:Fapi_setupFlashStateMachine)
                  00087ef0    00000107     rts2800_fpu32_eabi.lib : ll_div28.asm.obj (.text)
                  00087ff7    00000009     gmp_tunable.obj (.text:gmp_param_tunable_init)

.text.2    0    00088000    00001000     
                  00088000    000006c2     rts2800_fpu32_eabi.lib : _printfi.c.obj (.text)
                  000886c2    00000614                            : _printfi.c.obj (.text:__TI_printfi)
                  00088cd6    000002f3     xplt.peripheral.obj (.text:MainISR)
                  00088fc9    00000037     FAPI_F28003x_EABI_v1.58.10.lib : FlashStateMachine.obj (.text:Fapi_setActiveFlashBank)

.text.3    0    00090000    00005a63     
                  00090000    000005f8     board.obj (.text:SYSCTL_init)
                  000905f8    00000349     board.obj (.text:PinMux_init)
                  00090941    00000298     rts2800_fpu32_eabi.lib : memory.c.obj (.text)
                  00090bd9    00000284     device.obj (.text:Device_enableAllPeripherals)
                  00090e5d    00000268     FAPI_F28003x_EABI_v1.58.10.lib : Program.obj (.text:Fapi_issueProgrammingCommand)
                  000910c5    0000021d     ctl_main.obj (.text:ctl_init_psu)
                  000912e2    000001ca     iris_peripheral.obj (.text:tsk_psu_display)
                  000914ac    000001c7     gmp_mem_presp.obj (.text:gmp_mem_persp_rx_cb)
                  00091673    000001aa     gmp_datalink.obj (.text:gmp_dev_dl_loop_cb)
                  0009181d    0000015c     board.obj (.text:IRIS_ADCB_init)
                  00091979    0000013b     sysctl.obj (.text:SysCtl_setClock)
                  00091ab4    00000137     board.obj (.text:IRIS_ADCA_init)
                  00091beb    00000131     gmp_tunable.obj (.text:gmp_param_tunable_rx_cb)
                  00091d1c    00000121     rts2800_fpu32_eabi.lib : fopen.c.obj (.text)
                  00091e3d    0000011f     board.obj (.text:IRIS_ADCC_init)
                  00091f5c    0000011c     iris_peripheral.obj (.text:psu_ui_update_normal_led)
                  00092078    00000118     sysctl.obj (.text:SysCtl_isPLLValid)
                  00092190    000000f5     gmp_pil_core.obj (.text:sim_deserialize_inputs)
                  00092285    000000e3     board.obj (.text:IRIS_CAN_init)
                  00092368    000000e3     gmp_pil_core.obj (.text:gmp_pil_sim_rx_cb)
                  0009244b    000000cd     peripheral_driver.obj (.text:gmp_hal_iic_read_mem)
                  00092518    000000bb     peripheral_driver.obj (.text:gmp_hal_iic_write_mem)
                  000925d3    000000b5     can.obj (.text:CAN_setupMessageObject)
                  00092688    000000ad     gmp_std_port.obj (.text:gmp_base_show_label)
                  00092735    000000aa     iris_peripheral.obj (.text:tsk_key_flush)
                  000927df    000000a9     rts2800_fpu32_eabi.lib : s_scalbn.c.obj (.text)
                  00092888    000000a8                            : fputs.c.obj (.text)
                  00092930    0000009c                            : fd_add28.asm.obj (.text)
                  000929cc    00000095                            : trgmsg.c.obj (.text)
                  00092a61    00000091     gmp_datalink.obj (.text:gmp_dev_dl_tx_warp)
                  00092af2    0000008d     oled_driver.obj (.text:oled_init)
                  00092b7f    0000008b     rts2800_fpu32_eabi.lib : fd_div28.asm.obj (.text)
                  00092c0a    00000089     psu_persistence.obj (.text:psu_persistence_init)
                  00092c93    00000083     rts2800_fpu32_eabi.lib : fd_mpy28.asm.obj (.text)
                  00092d16    00000082     board.obj (.text:IRIS_EQEP1_init)
                  00092d98    00000082     board.obj (.text:IRIS_EQEP2_init)
                  00092e1a    00000082     board.obj (.text:IRIS_UART_USB_init)
                  00092e9c    00000080     FAPI_F28003x_EABI_v1.58.10.lib : Async.obj (.text:Fapi_issueAsyncCommandWithAddress)
                  00092f1c    0000007e     iris_peripheral.obj (.text:psu_ui_update_keypad_led)
                  00092f9a    0000007d     ht16k33.obj (.text:ht16k33_read_keys)
                  00093017    0000007c     rts2800_fpu32_eabi.lib : setvbuf.c.obj (.text)
                  00093093    0000007b     FAPI_F28003x_EABI_v1.58.10.lib : Read.obj (.text:Fapi_checkRegionForValueBy16bits)
                  0009310e    0000007b     board.obj (.text:IRIS_UART_RS232_init)
                  00093189    0000007b     peripheral_driver.obj (.text:gmp_hal_iic_write_reg)
                  00093204    00000079     iris_peripheral.obj (.text:tsk_psu_encoder)
                  0009327d    00000074     interrupt.obj (.text:Interrupt_clearIFR)
                  000932f1    00000073     rts2800_fpu32_eabi.lib : fflush.c.obj (.text)
                  00093364    00000072     peripheral_driver.obj (.text:gmp_hal_uart_write)
                  000933d6    00000071     rts2800_fpu32_eabi.lib : open.c.obj (.text)
                  00093447    0000006a     ht16k33.obj (.text:ht16k33_init)
                  000934b1    00000066     peripheral_driver.obj (.text:gmp_hal_iic_write_cmd)
                  00093517    00000066     psu_persistence.obj (.text:psu_flash_save)
                  0009357d    00000065     rts2800_fpu32_eabi.lib : _io_perm.c.obj (.text)
                  000935e2    00000063     psu_persistence.obj (.text:tsk_psu_persistence)
                  00093645    00000061     FAPI_F28003x_EABI_v1.58.10.lib : Utilities.obj (.text:Fapi_configureFMAC)
                  000936a6    00000061     xplt.peripheral.obj (.text:INT_IRIS_CAN_0_ISR)
                  00093707    00000061     rts2800_fpu32_eabi.lib : hostlseek.c.obj (.text)
                  00093768    0000005f     user_main.obj (.text:tsk_startup)
                  000937c7    0000005e     gmp_pil_core.obj (.text:sim_serialize_outputs)
                  00093825    0000005d     rts2800_fpu32_eabi.lib : fclose.c.obj (.text)
                  00093882    0000005c     device.obj (.text:Device_init)
                  000938de    0000005c     board.obj (.text:IRIS_IIC_init)
                  0009393a    0000005b     xplt.peripheral.obj (.text:setup_peripheral)
                  00093995    0000005a     rts2800_fpu32_eabi.lib : s_frexp.c.obj (.text)
                  000939ef    00000059     gmp_process_mgr.obj (.text:gmp_scheduler_dispatch)
                  00093a48    00000056     FAPI_F28003x_EABI_v1.58.10.lib : FlashStateMachine.obj (.text:Fapi_issueFsmCommand)
                  00093a9e    00000051     rts2800_fpu32_eabi.lib : getdevice.c.obj (.text)
                  00093aef    0000004e     gmp_datalink.obj (.text:gmp_dev_dl_tx_append_u32)
                  00093b3d    0000004d     iris_peripheral.obj (.text:psu_ui_handle_output_key)
                  00093b8a    0000004c     interrupt.obj (.text:Interrupt_disable)
                  00093bd6    0000004c     oled_driver.obj (.text:oled_clear)
                  00093c22    0000004c     iris_peripheral.obj (.text:psu_keypad_parse_voltage)
                  00093c6e    00000048     board.obj (.text:IRIS_SPI_OUT_init)
                  00093cb6    00000047     iris_peripheral.obj (.text:psu_ui_adjust_selected_setting)
                  00093cfd    00000045     can.obj (.text:CAN_readMessage)
                  00093d42    00000045     sysctl.obj (.text:SysCtl_selectXTAL)
                  00093d87    00000045     iris_peripheral.obj (.text:psu_keypad_commit)
                  00093dcc    00000045     iris_peripheral.obj (.text:psu_keypad_get_digit)
                  00093e11    00000044     gpio.obj (.text:GPIO_setAnalogMode)
                  00093e55    00000044     xplt.peripheral.obj (.text:INT_IRIS_UART_USB_RX_ISR)
                  00093e99    00000044     sysctl.obj (.text:SysCtl_pollX1Counter)
                  00093edd    00000043     board.obj (.text:IRIS_SPI_FPGA_BRIDGE_init)
                  00093f20    00000043     xplt.peripheral.obj (.text:initI2C)
                  00093f63    00000040     oled_driver.obj (.text:oled_show_char)
                  00093fa3    00000040     user_main.obj (.text:tsk_dl_debug_device)
                  00093fe3    0000003f     gpio.obj (.text:GPIO_setPadConfig)
                  00094022    0000003e     i2c.obj (.text:I2C_initController)
                  00094060    0000003e     interrupt.obj (.text:Interrupt_initModule)
                  0009409e    0000003e     rts2800_fpu32_eabi.lib : hostrename.c.obj (.text)
                  000940dc    0000003d     board.obj (.text:INTERRUPT_init)
                  00094119    0000003d     rts2800_fpu32_eabi.lib : fseek.c.obj (.text)
                  00094156    0000003c     user_main.obj (.text:init)
                  00094192    0000003b     FAPI_F28003x_EABI_v1.58.10.lib : Utilities.obj (.text:Fapi_isAddressValid)
                  000941cd    0000003b     iris_peripheral.obj (.text:psu_ui_handle_mode_key)
                  00094208    0000003a     gmp_datalink.obj (.text:gmp_dev_dl_default_rx_handler)
                  00094242    0000003a     rts2800_fpu32_eabi.lib : hostopen.c.obj (.text)
                  0009427c    00000039                            : hostwrite.c.obj (.text)
                  000942b5    00000038     gmp_datalink.obj (.text:gmp_dev_dl_push_str)
                  000942ed    00000038     rts2800_fpu32_eabi.lib : hostread.c.obj (.text)
                  00094325    00000037     ctl_main.obj (.text:ctl_init)
                  0009435c    00000035     eqep.obj (.text:EQEP_setInputPolarity)
                  00094391    00000035     interrupt.obj (.text:Interrupt_enable)
                  000943c6    00000035     iris_peripheral.obj (.text:psu_keypad_append_decimal)
                  000943fb    00000034     FAPI_F28003x_EABI_v1.58.10.lib : Read.obj (.text:Fapi_loopRegionForValueBy16bits)
                  0009442f    00000033     sysconfig_adapter.obj (.text:gmp_csp_startup)
                  00094462    00000033     rts2800_fpu32_eabi.lib : close.c.obj (.text)
                  00094495    00000033     iris_peripheral.obj (.text:tsk_psu_alarm)
                  000944c8    00000032     FAPI_F28003x_EABI_v1.58.10.lib : Init.obj (.text:Fapi_initializeAPI)
                  000944fa    00000032     rts2800_fpu32_eabi.lib : sprintf.c.obj (.text)
                  0009452c    00000031     can.obj (.text:CAN_setBitTiming)
                  0009455d    00000031     FAPI_F28003x_EABI_v1.58.10.lib : FlashStateMachine.obj (.text:Fapi_setupBankSectorEnable)
                  0009458e    00000031     sysctl.obj (.text:SysCtl_selectOscSource)
                  000945bf    00000031     rts2800_fpu32_eabi.lib : atoi.c.obj (.text)
                  000945f0    00000030     board.obj (.text:EPWM_setActionQualifierAction)
                  00094620    00000030     rts2800_fpu32_eabi.lib : copy_decompress_lzss.c.obj (.text:decompress:lzss)
                  00094650    00000030                            : _ltoa.c.obj (.text)
                  00094680    00000030                            : vsprintf.c.obj (.text)
                  000946b0    0000002f     gpio.obj (.text:GPIO_setPinConfig)
                  000946df    0000002f     gmp_process_mgr.obj (.text:gmp_scheduler_add_task)
                  0009470e    0000002e     gmp_datalink.obj (.text:gmp_dev_dl_tx_append_u16)
                  0009473c    0000002e     peripheral_driver.obj (.text:gmp_hal_gpio_write)
                  0009476a    0000002d     board.obj (.text:myBoardFSI0_FSITX_init)
                  00094797    0000002d     oled_driver.obj (.text:oled_set_position)
                  000947c4    0000002c     fsi.obj (.text:FSI_performTxInitialization)
                  000947f0    0000002c     FAPI_F28003x_EABI_v1.58.10.lib : Utilities.obj (.text:Fapi_calculateFletcherChecksum)
                  0009481c    0000002c                                    : Utilities.obj (.text:Fapi_divideUnsignedLong)
                  00094848    0000002b     rts2800_fpu32_eabi.lib : autoinit.c.obj (.text:__TI_auto_init_nobinit_nopinit)
                  00094873    0000002a                            : fd_cmp28.asm.obj (.text)
                  0009489d    0000002a                            : l_div28.asm.obj (.text)
                  000948c7    00000029                            : exit.c.obj (.text)
                  000948f0    00000029                            : hostclose.c.obj (.text)
                  00094919    00000028     sysconfig_adapter.obj (.text:gmp_base_print_c28xsyscfg)
                  00094941    00000027     gmp_datalink.obj (.text:gmp_dev_dl_tx_append_payload)
                  00094968    00000027     peripheral_driver.obj (.text:wait_bus_idle)
                  0009498f    00000026     gpio.obj (.text:GPIO_setControllerCore)
                  000949b5    00000026     gpio.obj (.text:GPIO_setQualificationMode)
                  000949db    00000025     board.obj (.text:Board_init)
                  00094a00    00000025     gmp_mem_presp.obj (.text:check_sandbox_validity)
                  00094a25    00000024     gmp_process_mgr.obj (.text:gmp_scheduler_init)
                  00094a49    00000024     iris_peripheral.obj (.text:psu_keypad_parse_current)
                  00094a6d    00000024     rts2800_fpu32_eabi.lib : hostunlink.c.obj (.text)
                  00094a91    00000024                            : s_copysign.c.obj (.text)
                  00094ab5    00000023     sci.obj (.text:SCI_setConfig)
                  00094ad8    00000023     spi.obj (.text:SPI_setConfig)
                  00094afb    00000023     board.obj (.text:myCPUTIMER0_init)
                  00094b1e    00000022     sci.obj (.text:SCI_readCharArray)
                  00094b40    00000022     ht16k33.obj (.text:ht16k33_update_display)
                  00094b62    00000022     oled_driver.obj (.text:oled_show_str)
                  00094b84    00000021     board.obj (.text:IRIS_DACA_init)
                  00094ba5    00000021     board.obj (.text:IRIS_DACB_init)
                  00094bc6    00000021     sysctl.obj (.text:SysCtl_selectXTALSingleEnded)
                  00094be7    00000021     crc16.obj (.text:gmp_base_calculate_crc16)
                  00094c08    00000021     iris_peripheral.obj (.text:psu_ui_scale_to_uint16)
                  00094c29    00000021     rts2800_fpu32_eabi.lib : fd_toi28.asm.obj (.text)
                  00094c4a    00000020     FAPI_F28003x_EABI_v1.58.10.lib : Async.obj (.text:Fapi_issueAsyncCommand)
                  00094c6a    00000020     psu_persistence.obj (.text:psu_flash_record_valid)
                  00094c8a    00000020     psu_persistence.obj (.text:psu_flash_scan_sector)
                  00094caa    0000001f     gpio.obj (.text:GPIO_setDirectionMode)
                  00094cc9    0000001f     gmp_datalink.obj (.text:gmp_dev_dl_reply_nack)
                  00094ce8    0000001f     gmp_datalink.obj (.text:gmp_dev_dl_tx_append_u8)
                  00094d07    0000001f     rts2800_fpu32_eabi.lib : fd_tol28.asm.obj (.text)
                  00094d26    0000001e     adc.obj (.text:ADC_setOffsetTrimAll)
                  00094d44    0000001e     sci.obj (.text:SCI_clearInterruptStatus)
                  00094d62    0000001e     rts2800_fpu32_eabi.lib : ll_cmp28.asm.obj (.text)
                  00094d80    0000001d     FAPI_F28003x_EABI_v1.58.10.lib : Read.obj (.text:Fapi_flushPipeline)
                  00094d9d    0000001d     board.obj (.text:SYNC_init)
                  00094dba    0000001d     xplt.peripheral.obj (.text:flush_dl_tx_buffer)
                  00094dd7    0000001d     iris_peripheral.obj (.text:psu_keypad_append_digit)
                  00094df4    0000001d     rts2800_fpu32_eabi.lib : i_tofd28.asm.obj (.text)
                  00094e11    0000001d                            : memcpy.c.obj (.text)
                  00094e2e    0000001c     FAPI_F28003x_EABI_v1.58.10.lib : FlashStateMachine.obj (.text:Fapi_setupSectorsForWrite)
                  00094e4a    0000001c     interrupt.obj (.text:Interrupt_initVectorTable)
                  00094e66    0000001c     ctl_main.obj (.text:ctl_init_psu_mode_detection)
                  00094e82    0000001c     iris_peripheral.obj (.text:psu_ui_toggle_step)
                  00094e9e    0000001c     rts2800_fpu32_eabi.lib : l_tofd28.asm.obj (.text)
                  00094eba    0000001b     can.obj (.text:CAN_clearInterruptStatus)
                  00094ed5    0000001b     device.obj (.text:Device_initGPIO)
                  00094ef0    0000001b     xplt.peripheral.obj (.text:flush_dl_rx_buffer)
                  00094f0b    0000001a     FAPI_F28003x_EABI_v1.58.10.lib : Utilities.obj (.text:Fapi_WriteReadBack)
                  00094f25    0000001a     sci.obj (.text:SCI_enableInterrupt)
                  00094f3f    0000001a     psu_persistence.obj (.text:psu_flash_crc16)
                  00094f59    00000019     adc.obj (.text:ADC_setVREF)
                  00094f72    00000019     oled_driver.obj (.text:OLED_WR_Byte)
                  00094f8b    00000019     board.obj (.text:myBoardFSI0_FSIRX_init)
                  00094fa4    00000019     rts2800_fpu32_eabi.lib : unlink.c.obj (.text)
                  00094fbd    00000019                            : write.c.obj (.text)
                  00094fd6    00000018     board.obj (.text:SysCtl_setPeripheralAccessControl)
                  00094fee    00000018     rts2800_fpu32_eabi.lib : ll_aox28.asm.obj (.text)
                  00095006    00000018                            : lseek.c.obj (.text)
                  0009501e    00000018     iris_peripheral.obj (.text:update_led_content_8byte)
                  00095036    00000017     fsi.obj (.text:FSI_clearRxModuleReset)
                  0009504d    00000017     xplt.peripheral.obj (.text:INT_IRIS_CAN_1_ISR)
                  00095064    00000017     sysconfig_adapter.obj (.text:gmp_step_system_tick)
                  0009507b    00000017     rts2800_fpu32_eabi.lib : boot28.asm.obj (.text)
                  00095092    00000016     fsi.obj (.text:FSI_clearTxModuleReset)
                  000950a8    00000016     ctl_main.obj (.text:ctl_init_psu_protection)
                  000950be    00000015     can.obj (.text:CAN_initModule)
                  000950d3    00000015     sysctl.obj (.text:SysCtl_configureType)
                  000950e8    00000015     rts2800_fpu32_eabi.lib : strncpy.c.obj (.text)
                  000950fd    00000014     fsi.obj (.text:FSI_resetRxModule)
                  00095111    00000014     board.obj (.text:IRIS_GPIO1_init)
                  00095125    00000014     board.obj (.text:IRIS_GPIO2_init)
                  00095139    00000014     board.obj (.text:IRIS_GPIO3_init)
                  0009514d    00000014     board.obj (.text:IRIS_GPIO4_init)
                  00095161    00000014     board.obj (.text:IRIS_GPIO5_init)
                  00095175    00000014     board.obj (.text:IRIS_GPIO6_init)
                  00095189    00000014     board.obj (.text:IRIS_GPIO_SPI_RST_init)
                  0009519d    00000014     board.obj (.text:IRIS_LED1_init)
                  000951b1    00000014     board.obj (.text:IRIS_LED2_init)
                  000951c5    00000014     gmp_datalink.obj (.text:gmp_dev_dl_tx_request_cmd)
                  000951d9    00000014     psu_persistence.obj (.text:psu_settings_equal)
                  000951ed    00000014     iris_peripheral.obj (.text:psu_ui_pad_oled_line)
                  00095201    00000013     fsi.obj (.text:FSI_resetTxModule)
                  00095214    00000013     board.obj (.text:GPIO_init)
                  00095227    00000013     i2c.obj (.text:I2C_enableInterrupt)
                  0009523a    00000013     iris_peripheral.obj (.text:psu_ui_fault_name)
                  0009524d    00000012     fsi.obj (.text:FSI_performRxInitialization)
                  0009525f    00000012     psu_persistence.obj (.text:psu_flash_prepare)
                  00095271    00000012     iris_peripheral.obj (.text:psu_keypad_reset)
                  00095283    00000012     iris_peripheral.obj (.text:psu_ui_write_led_segments)
                  00095295    00000011     i2c.obj (.text:I2C_clearInterruptStatus)
                  000952a6    00000011     xplt.peripheral.obj (.text:INT_IRIS_UART_RS232_RX_ISR)
                  000952b7    00000011     sysconfig_adapter.obj (.text:gmp_base_entry)
                  000952c8    00000011     iris_peripheral.obj (.text:psu_keypad_start)
                  000952d9    00000011     iris_peripheral.obj (.text:tsk_LED_flush)
                  000952ea    00000010     gmp_datalink.obj (.text:gmp_dev_dl_init)
                  000952fa    00000010     rts2800_fpu32_eabi.lib : memccpy.c.obj (.text)
                  0009530a    0000000f     FAPI_F28003x_EABI_v1.58.10.lib : Verify.obj (.text:Fapi_doVerifyBy16bits)
                  00095319    0000000f     gmp_datalink.obj (.text:gmp_dev_dl_reply_ack_null)
                  00095328    0000000f     gmp_datalink.obj (.text:gmp_dev_dl_tx_request)
                  00095337    0000000e     FAPI_F28003x_EABI_v1.58.10.lib : FlashStateMachine.obj (.text:Fapi_checkFsmForReady)
                  00095345    0000000e     iris_peripheral.obj (.text:psu_keypad_backspace)
                  00095353    0000000e     iris_peripheral.obj (.text:psu_ui_operating_mode_name)
                  00095361    0000000e     xplt.peripheral.obj (.text:psu_write_output_switch)
                  0009536f    0000000e     rts2800_fpu32_eabi.lib : fd_sub28.asm.obj (.text)
                  0009537d    0000000d     f28003x_defaultisr.obj (.text:EMPTY_ISR)
                  0009538a    0000000d     FAPI_F28003x_EABI_v1.58.10.lib : Utilities.obj (.text:Fapi_calculateOtpChecksum)
                  00095397    0000000d     ctl_component_interface.obj (.text:ctl_init_adc_channel)
                  000953a4    0000000d     rts2800_fpu32_eabi.lib : assert.c.obj (.text)
                  000953b1    0000000d                            : memchr.c.obj (.text)
                  000953be    0000000c     interrupt.obj (.text:Interrupt_defaultHandler)
                  000953ca    0000000c     gmp_pil_core.obj (.text:gmp_pil_sim_init)
                  000953d6    0000000c     rts2800_fpu32_eabi.lib : args_main.c.obj (.text)
                  000953e2    0000000c                            : strchr.c.obj (.text)
                  000953ee    0000000b     board.obj (.text:ASYSCTL_init)
                  000953f9    0000000b     FAPI_F28003x_EABI_v1.58.10.lib : Utilities.obj (.text:Fapi_scaleCycleValues)
                  00095404    0000000b     psu_persistence.obj (.text:psu_capture_settings)
                  0009540f    0000000b     rts2800_fpu32_eabi.lib : u_div28.asm.obj (.text)
                  0009541a    0000000b                            : wcslen.c.obj (.text)
                  00095425    0000000a     f28003x_defaultisr.obj (.text:ADCA1_ISR)
                  0009542f    0000000a     f28003x_defaultisr.obj (.text:ADCA2_ISR)
                  00095439    0000000a     f28003x_defaultisr.obj (.text:ADCA3_ISR)
                  00095443    0000000a     f28003x_defaultisr.obj (.text:ADCA4_ISR)
                  0009544d    0000000a     f28003x_defaultisr.obj (.text:ADCA_EVT_ISR)
                  00095457    0000000a     f28003x_defaultisr.obj (.text:ADCB1_ISR)
                  00095461    0000000a     f28003x_defaultisr.obj (.text:ADCB2_ISR)
                  0009546b    0000000a     f28003x_defaultisr.obj (.text:ADCB3_ISR)
                  00095475    0000000a     f28003x_defaultisr.obj (.text:ADCB4_ISR)
                  0009547f    0000000a     f28003x_defaultisr.obj (.text:ADCB_EVT_ISR)
                  00095489    0000000a     f28003x_defaultisr.obj (.text:ADCC1_ISR)
                  00095493    0000000a     f28003x_defaultisr.obj (.text:ADCC2_ISR)
                  0009549d    0000000a     f28003x_defaultisr.obj (.text:ADCC3_ISR)
                  000954a7    0000000a     f28003x_defaultisr.obj (.text:ADCC4_ISR)
                  000954b1    0000000a     f28003x_defaultisr.obj (.text:ADCC_EVT_ISR)
                  000954bb    0000000a     f28003x_defaultisr.obj (.text:AES_SINTREQUEST_ISR)
                  000954c5    0000000a     f28003x_defaultisr.obj (.text:BGCRC_CLA1_ISR)
                  000954cf    0000000a     f28003x_defaultisr.obj (.text:BGCRC_ISR)
                  000954d9    0000000a     f28003x_defaultisr.obj (.text:CANA0_ISR)
                  000954e3    0000000a     f28003x_defaultisr.obj (.text:CANA1_ISR)
                  000954ed    0000000a     f28003x_defaultisr.obj (.text:CLA1_1_ISR)
                  000954f7    0000000a     f28003x_defaultisr.obj (.text:CLA1_2_ISR)
                  00095501    0000000a     f28003x_defaultisr.obj (.text:CLA1_3_ISR)
                  0009550b    0000000a     f28003x_defaultisr.obj (.text:CLA1_4_ISR)
                  00095515    0000000a     f28003x_defaultisr.obj (.text:CLA1_5_ISR)
                  0009551f    0000000a     f28003x_defaultisr.obj (.text:CLA1_6_ISR)
                  00095529    0000000a     f28003x_defaultisr.obj (.text:CLA1_7_ISR)
                  00095533    0000000a     f28003x_defaultisr.obj (.text:CLA1_8_ISR)
                  0009553d    0000000a     f28003x_defaultisr.obj (.text:CLA_OVERFLOW_ISR)
                  00095547    0000000a     f28003x_defaultisr.obj (.text:CLA_UNDERFLOW_ISR)
                  00095551    0000000a     f28003x_defaultisr.obj (.text:CLB1_ISR)
                  0009555b    0000000a     f28003x_defaultisr.obj (.text:CLB2_ISR)
                  00095565    0000000a     f28003x_defaultisr.obj (.text:CLB3_ISR)
                  0009556f    0000000a     f28003x_defaultisr.obj (.text:CLB4_ISR)
                  00095579    0000000a     f28003x_defaultisr.obj (.text:DATALOG_ISR)
                  00095583    0000000a     f28003x_defaultisr.obj (.text:DCC0_ISR)
                  0009558d    0000000a     f28003x_defaultisr.obj (.text:DCC1_ISR)
                  00095597    0000000a     f28003x_defaultisr.obj (.text:DMA_CH1_ISR)
                  000955a1    0000000a     f28003x_defaultisr.obj (.text:DMA_CH2_ISR)
                  000955ab    0000000a     f28003x_defaultisr.obj (.text:DMA_CH3_ISR)
                  000955b5    0000000a     f28003x_defaultisr.obj (.text:DMA_CH4_ISR)
                  000955bf    0000000a     f28003x_defaultisr.obj (.text:DMA_CH5_ISR)
                  000955c9    0000000a     f28003x_defaultisr.obj (.text:DMA_CH6_ISR)
                  000955d3    0000000a     f28003x_defaultisr.obj (.text:ECAP1_ISR)
                  000955dd    0000000a     f28003x_defaultisr.obj (.text:ECAP2_ISR)
                  000955e7    0000000a     f28003x_defaultisr.obj (.text:ECAP3_2_ISR)
                  000955f1    0000000a     f28003x_defaultisr.obj (.text:ECAP3_ISR)
                  000955fb    0000000a     f28003x_defaultisr.obj (.text:EMU_ISR)
                  00095605    0000000a     f28003x_defaultisr.obj (.text:EPWM1_ISR)
                  0009560f    0000000a     f28003x_defaultisr.obj (.text:EPWM1_TZ_ISR)
                  00095619    0000000a     f28003x_defaultisr.obj (.text:EPWM2_ISR)
                  00095623    0000000a     f28003x_defaultisr.obj (.text:EPWM2_TZ_ISR)
                  0009562d    0000000a     f28003x_defaultisr.obj (.text:EPWM3_ISR)
                  00095637    0000000a     f28003x_defaultisr.obj (.text:EPWM3_TZ_ISR)
                  00095641    0000000a     f28003x_defaultisr.obj (.text:EPWM4_ISR)
                  0009564b    0000000a     f28003x_defaultisr.obj (.text:EPWM4_TZ_ISR)
                  00095655    0000000a     f28003x_defaultisr.obj (.text:EPWM5_ISR)
                  0009565f    0000000a     f28003x_defaultisr.obj (.text:EPWM5_TZ_ISR)
                  00095669    0000000a     f28003x_defaultisr.obj (.text:EPWM6_ISR)
                  00095673    0000000a     f28003x_defaultisr.obj (.text:EPWM6_TZ_ISR)
                  0009567d    0000000a     f28003x_defaultisr.obj (.text:EPWM7_ISR)
                  00095687    0000000a     f28003x_defaultisr.obj (.text:EPWM7_TZ_ISR)
                  00095691    0000000a     f28003x_defaultisr.obj (.text:EPWM8_ISR)
                  0009569b    0000000a     f28003x_defaultisr.obj (.text:EPWM8_TZ_ISR)
                  000956a5    0000000a     f28003x_defaultisr.obj (.text:EQEP1_ISR)
                  000956af    0000000a     f28003x_defaultisr.obj (.text:EQEP2_ISR)
                  000956b9    0000000a     f28003x_defaultisr.obj (.text:FLASH_CORR_ERR_ISR)
                  000956c3    0000000a     f28003x_defaultisr.obj (.text:FMC_ISR)
                  000956cd    0000000a     f28003x_defaultisr.obj (.text:FPU_OVERFLOW_ISR)
                  000956d7    0000000a     f28003x_defaultisr.obj (.text:FPU_UNDERFLOW_ISR)
                  000956e1    0000000a     f28003x_defaultisr.obj (.text:FSIRXA1_ISR)
                  000956eb    0000000a     f28003x_defaultisr.obj (.text:FSIRXA2_ISR)
                  000956f5    0000000a     f28003x_defaultisr.obj (.text:FSITXA1_ISR)
                  000956ff    0000000a     f28003x_defaultisr.obj (.text:FSITXA2_ISR)
                  00095709    0000000a     f28003x_defaultisr.obj (.text:HICA_ISR)
                  00095713    0000000a     f28003x_defaultisr.obj (.text:I2CA_FIFO_ISR)
                  0009571d    0000000a     f28003x_defaultisr.obj (.text:I2CA_ISR)
                  00095727    0000000a     f28003x_defaultisr.obj (.text:I2CB_FIFO_ISR)
                  00095731    0000000a     f28003x_defaultisr.obj (.text:I2CB_ISR)
                  0009573b    0000000a     f28003x_defaultisr.obj (.text:ILLEGAL_ISR)
                  00095745    0000000a     interrupt.obj (.text:Interrupt_illegalOperationHandler)
                  0009574f    0000000a     interrupt.obj (.text:Interrupt_nmiHandler)
                  00095759    0000000a     f28003x_defaultisr.obj (.text:LINA_0_ISR)
                  00095763    0000000a     f28003x_defaultisr.obj (.text:LINA_1_ISR)
                  0009576d    0000000a     f28003x_defaultisr.obj (.text:LINB_0_ISR)
                  00095777    0000000a     f28003x_defaultisr.obj (.text:LINB_1_ISR)
                  00095781    0000000a     f28003x_defaultisr.obj (.text:MCANA_0_ISR)
                  0009578b    0000000a     f28003x_defaultisr.obj (.text:MCANA_1_ISR)
                  00095795    0000000a     f28003x_defaultisr.obj (.text:MCANA_ECC_ISR)
                  0009579f    0000000a     f28003x_defaultisr.obj (.text:MCANA_WAKE_ISR)
                  000957a9    0000000a     f28003x_defaultisr.obj (.text:MPOST_ISR)
                  000957b3    0000000a     f28003x_defaultisr.obj (.text:NMI_ISR)
                  000957bd    0000000a     f28003x_defaultisr.obj (.text:NOTUSED_ISR)
                  000957c7    0000000a     f28003x_defaultisr.obj (.text:PIE_RESERVED_ISR)
                  000957d1    0000000a     f28003x_defaultisr.obj (.text:PMBUSA_ISR)
                  000957db    0000000a     f28003x_defaultisr.obj (.text:RAM_ACC_VIOL_ISR)
                  000957e5    0000000a     f28003x_defaultisr.obj (.text:RAM_CORR_ERR_ISR)
                  000957ef    0000000a     f28003x_defaultisr.obj (.text:RTOS_ISR)
                  000957f9    0000000a     f28003x_defaultisr.obj (.text:SCIA_RX_ISR)
                  00095803    0000000a     f28003x_defaultisr.obj (.text:SCIA_TX_ISR)
                  0009580d    0000000a     f28003x_defaultisr.obj (.text:SCIB_RX_ISR)
                  00095817    0000000a     f28003x_defaultisr.obj (.text:SCIB_TX_ISR)
                  00095821    0000000a     f28003x_defaultisr.obj (.text:SDFM1DR1_ISR)
                  0009582b    0000000a     f28003x_defaultisr.obj (.text:SDFM1DR2_ISR)
                  00095835    0000000a     f28003x_defaultisr.obj (.text:SDFM1DR3_ISR)
                  0009583f    0000000a     f28003x_defaultisr.obj (.text:SDFM1DR4_ISR)
                  00095849    0000000a     f28003x_defaultisr.obj (.text:SDFM1_ISR)
                  00095853    0000000a     f28003x_defaultisr.obj (.text:SDFM2DR1_ISR)
                  0009585d    0000000a     f28003x_defaultisr.obj (.text:SDFM2DR2_ISR)
                  00095867    0000000a     f28003x_defaultisr.obj (.text:SDFM2DR3_ISR)
                  00095871    0000000a     f28003x_defaultisr.obj (.text:SDFM2DR4_ISR)
                  0009587b    0000000a     f28003x_defaultisr.obj (.text:SDFM2_ISR)
                  00095885    0000000a     f28003x_defaultisr.obj (.text:SPIA_RX_ISR)
                  0009588f    0000000a     f28003x_defaultisr.obj (.text:SPIA_TX_ISR)
                  00095899    0000000a     f28003x_defaultisr.obj (.text:SPIB_RX_ISR)
                  000958a3    0000000a     f28003x_defaultisr.obj (.text:SPIB_TX_ISR)
                  000958ad    0000000a     f28003x_defaultisr.obj (.text:SYS_ERR_ISR)
                  000958b7    0000000a     f28003x_defaultisr.obj (.text:TIMER0_ISR)
                  000958c1    0000000a     f28003x_defaultisr.obj (.text:TIMER1_ISR)
                  000958cb    0000000a     f28003x_defaultisr.obj (.text:TIMER2_ISR)
                  000958d5    0000000a     f28003x_defaultisr.obj (.text:USER10_ISR)
                  000958df    0000000a     f28003x_defaultisr.obj (.text:USER11_ISR)
                  000958e9    0000000a     f28003x_defaultisr.obj (.text:USER12_ISR)
                  000958f3    0000000a     f28003x_defaultisr.obj (.text:USER1_ISR)
                  000958fd    0000000a     f28003x_defaultisr.obj (.text:USER2_ISR)
                  00095907    0000000a     f28003x_defaultisr.obj (.text:USER3_ISR)
                  00095911    0000000a     f28003x_defaultisr.obj (.text:USER4_ISR)
                  0009591b    0000000a     f28003x_defaultisr.obj (.text:USER5_ISR)
                  00095925    0000000a     f28003x_defaultisr.obj (.text:USER6_ISR)
                  0009592f    0000000a     f28003x_defaultisr.obj (.text:USER7_ISR)
                  00095939    0000000a     f28003x_defaultisr.obj (.text:USER8_ISR)
                  00095943    0000000a     f28003x_defaultisr.obj (.text:USER9_ISR)
                  0009594d    0000000a     f28003x_defaultisr.obj (.text:WAKE_ISR)
                  00095957    0000000a     f28003x_defaultisr.obj (.text:XINT1_ISR)
                  00095961    0000000a     f28003x_defaultisr.obj (.text:XINT2_ISR)
                  0009596b    0000000a     f28003x_defaultisr.obj (.text:XINT3_ISR)
                  00095975    0000000a     f28003x_defaultisr.obj (.text:XINT4_ISR)
                  0009597f    0000000a     f28003x_defaultisr.obj (.text:XINT5_ISR)
                  00095989    0000000a     psu_persistence.obj (.text:psu_flash_other_sector)
                  00095993    0000000a     rts2800_fpu32_eabi.lib : strcmp.c.obj (.text)
                  0009599d    00000009                            : _lock.c.obj (.text)
                  000959a6    00000009                            : fd_neg28.asm.obj (.text)
                  000959af    00000008                            : copy_decompress_none.c.obj (.text:decompress:none)
                  000959b7    00000008     f28003x_codestartbranch.obj (.text)
                  000959bf    00000008     gmp_datalink.obj (.text:gmp_dev_dl_tx_ready)
                  000959c7    00000008     rts2800_fpu32_eabi.lib : strlen.c.obj (.text)
                  000959cf    00000007     board.obj (.text:ADC_init)
                  000959d6    00000007     FAPI_F28003x_EABI_v1.58.10.lib : FlashStateMachine.obj (.text:Fapi_getFsmStatus)
                  000959dd    00000007     iris_peripheral.obj (.text:alarm_led_off)
                  000959e4    00000007     iris_peripheral.obj (.text:alarm_led_on)
                  000959eb    00000007     iris_peripheral.obj (.text:beep_off)
                  000959f2    00000007     iris_peripheral.obj (.text:beep_on)
                  000959f9    00000007     iris_peripheral.obj (.text:output_led_off)
                  00095a00    00000007     iris_peripheral.obj (.text:output_led_on)
                  00095a07    00000007     psu_persistence.obj (.text:psu_flash_sequence_is_newer)
                  00095a0e    00000007     rts2800_fpu32_eabi.lib : memset.c.obj (.text)
                  00095a15    00000006     cputimer.obj (.text:CPUTimer_setEmulationMode)
                  00095a1b    00000006     rts2800_fpu32_eabi.lib : copy_zero_init.c.obj (.text:decompress:ZI)
                  00095a21    00000006     gmp_mem_presp.obj (.text:gmp_mem_persp_init)
                  00095a27    00000005     board.obj (.text:DAC_init)
                  00095a2c    00000005     board.obj (.text:EQEP_init)
                  00095a31    00000005     board.obj (.text:SCI_init)
                  00095a36    00000005     board.obj (.text:SPI_init)
                  00095a3b    00000005     gmp_datalink.obj (.text:gmp_dev_dl_msg_handled)
                  00095a40    00000005     user_main.obj (.text:mainloop)
                  00095a45    00000005     rts2800_fpu32_eabi.lib : strcpy.c.obj (.text)
                  00095a4a    00000004     ctl_divider.obj (.text:ctl_init_divider)
                  00095a4e    00000004     sysconfig_adapter.obj (.text:gmp_base_get_system_tick)
                  00095a52    00000004     sysconfig_adapter.obj (.text:gmp_csp_post_process)
                  00095a56    00000004     gmp_datalink.obj (.text:gmp_dev_dl_tx_state_done)
                  00095a5a    00000004     peripheral_driver.obj (.text:reset_bus_status)
                  00095a5e    00000002     rts2800_fpu32_eabi.lib : pre_init.c.obj (.text)
                  00095a60    00000001     ctl_main.obj (.text:ctl_mainloop)
                  00095a61    00000001     ctl_main.obj (.text:gmp_pil_sim_step)
                  00095a62    00000001     rts2800_fpu32_eabi.lib : startup.c.obj (.text)

MODULE SUMMARY

       Module                        code    ro data   rw data
       ------                        ----    -------   -------
    .\
       f28003x_codestartbranch.obj   10      0         0      
    +--+-----------------------------+-------+---------+---------+
       Total:                        10      0         0      
                                                              
    .\device_support\
       f28003x_defaultisr.obj        1373    0         0      
       f28003x_pievect.obj           0       448       0      
    +--+-----------------------------+-------+---------+---------+
       Total:                        1373    448       0      
                                                              
    .\driverlib\
       sysctl.obj                    843     0         0      
       interrupt.obj                 367     0         0      
       can.obj                       347     0         0      
       flash.obj                     322     0         0      
       gpio.obj                      285     0         0      
       fsi.obj                       146     0         0      
       sci.obj                       125     0         0      
       i2c.obj                       98      0         0      
       adc.obj                       55      0         0      
       eqep.obj                      53      0         0      
       spi.obj                       35      0         0      
       cputimer.obj                  6       0         0      
    +--+-----------------------------+-------+---------+---------+
       Total:                        2682    0         0      
                                                              
    .\gmp_src_mgr\gmp_src\
       gmp_std_port.obj              173     2279      0      
       gmp_datalink.obj              993     0         0      
       peripheral_driver.obj         820     0         0      
       gmp_pil_core.obj              578     0         0      
       gmp_process_mgr.obj           172     356       0      
       gmp_mem_presp.obj             498     0         0      
       gmp_tunable.obj               314     0         0      
       crc16.obj                     33      256       0      
       sysconfig_adapter.obj         139     0         136    
       ht16k33.obj                   265     0         0      
       ctl_component_interface.obj   13      0         0      
       ctl_divider.obj               4       0         0      
    +--+-----------------------------+-------+---------+---------+
       Total:                        4002    2891      136    
                                                              
    .\oled_driver\
       oled_driver.obj               385     552       146    
    +--+-----------------------------+-------+---------+---------+
       Total:                        385     552       146    
                                                              
    .\syscfg\
       board.obj                     7826    6         0      
       device.obj                    763     0         0      
    +--+-----------------------------+-------+---------+---------+
       Total:                        8589    6         0      
                                                              
    .\user\
       iris_peripheral.obj           2013    751       67     
       user_main.obj                 224     152       2164   
       psu_persistence.obj           672     148       26     
       ctl_main.obj                  648     0         114    
    +--+-----------------------------+-------+---------+---------+
       Total:                        3557    1051      2371   
                                                              
    .\xplt\
       xplt.peripheral.obj           1188    15        0      
    +--+-----------------------------+-------+---------+---------+
       Total:                        1188    15        0      
                                                              
    D:/software/ti/c2000/C2000Ware_5_04_00_00/libraries/flash_api/f28003x/lib/FAPI_F28003x_EABI_v1.58.10.lib
       FlashStateMachine.obj         1130    0         0      
       Program.obj                   616     0         0      
       Utilities.obj                 294     0         0      
       Read.obj                      204     0         0      
       Async.obj                     160     0         0      
       Init.obj                      50      0         6      
       Verify.obj                    15      0         0      
    +--+-----------------------------+-------+---------+---------+
       Total:                        2469    0         6      
                                                              
    D:\software\ti\ccs1281\ccs\tools\compiler\ti-cgt-c2000_22.6.1.LTS\lib\rts2800_fpu32_eabi.lib
       _printfi.c.obj                3286    66        0      
       memory.c.obj                  664     0         3      
       trgmsg.c.obj                  149     0         288    
       fopen.c.obj                   289     0         1      
       defs.c.obj                    0       0         281    
       ll_div28.asm.obj              263     0         0      
       ctype.c.obj                   0       257       0      
       s_scalbn.c.obj                169     28        0      
       fputs.c.obj                   168     2         0      
       fd_add28.asm.obj              156     0         0      
       fd_div28.asm.obj              139     0         0      
       fd_mpy28.asm.obj              131     0         0      
       setvbuf.c.obj                 124     0         0      
       fflush.c.obj                  115     0         0      
       open.c.obj                    113     0         1      
       host_device.c.obj             0       0         112    
       _io_perm.c.obj                101     0         0      
       s_frexp.c.obj                 90      8         0      
       hostlseek.c.obj               97      0         0      
       fclose.c.obj                  93      0         0      
       getdevice.c.obj               81      0         0      
       hostopen.c.obj                58      0         8      
       hostrename.c.obj              62      0         0      
       fseek.c.obj                   61      0         0      
       hostwrite.c.obj               57      0         0      
       hostread.c.obj                56      0         0      
       close.c.obj                   51      0         0      
       sprintf.c.obj                 50      0         0      
       atoi.c.obj                    49      0         0      
       _ltoa.c.obj                   48      0         0      
       copy_decompress_lzss.c.obj    48      0         0      
       vsprintf.c.obj                48      0         0      
       exit.c.obj                    41      0         6      
       autoinit.c.obj                43      0         0      
       fd_cmp28.asm.obj              42      0         0      
       l_div28.asm.obj               42      0         0      
       hostclose.c.obj               41      0         0      
       hostunlink.c.obj              36      0         0      
       s_copysign.c.obj              36      0         0      
       fd_toi28.asm.obj              33      0         0      
       fd_tol28.asm.obj              31      0         0      
       ll_cmp28.asm.obj              30      0         0      
       i_tofd28.asm.obj              29      0         0      
       memcpy.c.obj                  29      0         0      
       l_tofd28.asm.obj              28      0         0      
       unlink.c.obj                  25      0         0      
       write.c.obj                   25      0         0      
       ll_aox28.asm.obj              24      0         0      
       lseek.c.obj                   24      0         0      
       boot28.asm.obj                23      0         0      
       strncpy.c.obj                 21      0         0      
       memccpy.c.obj                 16      0         0      
       fd_sub28.asm.obj              14      0         0      
       _lock.c.obj                   9       0         4      
       assert.c.obj                  13      0         0      
       memchr.c.obj                  13      0         0      
       args_main.c.obj               12      0         0      
       strchr.c.obj                  12      0         0      
       u_div28.asm.obj               11      0         0      
       wcslen.c.obj                  11      0         0      
       strcmp.c.obj                  10      0         0      
       fd_neg28.asm.obj              9       0         0      
       copy_decompress_none.c.obj    8       0         0      
       strlen.c.obj                  8       0         0      
       memset.c.obj                  7       0         0      
       copy_zero_init.c.obj          6       0         0      
       strcpy.c.obj                  5       0         0      
       pre_init.c.obj                2       0         0      
       errno.c.obj                   0       0         1      
       startup.c.obj                 1       0         0      
    +--+-----------------------------+-------+---------+---------+
       Total:                        7586    361       705    
                                                              
       Heap:                         0       0         1024   
       Stack:                        0       0         512    
       Linker Generated:             0       152       0      
    +--+-----------------------------+-------+---------+---------+
       Grand Total:                  31841   5476      4900   


LINKER GENERATED COPY TABLES

__TI_cinit_table @ 00081188 records: 4, size/record: 4, table size: 16
	.data.2: load addr=00081100, load size=0000005c bytes, run addr=0000b800, run size=00000126 bytes, compression=lzss
	.data.1: load addr=0008115c, load size=0000001e bytes, run addr=0000b792, run size=0000006e bytes, compression=lzss
	.bss.1: load addr=00081180, load size=00000004 bytes, run addr=0000ac00, run size=00000400 bytes, compression=zero_init
	.bss.2: load addr=00081184, load size=00000004 bytes, run addr=0000b000, run size=00000792 bytes, compression=zero_init


LINKER GENERATED HANDLER TABLE

__TI_handler_table @ 0008117a records: 3, size/record: 2, table size: 6
	index: 0, handler: __TI_zero_init
	index: 1, handler: __TI_decompress_lzss
	index: 2, handler: __TI_decompress_none


GLOBAL DATA SYMBOLS: SORTED BY DATA PAGE

address     data page           name
--------    ----------------    ----
00000400      10 (00000400)     __stack

0000a800     2a0 (0000a800)     _sys_memory

0000ac00     2b0 (0000ac00)     ram_range

0000b000     2c0 (0000b000)     kp
0000b002     2c0 (0000b000)     ki
0000b004     2c0 (0000b000)     kd
0000b006     2c0 (0000b000)     tunable
0000b00e     2c0 (0000b000)     mem_persp_server
0000b016     2c0 (0000b000)     sched

0000b040     2c1 (0000b040)     pil

0000b0c0     2c3 (0000b0c0)     dl

0000b402     2d0 (0000b400)     __CIOBUF_

0000b522     2d4 (0000b500)     __TI_tmpnams

0000b6c4     2db (0000b6c0)     gpio_beep
0000b6c6     2db (0000b6c0)     gpio_alarm_led
0000b6c8     2db (0000b6c0)     gpio_output_led
0000b6ca     2db (0000b6c0)     iic_bus
0000b6cc     2db (0000b6c0)     hdc1080
0000b6d0     2db (0000b6c0)     ht16k33
0000b6f2     2db (0000b6c0)     Fapi_GlobalInit

0000b700     2dc (0000b700)     psu_voltage_fb_adc
0000b70a     2dc (0000b700)     psu_current_fb_adc

0000b740     2dd (0000b740)     psu_ctrl
0000b772     2dd (0000b740)     parmbuf
0000b77a     2dd (0000b740)     debug_uart
0000b77c     2dd (0000b740)     sys_tick_div

0000b792     2de (0000b780)     _device

0000b7f9     2df (0000b7c0)     __TI_ft_end
0000b7fa     2df (0000b7c0)     __TI_enable_exit_profile_output
0000b7fc     2df (0000b7c0)     __TI_cleanup_ptr
0000b7fe     2df (0000b7c0)     __TI_dtors_ptr

0000b800     2e0 (0000b800)     _ftable

0000b878     2e1 (0000b840)     tasks

0000b8e8     2e3 (0000b8c0)     _stream

0000b91a     2e4 (0000b900)     _lock
0000b91c     2e4 (0000b900)     _unlock
0000b91e     2e4 (0000b900)     DSPC2000_SystemTick
0000b920     2e4 (0000b900)     flag_init_cmpt
0000b922     2e4 (0000b900)     errno

00084bc0    212f (00084bc0)     F6x8

00084de8    2137 (00084dc0)     led_lut

00084e00    2138 (00084e00)     PieVectTableInit

00085164    2145 (00085140)     _ctypes_

000854b2    2152 (00085480)     dict_m1

000854c6    2153 (000854c0)     mem_regions
000854cc    2153 (000854c0)     var_tunable_count
000854cd    2153 (000854c0)     mem_regions_count


GLOBAL SYMBOLS: SORTED ALPHABETICALLY BY Name 

page  address   name                             
----  -------   ----                             
0     00095425  ADCA1_ISR                        
0     0009542f  ADCA2_ISR                        
0     00095439  ADCA3_ISR                        
0     00095443  ADCA4_ISR                        
0     0009544d  ADCA_EVT_ISR                     
0     00095457  ADCB1_ISR                        
0     00095461  ADCB2_ISR                        
0     0009546b  ADCB3_ISR                        
0     00095475  ADCB4_ISR                        
0     0009547f  ADCB_EVT_ISR                     
0     00095489  ADCC1_ISR                        
0     00095493  ADCC2_ISR                        
0     0009549d  ADCC3_ISR                        
0     000954a7  ADCC4_ISR                        
0     000954b1  ADCC_EVT_ISR                     
0     000959cf  ADC_init                         
0     00094d26  ADC_setOffsetTrimAll             
0     00094f59  ADC_setVREF                      
0     000954bb  AES_SINTREQUEST_ISR              
0     000953ee  ASYSCTL_init                     
0     000954c5  BGCRC_CLA1_ISR                   
0     000954cf  BGCRC_ISR                        
0     000949db  Board_init                       
0     000948c7  C$$EXIT                          
0     00092a1f  C$$IO$$                          
0     000954d9  CANA0_ISR                        
0     000954e3  CANA1_ISR                        
0     00094eba  CAN_clearInterruptStatus         
0     00092285  CAN_init                         
0     000950be  CAN_initModule                   
0     00093cfd  CAN_readMessage                  
0     0009452c  CAN_setBitTiming                 
0     000925d3  CAN_setupMessageObject           
0     000954ed  CLA1_1_ISR                       
0     000954f7  CLA1_2_ISR                       
0     00095501  CLA1_3_ISR                       
0     0009550b  CLA1_4_ISR                       
0     00095515  CLA1_5_ISR                       
0     0009551f  CLA1_6_ISR                       
0     00095529  CLA1_7_ISR                       
0     00095533  CLA1_8_ISR                       
0     0009553d  CLA_OVERFLOW_ISR                 
0     00095547  CLA_UNDERFLOW_ISR                
0     00095551  CLB1_ISR                         
0     0009555b  CLB2_ISR                         
0     00095565  CLB3_ISR                         
0     0009556f  CLB4_ISR                         
0     00094afb  CPUTIMER_init                    
0     00095a15  CPUTimer_setEmulationMode        
abs   00000000  Cla1ConstLoadSize                
0     00008800  Cla1ConstLoadStart               
0     00008800  Cla1ConstRunStart                
abs   00000000  Cla1ProgLoadSize                 
0     00008000  Cla1ProgLoadStart                
0     00008000  Cla1ProgRunStart                 
0     00095a27  DAC_init                         
0     00095579  DATALOG_ISR                      
0     00095583  DCC0_ISR                         
0     0009558d  DCC1_ISR                         
0     00095597  DMA_CH1_ISR                      
0     000955a1  DMA_CH2_ISR                      
0     000955ab  DMA_CH3_ISR                      
0     000955b5  DMA_CH4_ISR                      
0     000955bf  DMA_CH5_ISR                      
0     000955c9  DMA_CH6_ISR                      
0     0000b91e  DSPC2000_SystemTick              
0     00090bd9  Device_enableAllPeripherals      
0     00093882  Device_init                      
0     00094ed5  Device_initGPIO                  
0     000955d3  ECAP1_ISR                        
0     000955dd  ECAP2_ISR                        
0     000955e7  ECAP3_2_ISR                      
0     000955f1  ECAP3_ISR                        
0     0009537d  EMPTY_ISR                        
0     000955fb  EMU_ISR                          
0     00095605  EPWM1_ISR                        
0     0009560f  EPWM1_TZ_ISR                     
0     00095619  EPWM2_ISR                        
0     00095623  EPWM2_TZ_ISR                     
0     0009562d  EPWM3_ISR                        
0     00095637  EPWM3_TZ_ISR                     
0     00095641  EPWM4_ISR                        
0     0009564b  EPWM4_TZ_ISR                     
0     00095655  EPWM5_ISR                        
0     0009565f  EPWM5_TZ_ISR                     
0     00095669  EPWM6_ISR                        
0     00095673  EPWM6_TZ_ISR                     
0     0009567d  EPWM7_ISR                        
0     00095687  EPWM7_TZ_ISR                     
0     00095691  EPWM8_ISR                        
0     0009569b  EPWM8_TZ_ISR                     
0     00087000  EPWM_init                        
0     000956a5  EQEP1_ISR                        
0     000956af  EQEP2_ISR                        
0     00095a2c  EQEP_init                        
0     0009435c  EQEP_setInputPolarity            
0     00084bc0  F6x8                             
0     000956b9  FLASH_CORR_ERR_ISR               
0     000956c3  FMC_ISR                          
0     000956cd  FPU_OVERFLOW_ISR                 
0     000956d7  FPU_UNDERFLOW_ISR                
0     000956e1  FSIRXA1_ISR                      
0     000956eb  FSIRXA2_ISR                      
0     00094f8b  FSIRX_init                       
0     000956f5  FSITXA1_ISR                      
0     000956ff  FSITXA2_ISR                      
0     0009476a  FSITX_init                       
0     00095036  FSI_clearRxModuleReset           
0     00095092  FSI_clearTxModuleReset           
0     0009524d  FSI_performRxInitialization      
0     000947c4  FSI_performTxInitialization      
0     000950fd  FSI_resetRxModule                
0     00095201  FSI_resetTxModule                
0     0000b6f2  Fapi_GlobalInit                  
0     00094f0b  Fapi_WriteReadBack               
0     000947f0  Fapi_calculateFletcherChecksum   
0     0009538a  Fapi_calculateOtpChecksum        
0     00095337  Fapi_checkFsmForReady            
0     00093093  Fapi_checkRegionForValueBy16bits 
0     00093645  Fapi_configureFMAC               
0     0009481c  Fapi_divideUnsignedLong          
0     0009530a  Fapi_doVerifyBy16bits            
0     00094d80  Fapi_flushPipeline               
0     000959d6  Fapi_getFsmStatus                
0     000944c8  Fapi_initializeAPI               
0     00094192  Fapi_isAddressValid              
0     00094c4a  Fapi_issueAsyncCommand           
0     00092e9c  Fapi_issueAsyncCommandWithAddress
0     00093a48  Fapi_issueFsmCommand             
0     00090e5d  Fapi_issueProgrammingCommand     
0     000943fb  Fapi_loopRegionForValueBy16bits  
0     000953f9  Fapi_scaleCycleValues            
0     00088fc9  Fapi_setActiveFlashBank          
0     0009455d  Fapi_setupBankSectorEnable       
0     00094e2e  Fapi_setupSectorsForWrite        
0     00008000  Flash_initModule                 
0     00095214  GPIO_init                        
0     00093e11  GPIO_setAnalogMode               
0     0009498f  GPIO_setControllerCore           
0     00094caa  GPIO_setDirectionMode            
0     00093fe3  GPIO_setPadConfig                
0     000946b0  GPIO_setPinConfig                
0     000949b5  GPIO_setQualificationMode        
0     00095709  HICA_ISR                         
0     000948f0  HOSTclose                        
0     00093707  HOSTlseek                        
0     00094242  HOSTopen                         
0     000942ed  HOSTread                         
0     0009409e  HOSTrename                       
0     00094a6d  HOSTunlink                       
0     0009427c  HOSTwrite                        
0     00095713  I2CA_FIFO_ISR                    
0     0009571d  I2CA_ISR                         
0     00095727  I2CB_FIFO_ISR                    
0     00095731  I2CB_ISR                         
0     00095295  I2C_clearInterruptStatus         
0     00095227  I2C_enableInterrupt              
0     000938de  I2C_init                         
0     00094022  I2C_initController               
0     0009573b  ILLEGAL_ISR                      
0     000940dc  INTERRUPT_init                   
0     000936a6  INT_IRIS_CAN_0_ISR               
0     0009504d  INT_IRIS_CAN_1_ISR               
0     000952a6  INT_IRIS_UART_RS232_RX_ISR       
0     00093e55  INT_IRIS_UART_USB_RX_ISR         
0     00091ab4  IRIS_ADCA_init                   
0     0009181d  IRIS_ADCB_init                   
0     00091e3d  IRIS_ADCC_init                   
0     00092285  IRIS_CAN_init                    
0     00094b84  IRIS_DACA_init                   
0     00094ba5  IRIS_DACB_init                   
0     00092d16  IRIS_EQEP1_init                  
0     00092d98  IRIS_EQEP2_init                  
0     00095111  IRIS_GPIO1_init                  
0     00095125  IRIS_GPIO2_init                  
0     00095139  IRIS_GPIO3_init                  
0     0009514d  IRIS_GPIO4_init                  
0     00095161  IRIS_GPIO5_init                  
0     00095175  IRIS_GPIO6_init                  
0     00095189  IRIS_GPIO_SPI_RST_init           
0     000938de  IRIS_IIC_init                    
0     0009519d  IRIS_LED1_init                   
0     000951b1  IRIS_LED2_init                   
0     00093edd  IRIS_SPI_FPGA_BRIDGE_init        
0     00093c6e  IRIS_SPI_OUT_init                
0     0009310e  IRIS_UART_RS232_init             
0     00092e1a  IRIS_UART_USB_init               
0     000953be  Interrupt_defaultHandler         
0     00093b8a  Interrupt_disable                
0     00094391  Interrupt_enable                 
0     00095745  Interrupt_illegalOperationHandler
0     00094060  Interrupt_initModule             
[...]
0     000927df  scalbn                           
0     000927df  scalbnl                          
0     00092888  fputs                            
0     0009291d  puts                             
0     00092930  __c28xabi_addd                   
0     000929cc  __TI_writemsg                    
0     00092a1f  C$$IO$$                          
0     00092a24  __TI_readmsg                     
0     00092a61  gmp_dev_dl_tx_warp               
0     00092af2  oled_init                        
0     00092b7f  __c28xabi_divd                   
0     00092c0a  psu_persistence_init             
0     00092c93  __c28xabi_mpyd                   
0     00092d16  IRIS_EQEP1_init                  
0     00092d98  IRIS_EQEP2_init                  
0     00092e1a  IRIS_UART_USB_init               
0     00092e9c  Fapi_issueAsyncCommandWithAddress
0     00092f9a  ht16k33_read_keys                
0     00093017  setvbuf                          
0     00093093  Fapi_checkRegionForValueBy16bits 
0     0009310e  IRIS_UART_RS232_init             
0     00093189  gmp_hal_iic_write_reg            
0     00093204  tsk_psu_encoder                  
0     000932f1  __TI_doflush                     
0     00093320  fflush                           
0     00093364  gmp_hal_uart_write               
0     000933d6  open                             
0     00093447  ht16k33_init                     
0     000934b1  gmp_hal_iic_write_cmd            
0     0009357d  __TI_wrt_ok                      
0     000935b7  __TI_rd_ok                       
0     000935e2  tsk_psu_persistence              
0     00093645  Fapi_configureFMAC               
0     000936a6  INT_IRIS_CAN_0_ISR               
0     00093707  HOSTlseek                        
0     00093768  tsk_startup                      
0     00093825  __TI_closefile                   
0     00093869  fclose                           
0     00093882  Device_init                      
0     000938de  I2C_init                         
0     000938de  IRIS_IIC_init                    
0     0009393a  setup_peripheral                 
0     00093995  frexp                            
0     00093995  frexpl                           
0     000939ef  gmp_scheduler_dispatch           
0     00093a48  Fapi_issueFsmCommand             
0     00093a9e  finddevice                       
0     00093ab9  getdevice                        
0     00093aef  gmp_dev_dl_tx_append_u32         
0     00093b8a  Interrupt_disable                
0     00093bd6  oled_clear                       
0     00093c6e  IRIS_SPI_OUT_init                
0     00093cfd  CAN_readMessage                  
0     00093d42  SysCtl_selectXTAL                
0     00093e11  GPIO_setAnalogMode               
0     00093e55  INT_IRIS_UART_USB_RX_ISR         
0     00093edd  IRIS_SPI_FPGA_BRIDGE_init        
0     00093f20  initI2C                          
0     00093f63  oled_show_char                   
0     00093fa3  tsk_dl_debug_device              
0     00093fe3  GPIO_setPadConfig                
0     00094022  I2C_initController               
0     00094060  Interrupt_initModule             
0     0009409e  HOSTrename                       
0     000940dc  INTERRUPT_init                   
0     00094119  fseek                            
0     00094119  fseeko                           
0     00094156  init                             
0     00094192  Fapi_isAddressValid              
0     00094208  gmp_dev_dl_default_rx_handler    
0     00094242  HOSTopen                         
0     0009427c  HOSTwrite                        
0     000942b5  gmp_dev_dl_push_str              
0     000942ed  HOSTread                         
0     00094325  ctl_init                         
0     0009435c  EQEP_setInputPolarity            
0     00094391  Interrupt_enable                 
0     000943fb  Fapi_loopRegionForValueBy16bits  
0     0009442f  gmp_csp_startup                  
0     00094462  close                            
0     00094495  tsk_psu_alarm                    
0     000944c8  Fapi_initializeAPI               
0     000944fa  sprintf                          
0     0009452c  CAN_setBitTiming                 
0     0009455d  Fapi_setupBankSectorEnable       
0     0009458e  SysCtl_selectOscSource           
0     000945bf  atoi                             
0     00094620  __TI_decompress_lzss             
0     00094650  __TI_ltoa                        
0     00094680  vsprintf                         
0     000946b0  GPIO_setPinConfig                
0     000946df  gmp_scheduler_add_task           
0     0009470e  gmp_dev_dl_tx_append_u16         
0     0009473c  gmp_hal_gpio_write               
0     0009476a  FSITX_init                       
0     0009476a  myBoardFSI0_FSITX_init           
0     00094797  oled_set_position                
0     000947c4  FSI_performTxInitialization      
0     000947f0  Fapi_calculateFletcherChecksum   
0     0009481c  Fapi_divideUnsignedLong          
0     00094848  __TI_auto_init_nobinit_nopinit   
0     00094873  __c28xabi_cmpd                   
0     0009489d  __c28xabi_divl                   
0     000948ac  __c28xabi_modl                   
0     000948ba  __c28xabi_divul                  
0     000948c1  __c28xabi_modul                  
0     000948c7  C$$EXIT                          
0     000948c7  abort                            
0     000948c9  exit                             
0     000948f0  HOSTclose                        
0     00094919  gmp_base_print_c28xsyscfg        
0     00094941  gmp_dev_dl_tx_append_payload     
0     0009498f  GPIO_setControllerCore           
0     000949b5  GPIO_setQualificationMode        
0     000949db  Board_init                       
0     00094a25  gmp_scheduler_init               
0     00094a6d  HOSTunlink                       
0     00094a91  copysign                         
0     00094a91  copysignl                        
0     00094ab5  SCI_setConfig                    
0     00094ad8  SPI_setConfig                    
0     00094afb  CPUTIMER_init                    
0     00094afb  myCPUTIMER0_init                 
0     00094b1e  SCI_readCharArray                
0     00094b40  ht16k33_update_display           
0     00094b62  oled_show_str                    
0     00094b84  IRIS_DACA_init                   
0     00094ba5  IRIS_DACB_init                   
0     00094bc6  SysCtl_selectXTALSingleEnded     
0     00094be7  gmp_base_calculate_crc16         
0     00094c29  __c28xabi_dtoi                   
0     00094c4a  Fapi_issueAsyncCommand           
0     00094caa  GPIO_setDirectionMode            
0     00094cc9  gmp_dev_dl_reply_nack            
0     00094ce8  gmp_dev_dl_tx_append_u8          
0     00094d07  __c28xabi_dtol                   
0     00094d26  ADC_setOffsetTrimAll             
0     00094d44  SCI_clearInterruptStatus         
0     00094d62  __c28xabi_cmpll                  
0     00094d74  __c28xabi_cmpull                 
0     00094d80  Fapi_flushPipeline               
0     00094d9d  SYNC_init                        
0     00094dba  flush_dl_tx_buffer               
0     00094df4  __c28xabi_itod                   
0     00094e11  memcpy                           
0     00094e2e  Fapi_setupSectorsForWrite        
0     00094e4a  Interrupt_initVectorTable        
0     00094e66  ctl_init_psu_mode_detection      
0     00094e9e  __c28xabi_ltod                   
0     00094eba  CAN_clearInterruptStatus         
0     00094ed5  Device_initGPIO                  
0     00094ef0  flush_dl_rx_buffer               
0     00094f0b  Fapi_WriteReadBack               
0     00094f25  SCI_enableInterrupt              
0     00094f59  ADC_setVREF                      
0     00094f72  OLED_WR_Byte                     
0     00094f8b  FSIRX_init                       
0     00094f8b  myBoardFSI0_FSIRX_init           
0     00094fa4  remove                           
0     00094fa4  unlink                           
0     00094fbd  write                            
0     00094fee  __c28xabi_andll                  
0     00094ff6  __c28xabi_orll                   
0     00094ffe  __c28xabi_xorll                  
0     00095006  lseek                            
0     0009501e  update_led_content_8byte         
0     00095036  FSI_clearRxModuleReset           
0     0009504d  INT_IRIS_CAN_1_ISR               
0     00095064  gmp_step_system_tick             
0     0009507b  _c_int00                         
0     00095092  FSI_clearTxModuleReset           
0     000950a8  ctl_init_psu_protection          
0     000950be  CAN_initModule                   
0     000950d3  SysCtl_configureType             
0     000950e8  strncpy                          
0     000950fd  FSI_resetRxModule                
0     00095111  IRIS_GPIO1_init                  
0     00095125  IRIS_GPIO2_init                  
0     00095139  IRIS_GPIO3_init                  
0     0009514d  IRIS_GPIO4_init                  
0     00095161  IRIS_GPIO5_init                  
0     00095175  IRIS_GPIO6_init                  
0     00095189  IRIS_GPIO_SPI_RST_init           
0     0009519d  IRIS_LED1_init                   
0     000951b1  IRIS_LED2_init                   
0     000951c5  gmp_dev_dl_tx_request_cmd        
0     00095201  FSI_resetTxModule                
0     00095214  GPIO_init                        
0     00095227  I2C_enableInterrupt              
0     0009524d  FSI_performRxInitialization      
0     00095295  I2C_clearInterruptStatus         
0     000952a6  INT_IRIS_UART_RS232_RX_ISR       
0     000952b7  main                             
0     000952d9  tsk_LED_flush                    
0     000952ea  gmp_dev_dl_init                  
0     000952fa  memccpy                          
0     0009530a  Fapi_doVerifyBy16bits            
0     00095319  gmp_dev_dl_reply_ack_null        
0     00095328  gmp_dev_dl_tx_request            
0     00095337  Fapi_checkFsmForReady            
0     00095361  psu_write_output_switch          
0     0009536f  __c28xabi_subd                   
0     0009537d  EMPTY_ISR                        
0     0009538a  Fapi_calculateOtpChecksum        
0     00095397  ctl_init_adc_channel             
0     000953a4  _abort_msg                       
0     000953b1  memchr                           
0     000953be  Interrupt_defaultHandler         
0     000953ca  gmp_pil_sim_init                 
0     000953d6  _args_main                       
0     000953e2  strchr                           
0     000953ee  ASYSCTL_init                     
0     000953f9  Fapi_scaleCycleValues            
0     0009540f  __c28xabi_divu                   
0     00095414  __c28xabi_modu                   
0     0009541a  wcslen                           
0     00095425  ADCA1_ISR                        
0     0009542f  ADCA2_ISR                        
0     00095439  ADCA3_ISR                        
0     00095443  ADCA4_ISR                        
0     0009544d  ADCA_EVT_ISR                     
0     00095457  ADCB1_ISR                        
0     00095461  ADCB2_ISR                        
0     0009546b  ADCB3_ISR                        
0     00095475  ADCB4_ISR                        
0     0009547f  ADCB_EVT_ISR                     
0     00095489  ADCC1_ISR                        
0     00095493  ADCC2_ISR                        
0     0009549d  ADCC3_ISR                        
0     000954a7  ADCC4_ISR                        
0     000954b1  ADCC_EVT_ISR                     
0     000954bb  AES_SINTREQUEST_ISR              
0     000954c5  BGCRC_CLA1_ISR                   
0     000954cf  BGCRC_ISR                        
0     000954d9  CANA0_ISR                        
0     000954e3  CANA1_ISR                        
0     000954ed  CLA1_1_ISR                       
0     000954f7  CLA1_2_ISR                       
0     00095501  CLA1_3_ISR                       
0     0009550b  CLA1_4_ISR                       
0     00095515  CLA1_5_ISR                       
0     0009551f  CLA1_6_ISR                       
0     00095529  CLA1_7_ISR                       
0     00095533  CLA1_8_ISR                       
0     0009553d  CLA_OVERFLOW_ISR                 
0     00095547  CLA_UNDERFLOW_ISR                
0     00095551  CLB1_ISR                         
0     0009555b  CLB2_ISR                         
0     00095565  CLB3_ISR                         
0     0009556f  CLB4_ISR                         
0     00095579  DATALOG_ISR                      
0     00095583  DCC0_ISR                         
0     0009558d  DCC1_ISR                         
0     00095597  DMA_CH1_ISR                      
0     000955a1  DMA_CH2_ISR                      
0     000955ab  DMA_CH3_ISR                      
0     000955b5  DMA_CH4_ISR                      
0     000955bf  DMA_CH5_ISR                      
0     000955c9  DMA_CH6_ISR                      
0     000955d3  ECAP1_ISR                        
0     000955dd  ECAP2_ISR                        
0     000955e7  ECAP3_2_ISR                      
0     000955f1  ECAP3_ISR                        
0     000955fb  EMU_ISR                          
0     00095605  EPWM1_ISR                        
0     0009560f  EPWM1_TZ_ISR                     
0     00095619  EPWM2_ISR                        
0     00095623  EPWM2_TZ_ISR                     
0     0009562d  EPWM3_ISR                        
0     00095637  EPWM3_TZ_ISR                     
0     00095641  EPWM4_ISR                        
0     0009564b  EPWM4_TZ_ISR                     
0     00095655  EPWM5_ISR                        
0     0009565f  EPWM5_TZ_ISR                     
0     00095669  EPWM6_ISR                        
0     00095673  EPWM6_TZ_ISR                     
0     0009567d  EPWM7_ISR                        
0     00095687  EPWM7_TZ_ISR                     
0     00095691  EPWM8_ISR                        
0     0009569b  EPWM8_TZ_ISR                     
0     000956a5  EQEP1_ISR                        
0     000956af  EQEP2_ISR                        
0     000956b9  FLASH_CORR_ERR_ISR               
0     000956c3  FMC_ISR                          
0     000956cd  FPU_OVERFLOW_ISR                 
0     000956d7  FPU_UNDERFLOW_ISR                
0     000956e1  FSIRXA1_ISR                      
0     000956eb  FSIRXA2_ISR                      
0     000956f5  FSITXA1_ISR                      
0     000956ff  FSITXA2_ISR                      
0     00095709  HICA_ISR                         
0     00095713  I2CA_FIFO_ISR                    
0     0009571d  I2CA_ISR                         
0     00095727  I2CB_FIFO_ISR                    
0     00095731  I2CB_ISR                         
0     0009573b  ILLEGAL_ISR                      
0     00095745  Interrupt_illegalOperationHandler
0     0009574f  Interrupt_nmiHandler             
0     00095759  LINA_0_ISR                       
0     00095763  LINA_1_ISR                       
0     0009576d  LINB_0_ISR                       
0     00095777  LINB_1_ISR                       
0     00095781  MCANA_0_ISR                      
0     0009578b  MCANA_1_ISR                      
0     00095795  MCANA_ECC_ISR                    
0     0009579f  MCANA_WAKE_ISR                   
0     000957a9  MPOST_ISR                        
0     000957b3  NMI_ISR                          
0     000957bd  NOTUSED_ISR                      
0     000957c7  PIE_RESERVED_ISR                 
0     000957d1  PMBUSA_ISR                       
0     000957db  RAM_ACC_VIOL_ISR                 
0     000957e5  RAM_CORR_ERR_ISR                 
0     000957ef  RTOS_ISR                         
0     000957f9  SCIA_RX_ISR                      
0     00095803  SCIA_TX_ISR                      
0     0009580d  SCIB_RX_ISR                      
0     00095817  SCIB_TX_ISR                      
0     00095821  SDFM1DR1_ISR                     
0     0009582b  SDFM1DR2_ISR                     
0     00095835  SDFM1DR3_ISR                     
0     0009583f  SDFM1DR4_ISR                     
0     00095849  SDFM1_ISR                        
0     00095853  SDFM2DR1_ISR                     
0     0009585d  SDFM2DR2_ISR                     
0     00095867  SDFM2DR3_ISR                     
0     00095871  SDFM2DR4_ISR                     
0     0009587b  SDFM2_ISR                        
0     00095885  SPIA_RX_ISR                      
0     0009588f  SPIA_TX_ISR                      
0     00095899  SPIB_RX_ISR                      
0     000958a3  SPIB_TX_ISR                      
0     000958ad  SYS_ERR_ISR                      
0     000958b7  TIMER0_ISR                       
0     000958c1  TIMER1_ISR                       
0     000958cb  TIMER2_ISR                       
0     000958d5  USER10_ISR                       
0     000958df  USER11_ISR                       
0     000958e9  USER12_ISR                       
0     000958f3  USER1_ISR                        
0     000958fd  USER2_ISR                        
0     00095907  USER3_ISR                        
0     00095911  USER4_ISR                        
0     0009591b  USER5_ISR                        
0     00095925  USER6_ISR                        
0     0009592f  USER7_ISR                        
0     00095939  USER8_ISR                        
0     00095943  USER9_ISR                        
0     0009594d  WAKE_ISR                         
0     00095957  XINT1_ISR                        
0     00095961  XINT2_ISR                        
0     0009596b  XINT3_ISR                        
0     00095975  XINT4_ISR                        
0     0009597f  XINT5_ISR                        
0     00095993  strcmp                           
0     0009599d  _register_unlock                 
0     000959a1  _register_lock                   
0     000959a5  _nop                             
0     000959a6  __c28xabi_negd                   
0     000959af  __TI_decompress_none             
0     000959bf  gmp_dev_dl_tx_ready              
0     000959c7  strlen                           
0     000959cf  ADC_init                         
0     000959d6  Fapi_getFsmStatus                
0     000959dd  alarm_led_off                    
0     000959e4  alarm_led_on                     
0     000959eb  beep_off                         
0     000959f2  beep_on                          
0     000959f9  output_led_off                   
0     00095a00  output_led_on                    
0     00095a0e  memset                           
0     00095a15  CPUTimer_setEmulationMode        
0     00095a1b  __TI_zero_init                   
0     00095a21  gmp_mem_persp_init               
0     00095a27  DAC_init                         
0     00095a2c  EQEP_init                        
0     00095a31  SCI_init                         
0     00095a36  SPI_init                         
0     00095a3b  gmp_dev_dl_msg_handled           
0     00095a40  mainloop                         
0     00095a45  strcpy                           
0     00095a4a  ctl_init_divider                 
0     00095a4e  gmp_base_get_system_tick         
0     00095a52  gmp_csp_post_process             
0     00095a56  gmp_dev_dl_tx_state_done         
0     00095a5e  _system_pre_init                 
0     00095a60  ctl_mainloop                     
0     00095a61  gmp_pil_sim_step                 
0     00095a62  _system_post_cinit               
abs   00000000  Cla1ConstLoadSize                
abs   00000000  Cla1ProgLoadSize                 
abs   000000fe  RamfuncsLoadSize                 
abs   000000fe  RamfuncsRunSize                  
abs   00000200  __TI_STACK_SIZE                  
abs   00000400  __TI_SYSMEM_SIZE                 
abs   ffffffff  __TI_pprof_out_hndl              
abs   ffffffff  __TI_prof_data_size              
abs   ffffffff  __TI_prof_data_start             
n/a   UNDEFED   __c_args__                       

[510 symbols]
